Gate de calidad sobre train: 549/588 targets limpios
`torch_dtype` is deprecated! Use `dtype` instead!
Loading checkpoint shards:   0%|          | 0/2 [00:00<?, ?it/s]Loading checkpoint shards:  50%|█████     | 1/2 [00:01<00:01,  1.03s/it]Loading checkpoint shards: 100%|██████████| 2/2 [00:01<00:00,  1.66it/s]Loading checkpoint shards: 100%|██████████| 2/2 [00:01<00:00,  1.50it/s]

Train: 549  |  Held-out: 112  |  validacion: 20
L2: 0.08  |  step_size: 0.00025 (cosine)  |  posiciones: 1  |  anchor: goal_all
  [prompt] parche sobre 15..24 (10 tokens) = ['On', ' which', ' continent', ' is', ' the', ' Amazon', ' rain', 'forest', ' located', '?']
        antes: ['<|end_header_id|>', '\n\n']   despues: ['<|eot_id|>', '<|start_header_id|>']
  [prompt_de] parche sobre 15..28 (14 tokens) = ['Auf', ' wel', 'chem', ' Kont', 'inent', ' liegt', ' der', ' Amazon', 'as', '-', 'Reg', 'en', 'wald', '?']
        antes: ['<|end_header_id|>', '\n\n']   despues: ['<|eot_id|>', '<|start_header_id|>']
  [prompt_fr] parche sobre 15..25 (11 tokens) = ['Sur', ' quel', ' continent', ' se', ' trouve', ' la', ' for', 'êt', ' amazon', 'ienne', '?']
        antes: ['<|end_header_id|>', '\n\n']   despues: ['<|eot_id|>', '<|start_header_id|>']
  largo del goal en train: media 10.3  min 4  max 26  (el mismo v se suma en cada posicion)
Loss: CE sobre los primeros 8 tokens  |  entradas: ['prompt', 'prompt_de', 'prompt_fr']
  prompt: 549/549 filas de train usables
  prompt_de: 549/549 filas de train usables
  prompt_fr: 549/549 filas de train usables
Epochs: 10  |  batch: 28 (20 batches/epoch)  |  steps/batch: 20
Checkpoint: mejor por CE held-out
======================================================================

######################################################################
EPOCH 1/10
######################################################################
  [batch 1/20] CE=3.4889  norma=0.203413  lr=2.50e-04
  [batch 2/20] CE=1.8328  norma=0.332739  lr=2.50e-04
  [batch 3/20] CE=0.6657  norma=0.393768  lr=2.50e-04
  [batch 4/20] CE=0.7332  norma=0.435393  lr=2.50e-04
  [batch 5/20] CE=0.6330  norma=0.480640  lr=2.50e-04
  [batch 6/20] CE=0.6509  norma=0.511777  lr=2.49e-04
  [batch 7/20] CE=0.6168  norma=0.554214  lr=2.49e-04
  [batch 8/20] CE=0.7610  norma=0.585504  lr=2.49e-04
  [batch 9/20] CE=0.7584  norma=0.626510  lr=2.49e-04
  [batch 10/20] CE=0.7647  norma=0.639365  lr=2.48e-04
  [batch 11/20] CE=0.7892  norma=0.666891  lr=2.48e-04
  [batch 12/20] CE=0.5686  norma=0.682306  lr=2.48e-04
  [batch 13/20] CE=0.6744  norma=0.702310  lr=2.47e-04
  [batch 14/20] CE=0.7195  norma=0.701185  lr=2.47e-04
  [batch 15/20] CE=0.6476  norma=0.713543  lr=2.47e-04
  [batch 16/20] CE=0.8680  norma=0.736539  lr=2.46e-04
  [batch 17/20] CE=0.6550  norma=0.754024  lr=2.46e-04
  [batch 18/20] CE=0.8185  norma=0.770718  lr=2.45e-04
  [batch 19/20] CE=0.6692  norma=0.789078  lr=2.45e-04
  [batch 20/20] CE=0.7125  norma=0.810850  lr=2.44e-04
  held-out head CE por entrada: prompt=0.8618  prompt_de=1.2182  prompt_fr=1.2962

Epoch 1: CE train (trayectoria)=0.9014  norma=0.810850
  CE head del checkpoint:  train=0.7939   held-out=1.1254   brecha=+0.3315
  held-out CE  head(primeros 5): con parche=1.1254  sin parche=5.2026  delta=-4.0772
               toda la respuesta      : con parche=0.5536  sin parche=1.5987  delta=-1.0451
  * mejor HELD-OUT hasta ahora (head CE 1.1254)
  * mejor TRAIN hasta ahora (head CE 0.7939)
----------------------------------------------------------------------

######################################################################
EPOCH 2/10
######################################################################
  [batch 1/20] CE=0.5842  norma=0.804605  lr=2.43e-04
  [batch 2/20] CE=0.5933  norma=0.817578  lr=2.43e-04
  [batch 3/20] CE=0.4313  norma=0.823988  lr=2.42e-04
  [batch 4/20] CE=0.5331  norma=0.831808  lr=2.41e-04
  [batch 5/20] CE=0.4788  norma=0.838581  lr=2.41e-04
  [batch 6/20] CE=0.4664  norma=0.846699  lr=2.40e-04
  [batch 7/20] CE=0.4820  norma=0.852032  lr=2.39e-04
  [batch 8/20] CE=0.5858  norma=0.856676  lr=2.38e-04
  [batch 9/20] CE=0.5558  norma=0.874386  lr=2.37e-04
  [batch 10/20] CE=0.6485  norma=0.871740  lr=2.36e-04
  [batch 11/20] CE=0.6211  norma=0.871585  lr=2.36e-04
  [batch 12/20] CE=0.3876  norma=0.872810  lr=2.35e-04
  [batch 13/20] CE=0.5242  norma=0.882671  lr=2.34e-04
  [batch 14/20] CE=0.6198  norma=0.874017  lr=2.33e-04
  [batch 15/20] CE=0.4899  norma=0.877422  lr=2.32e-04
  [batch 16/20] CE=0.7537  norma=0.874905  lr=2.31e-04
  [batch 17/20] CE=0.5588  norma=0.882480  lr=2.30e-04
  [batch 18/20] CE=0.7217  norma=0.884579  lr=2.28e-04
  [batch 19/20] CE=0.6018  norma=0.885148  lr=2.27e-04
  [batch 20/20] CE=0.6012  norma=0.887023  lr=2.26e-04
  held-out head CE por entrada: prompt=0.9853  prompt_de=1.0175  prompt_fr=0.9982

Epoch 2: CE train (trayectoria)=0.5619  norma=0.887023
  CE head del checkpoint:  train=0.7576   held-out=1.0003   brecha=+0.2428
  held-out CE  head(primeros 5): con parche=1.0003  sin parche=5.2026  delta=-4.2022
               toda la respuesta      : con parche=0.5116  sin parche=1.5987  delta=-1.0871
  * mejor HELD-OUT hasta ahora (head CE 1.0003)
  * mejor TRAIN hasta ahora (head CE 0.7576)
----------------------------------------------------------------------

######################################################################
EPOCH 3/10
######################################################################
  [batch 1/20] CE=0.5425  norma=0.881401  lr=2.25e-04
  [batch 2/20] CE=0.4880  norma=0.886548  lr=2.24e-04
  [batch 3/20] CE=0.3485  norma=0.885736  lr=2.23e-04
  [batch 4/20] CE=0.4459  norma=0.883003  lr=2.21e-04
  [batch 5/20] CE=0.4158  norma=0.885042  lr=2.20e-04
  [batch 6/20] CE=0.3907  norma=0.888417  lr=2.19e-04
  [batch 7/20] CE=0.3828  norma=0.890191  lr=2.18e-04
  [batch 8/20] CE=0.4819  norma=0.886375  lr=2.16e-04
  [batch 9/20] CE=0.4492  norma=0.893360  lr=2.15e-04
  [batch 10/20] CE=0.5562  norma=0.897208  lr=2.13e-04
  [batch 11/20] CE=0.5935  norma=0.900283  lr=2.12e-04
  [batch 12/20] CE=0.3056  norma=0.899396  lr=2.11e-04
  [batch 13/20] CE=0.4681  norma=0.896897  lr=2.09e-04
  [batch 14/20] CE=0.6003  norma=0.892432  lr=2.08e-04
  [batch 15/20] CE=0.4031  norma=0.889435  lr=2.06e-04
  [batch 16/20] CE=0.6030  norma=0.896803  lr=2.05e-04
  [batch 17/20] CE=0.5088  norma=0.901572  lr=2.03e-04
  [batch 18/20] CE=0.6133  norma=0.903666  lr=2.02e-04
  [batch 19/20] CE=0.4486  norma=0.903558  lr=2.00e-04
  [batch 20/20] CE=0.5051  norma=0.911090  lr=1.99e-04
  held-out head CE por entrada: prompt=0.6492  prompt_de=0.9655  prompt_fr=1.0377

Epoch 3: CE train (trayectoria)=0.4775  norma=0.911090
  CE head del checkpoint:  train=0.7725   held-out=0.8841   brecha=+0.1116
  held-out CE  head(primeros 5): con parche=0.8841  sin parche=5.2026  delta=-4.3184
               toda la respuesta      : con parche=0.4619  sin parche=1.5987  delta=-1.1367
  * mejor HELD-OUT hasta ahora (head CE 0.8841)
----------------------------------------------------------------------

######################################################################
EPOCH 4/10
######################################################################
  [batch 1/20] CE=0.4855  norma=0.906263  lr=1.97e-04
  [batch 2/20] CE=0.4424  norma=0.909932  lr=1.95e-04
  [batch 3/20] CE=0.3175  norma=0.904868  lr=1.94e-04
  [batch 4/20] CE=0.3920  norma=0.902244  lr=1.92e-04
  [batch 5/20] CE=0.4081  norma=0.893721  lr=1.90e-04
  [batch 6/20] CE=0.4029  norma=0.894135  lr=1.89e-04
  [batch 7/20] CE=0.3110  norma=0.898953  lr=1.87e-04
  [batch 8/20] CE=0.4135  norma=0.900680  lr=1.85e-04
  [batch 9/20] CE=0.3984  norma=0.907702  lr=1.84e-04
  [batch 10/20] CE=0.4669  norma=0.911283  lr=1.82e-04
  [batch 11/20] CE=0.5479  norma=0.908619  lr=1.80e-04
  [batch 12/20] CE=0.2854  norma=0.905429  lr=1.78e-04
  [batch 13/20] CE=0.4292  norma=0.906636  lr=1.76e-04
  [batch 14/20] CE=0.5674  norma=0.905007  lr=1.75e-04
  [batch 15/20] CE=0.3416  norma=0.904706  lr=1.73e-04
  [batch 16/20] CE=0.5730  norma=0.906743  lr=1.71e-04
  [batch 17/20] CE=0.4586  norma=0.906869  lr=1.69e-04
  [batch 18/20] CE=0.5389  norma=0.906886  lr=1.67e-04
  [batch 19/20] CE=0.4252  norma=0.903759  lr=1.66e-04
  [batch 20/20] CE=0.4368  norma=0.902234  lr=1.64e-04
  held-out head CE por entrada: prompt=1.0658  prompt_de=1.1046  prompt_fr=1.0515

Epoch 4: CE train (trayectoria)=0.4321  norma=0.902234
  CE head del checkpoint:  train=0.9236   held-out=1.0739   brecha=+0.1504
  held-out CE  head(primeros 5): con parche=1.0739  sin parche=5.2026  delta=-4.1286
               toda la respuesta      : con parche=0.5517  sin parche=1.5987  delta=-1.0470
----------------------------------------------------------------------

######################################################################
EPOCH 5/10
######################################################################
  [batch 1/20] CE=0.4428  norma=0.899346  lr=1.62e-04
  [batch 2/20] CE=0.4377  norma=0.899431  lr=1.60e-04
  [batch 3/20] CE=0.3281  norma=0.896369  lr=1.58e-04
  [batch 4/20] CE=0.3790  norma=0.898483  lr=1.56e-04
  [batch 5/20] CE=0.4449  norma=0.895380  lr=1.54e-04
  [batch 6/20] CE=0.4085  norma=0.897221  lr=1.52e-04
  [batch 7/20] CE=0.3059  norma=0.898896  lr=1.50e-04
  [batch 8/20] CE=0.4098  norma=0.902811  lr=1.48e-04
  [batch 9/20] CE=0.3983  norma=0.903069  lr=1.47e-04
  [batch 10/20] CE=0.4448  norma=0.901943  lr=1.45e-04
  [batch 11/20] CE=0.4766  norma=0.904295  lr=1.43e-04
  [batch 12/20] CE=0.2608  norma=0.903709  lr=1.41e-04
  [batch 13/20] CE=0.4009  norma=0.903324  lr=1.39e-04
  [batch 14/20] CE=0.5460  norma=0.900844  lr=1.37e-04
  [batch 15/20] CE=0.3024  norma=0.900381  lr=1.35e-04
  [batch 16/20] CE=0.5625  norma=0.903044  lr=1.33e-04
  [batch 17/20] CE=0.4861  norma=0.903533  lr=1.31e-04
  [batch 18/20] CE=0.5468  norma=0.906478  lr=1.29e-04
  [batch 19/20] CE=0.4194  norma=0.905884  lr=1.27e-04
  [batch 20/20] CE=0.4377  norma=0.905914  lr=1.25e-04
  held-out head CE por entrada: prompt=0.9188  prompt_de=1.0445  prompt_fr=1.0383

Epoch 5: CE train (trayectoria)=0.4219  norma=0.905914
  CE head del checkpoint:  train=0.7298   held-out=1.0005   brecha=+0.2707
  held-out CE  head(primeros 5): con parche=1.0005  sin parche=5.2026  delta=-4.2021
               toda la respuesta      : con parche=0.5203  sin parche=1.5987  delta=-1.0784
  * mejor TRAIN hasta ahora (head CE 0.7298)
----------------------------------------------------------------------

######################################################################
EPOCH 6/10
######################################################################
  [batch 1/20] CE=0.3869  norma=0.903652  lr=1.23e-04
  [batch 2/20] CE=0.4453  norma=0.900988  lr=1.21e-04
  [batch 3/20] CE=0.3095  norma=0.898147  lr=1.19e-04
  [batch 4/20] CE=0.3291  norma=0.900055  lr=1.17e-04
  [batch 5/20] CE=0.4204  norma=0.898175  lr=1.15e-04
  [batch 6/20] CE=0.3533  norma=0.898360  lr=1.13e-04
  [batch 7/20] CE=0.2846  norma=0.900966  lr=1.11e-04
  [batch 8/20] CE=0.4084  norma=0.901710  lr=1.09e-04
  [batch 9/20] CE=0.3709  norma=0.902764  lr=1.07e-04
  [batch 10/20] CE=0.4433  norma=0.904940  lr=1.05e-04
  [batch 11/20] CE=0.4853  norma=0.903458  lr=1.04e-04
  [batch 12/20] CE=0.2426  norma=0.904664  lr=1.02e-04
  [batch 13/20] CE=0.4187  norma=0.907682  lr=9.97e-05
  [batch 14/20] CE=0.5386  norma=0.904774  lr=9.78e-05
  [batch 15/20] CE=0.3120  norma=0.903846  lr=9.59e-05
  [batch 16/20] CE=0.5745  norma=0.905630  lr=9.40e-05
  [batch 17/20] CE=0.4351  norma=0.905249  lr=9.21e-05
  [batch 18/20] CE=0.5341  norma=0.905547  lr=9.02e-05
  [batch 19/20] CE=0.4295  norma=0.904341  lr=8.83e-05
  [batch 20/20] CE=0.4504  norma=0.905321  lr=8.64e-05
  held-out head CE por entrada: prompt=0.7300  prompt_de=0.8749  prompt_fr=0.9416

Epoch 6: CE train (trayectoria)=0.4086  norma=0.905321
  CE head del checkpoint:  train=0.6413   held-out=0.8488   brecha=+0.2076
  held-out CE  head(primeros 5): con parche=0.8488  sin parche=5.2026  delta=-4.3537
               toda la respuesta      : con parche=0.4916  sin parche=1.5987  delta=-1.1070
  * mejor HELD-OUT hasta ahora (head CE 0.8488)
  * mejor TRAIN hasta ahora (head CE 0.6413)
----------------------------------------------------------------------

######################################################################
EPOCH 7/10
######################################################################
  [batch 1/20] CE=0.3933  norma=0.902713  lr=8.45e-05
  [batch 2/20] CE=0.4195  norma=0.902681  lr=8.27e-05
  [batch 3/20] CE=0.3171  norma=0.901882  lr=8.09e-05
  [batch 4/20] CE=0.3493  norma=0.903932  lr=7.90e-05
  [batch 5/20] CE=0.4369  norma=0.901723  lr=7.72e-05
  [batch 6/20] CE=0.3548  norma=0.901620  lr=7.54e-05
  [batch 7/20] CE=0.3203  norma=0.901401  lr=7.36e-05
  [batch 8/20] CE=0.4274  norma=0.902600  lr=7.18e-05
  [batch 9/20] CE=0.3943  norma=0.904586  lr=7.00e-05
  [batch 10/20] CE=0.4113  norma=0.905450  lr=6.83e-05
  [batch 11/20] CE=0.5140  norma=0.905583  lr=6.65e-05
  [batch 12/20] CE=0.2460  norma=0.906034  lr=6.48e-05
  [batch 13/20] CE=0.4376  norma=0.908506  lr=6.31e-05
  [batch 14/20] CE=0.5249  norma=0.906418  lr=6.14e-05
  [batch 15/20] CE=0.3149  norma=0.905217  lr=5.97e-05
  [batch 16/20] CE=0.5851  norma=0.904376  lr=5.80e-05
  [batch 17/20] CE=0.4530  norma=0.904300  lr=5.64e-05
  [batch 18/20] CE=0.4943  norma=0.903749  lr=5.48e-05
  [batch 19/20] CE=0.4570  norma=0.903286  lr=5.31e-05
  [batch 20/20] CE=0.4532  norma=0.904336  lr=5.16e-05
  held-out head CE por entrada: prompt=0.7175  prompt_de=0.9009  prompt_fr=0.9742

Epoch 7: CE train (trayectoria)=0.4152  norma=0.904336
  CE head del checkpoint:  train=0.5315   held-out=0.8642   brecha=+0.3327
  held-out CE  head(primeros 5): con parche=0.8642  sin parche=5.2026  delta=-4.3384
               toda la respuesta      : con parche=0.5053  sin parche=1.5987  delta=-1.0933
  * mejor TRAIN hasta ahora (head CE 0.5315)
----------------------------------------------------------------------

######################################################################
EPOCH 8/10
######################################################################
  [batch 1/20] CE=0.3889  norma=0.902304  lr=5.00e-05
  [batch 2/20] CE=0.4511  norma=0.902700  lr=4.84e-05
  [batch 3/20] CE=0.3225  norma=0.900735  lr=4.69e-05
  [batch 4/20] CE=0.3714  norma=0.901468  lr=4.53e-05
  [batch 5/20] CE=0.4192  norma=0.900164  lr=4.38e-05
  [batch 6/20] CE=0.3726  norma=0.900364  lr=4.24e-05
  [batch 7/20] CE=0.3197  norma=0.900396  lr=4.09e-05
  [batch 8/20] CE=0.4294  norma=0.901621  lr=3.95e-05
  [batch 9/20] CE=0.4261  norma=0.902790  lr=3.80e-05
  [batch 10/20] CE=0.4131  norma=0.902485  lr=3.66e-05
  [batch 11/20] CE=0.4817  norma=0.903174  lr=3.53e-05
  [batch 12/20] CE=0.2612  norma=0.904189  lr=3.39e-05
  [batch 13/20] CE=0.4546  norma=0.903984  lr=3.26e-05
  [batch 14/20] CE=0.5079  norma=0.903746  lr=3.13e-05
  [batch 15/20] CE=0.3152  norma=0.903286  lr=3.00e-05
  [batch 16/20] CE=0.6051  norma=0.903468  lr=2.87e-05
  [batch 17/20] CE=0.4253  norma=0.903814  lr=2.75e-05
  [batch 18/20] CE=0.5007  norma=0.903161  lr=2.62e-05
  [batch 19/20] CE=0.4309  norma=0.902351  lr=2.51e-05
  [batch 20/20] CE=0.4861  norma=0.902887  lr=2.39e-05
  held-out head CE por entrada: prompt=0.6369  prompt_de=0.8487  prompt_fr=0.9838

Epoch 8: CE train (trayectoria)=0.4191  norma=0.902887
  CE head del checkpoint:  train=0.4423   held-out=0.8231   brecha=+0.3808
  held-out CE  head(primeros 5): con parche=0.8231  sin parche=5.2026  delta=-4.3794
               toda la respuesta      : con parche=0.4857  sin parche=1.5987  delta=-1.1130
  * mejor HELD-OUT hasta ahora (head CE 0.8231)
  * mejor TRAIN hasta ahora (head CE 0.4423)
----------------------------------------------------------------------

######################################################################
EPOCH 9/10
######################################################################
  [batch 1/20] CE=0.3906  norma=0.901573  lr=2.27e-05
  [batch 2/20] CE=0.4529  norma=0.901561  lr=2.16e-05
  [batch 3/20] CE=0.3320  norma=0.900945  lr=2.05e-05
  [batch 4/20] CE=0.3822  norma=0.900911  lr=1.95e-05
  [batch 5/20] CE=0.4187  norma=0.900048  lr=1.84e-05
  [batch 6/20] CE=0.3814  norma=0.899463  lr=1.74e-05
  [batch 7/20] CE=0.3281  norma=0.899096  lr=1.64e-05
  [batch 8/20] CE=0.4487  norma=0.899818  lr=1.55e-05
  [batch 9/20] CE=0.4352  norma=0.900133  lr=1.45e-05
  [batch 10/20] CE=0.4211  norma=0.900580  lr=1.36e-05
  [batch 11/20] CE=0.4858  norma=0.900468  lr=1.28e-05
  [batch 12/20] CE=0.2736  norma=0.900837  lr=1.19e-05
  [batch 13/20] CE=0.5042  norma=0.900847  lr=1.11e-05
  [batch 14/20] CE=0.5364  norma=0.900784  lr=1.03e-05
  [batch 15/20] CE=0.3158  norma=0.901032  lr=9.52e-06
  [batch 16/20] CE=0.6196  norma=0.901180  lr=8.78e-06
  [batch 17/20] CE=0.4282  norma=0.901671  lr=8.07e-06
  [batch 18/20] CE=0.4868  norma=0.901699  lr=7.39e-06
  [batch 19/20] CE=0.4486  norma=0.901621  lr=6.74e-06
  [batch 20/20] CE=0.5220  norma=0.901714  lr=6.12e-06
  held-out head CE por entrada: prompt=0.5784  prompt_de=0.8124  prompt_fr=1.0004

Epoch 9: CE train (trayectoria)=0.4306  norma=0.901714
  CE head del checkpoint:  train=0.3963   held-out=0.7971   brecha=+0.4008
  held-out CE  head(primeros 5): con parche=0.7971  sin parche=5.2026  delta=-4.4055
               toda la respuesta      : con parche=0.4647  sin parche=1.5987  delta=-1.1339
  * mejor HELD-OUT hasta ahora (head CE 0.7971)
  * mejor TRAIN hasta ahora (head CE 0.3963)
----------------------------------------------------------------------

######################################################################
EPOCH 10/10
######################################################################
  [batch 1/20] CE=0.4023  norma=0.901295  lr=5.53e-06
  [batch 2/20] CE=0.4377  norma=0.901201  lr=4.97e-06
  [batch 3/20] CE=0.3288  norma=0.901001  lr=4.43e-06
  [batch 4/20] CE=0.3848  norma=0.900969  lr=3.93e-06
  [batch 5/20] CE=0.4295  norma=0.900758  lr=3.46e-06
  [batch 6/20] CE=0.3952  norma=0.900534  lr=3.01e-06
  [batch 7/20] CE=0.3380  norma=0.900347  lr=2.60e-06
  [batch 8/20] CE=0.4214  norma=0.900403  lr=2.22e-06
  [batch 9/20] CE=0.4594  norma=0.900528  lr=1.86e-06
  [batch 10/20] CE=0.4405  norma=0.900624  lr=1.54e-06
  [batch 11/20] CE=0.4746  norma=0.900622  lr=1.25e-06
  [batch 12/20] CE=0.2875  norma=0.900691  lr=9.86e-07
  [batch 13/20] CE=0.4978  norma=0.900687  lr=7.55e-07
  [batch 14/20] CE=0.5229  norma=0.900679  lr=5.55e-07
  [batch 15/20] CE=0.3091  norma=0.900682  lr=3.86e-07
  [batch 16/20] CE=0.6271  norma=0.900690  lr=2.47e-07
  [batch 17/20] CE=0.4258  norma=0.900699  lr=1.39e-07
  [batch 18/20] CE=0.4829  norma=0.900705  lr=6.17e-08
  [batch 19/20] CE=0.4419  norma=0.900705  lr=1.54e-08
  [batch 20/20] CE=0.5037  norma=0.900706  lr=0.00e+00
  held-out head CE por entrada: prompt=0.5692  prompt_de=0.8118  prompt_fr=1.0012

Epoch 10: CE train (trayectoria)=0.4305  norma=0.900706
  CE head del checkpoint:  train=0.3789   held-out=0.7941   brecha=+0.4152
  held-out CE  head(primeros 5): con parche=0.7941  sin parche=5.2026  delta=-4.4085
               toda la respuesta      : con parche=0.4587  sin parche=1.5987  delta=-1.1399
  * mejor HELD-OUT hasta ahora (head CE 0.7941)
  * mejor TRAIN hasta ahora (head CE 0.3789)
----------------------------------------------------------------------

Guardando el parche de la epoch 10 (head CE 0.7941)

======================================================================
CURVA POR EPOCH (CE del head sobre el checkpoint de esa epoch)
 epoch     train   held-out    brecha     norma
-----------------------------------------------
     1    0.7939     1.1254   +0.3315    0.8109
     2    0.7576     1.0003   +0.2428    0.8870
     3    0.7725     0.8841   +0.1116    0.9111
     4    0.9236     1.0739   +0.1504    0.9022
     5    0.7298     1.0005   +0.2707    0.9059
     6    0.6413     0.8488   +0.2076    0.9053
     7    0.5315     0.8642   +0.3327    0.9043
     8    0.4423     0.8231   +0.3808    0.9029
     9    0.3963     0.7971   +0.4008    0.9017
    10    0.3789     0.7941   +0.4152    0.9007  <- mejor held-out  <- mejor train

  mejor por HELD-OUT: epoch 10 (CE 0.7941)  -> algebra/runs/v8/alg_es/lang_patch_best_heldout.pt
  mejor por TRAIN   : epoch 10 (CE 0.3789)  -> algebra/runs/v8/alg_es/lang_patch_best_train.pt

======================================================================
Norma final: 0.900706
  posicion 0: 0.900706

Guardado: algebra/runs/v8/alg_es/lang_patch.pt
          algebra/runs/v8/alg_es/lang_metadata.pt
