# Etapa C: sets abiertos

## open1: 99 prompts abiertos en inglés

| celda | n | % idioma sin parche | % control nativo | % parche |
|---|---|---|---|---|
| fr | 4 | 0 | 75 | 0 |
| es | 4 | 0 | 100 | 0 |
| de | 4 | 0 | 75 | 0 |

## open2: 50 imperativos por idioma de entrada

Paper (alg_*, banco viejo), desde inglés: fr 48, es 74, de 60.

| celda | entrada | n | % idioma sin parche | % parche |
|---|---|---|---|---|
| fr | control nativo (fr, sin parche) | 4 | 100 | - |
| fr | es | 4 | 0 | 25 |
| fr | de | 4 | 0 | 0 |
| fr | en | 4 | 0 | 0 |
| es | control nativo (es, sin parche) | 4 | 100 | - |
| es | de | 4 | 0 | 0 |
| es | fr | 4 | 0 | 0 |
| es | en | 4 | 0 | 0 |
| de | control nativo (de, sin parche) | 4 | 100 | - |
| de | es | 4 | 0 | 0 |
| de | fr | 4 | 0 | 0 |
| de | en | 4 | 0 | 0 |


reporte: algebra/runs/v9_smoke/reportes/C.md
