Gate de calidad sobre train: 200/200
`torch_dtype` is deprecated! Use `dtype` instead!
Loading checkpoint shards:   0%|          | 0/2 [00:00<?, ?it/s]Loading checkpoint shards:  50%|█████     | 1/2 [00:01<00:01,  1.02s/it]Loading checkpoint shards: 100%|██████████| 2/2 [00:01<00:00,  1.66it/s]Loading checkpoint shards: 100%|██████████| 2/2 [00:01<00:00,  1.50it/s]

Train: 200  |  Held-out: 50  |  diagnostico: 20

Activaciones (runs/_act_cache):
  cache HIT   clean  250 filas  43 MB  acts_clean_d98aa8a458e8f783.pt
  cache HIT   frq    250 filas  43 MB  acts_frq_dd2077e85abd976e.pt
d estimada sobre 200/200 filas de train  (target: frq)
  (verificar contra mean_diff_ctrl.json: si no coincide, el d que optimizas no es el que reporta la geometria)

Parche: runs/v4_250/lang_patch_best_train.pt
  norma 0.8021  |  shape [1, 3, 3072]
  ESTADISTICO: media de cosenos por prompt (NO el coseno de las medias de mean_diff_vectors.py)

                                       H E L D - O U T                TRAIN
 capa      rel      cos      mag      par      ort   |      rel      cos
------------------------------------------------------------------------
    1   17.712   -0.013    3.996   -0.090    3.988   |   20.818   -0.030
    2    3.666    0.244    1.860    0.441    1.803   |    4.289    0.218
    3    3.641    0.294    1.902    0.557    1.816   |    3.979    0.278
    4    3.311    0.297    1.802    0.532    1.721   |    3.398    0.283
    5    3.799    0.319    1.977    0.627    1.874   |    3.797    0.326
    6    3.015    0.343    1.762    0.601    1.655   |    3.178    0.352
    7    2.446    0.372    1.593    0.597    1.476   |    2.599    0.384
    8    1.520    0.368    1.151    0.431    1.064   |    1.584    0.388
    9    1.301    0.444    1.126    0.508    1.001   |    1.378    0.470
   10    1.395    0.441    1.175    0.524    1.048   |    1.554    0.455
   11    1.327    0.493    1.210    0.602    1.044   |    1.463    0.508
   12    1.199    0.570    1.264    0.727    1.029   |    1.267    0.581
   13    1.479    0.492    1.313    0.651    1.134   |    1.582    0.501
   14    1.537    0.544    1.426    0.779    1.189   |    1.625    0.559
   15    1.494    0.558    1.426    0.800    1.174   |    1.602    0.576
   16    1.344    0.559    1.344    0.759    1.103   |    1.419    0.584
   17    1.309    0.575    1.357    0.793    1.093   |    1.373    0.604
   18    1.237    0.582    1.328    0.787    1.062   |    1.283    0.613
   19    1.215    0.578    1.313    0.777    1.050   |    1.251    0.610
   20    1.308    0.561    1.344    0.772    1.092   |    1.279    0.601
   21    1.361    0.542    1.345    0.747    1.111   |    1.283    0.588
   22    1.305    0.570    1.358    0.793    1.093   |    1.202    0.610
   23    1.311    0.582    1.383    0.826    1.100   |    1.209    0.622
   24    1.126    0.607    1.307    0.814    1.015   |    1.031    0.647
   25    1.195    0.592    1.320    0.798    1.044   |    1.088    0.632
   26    1.214    0.591    1.331    0.805    1.054   |    1.102    0.632
   27    1.165    0.580    1.278    0.758    1.022   |    1.078    0.615
   28    1.089    0.568    1.200    0.697    0.970   |    1.009    0.604

Promedio capas 12..28 sobre held-out:  cos=0.568   rel=1.287
Para la brecha entre estadisticos, compara ese cos contra cos_patch_frq del mean_diff del MISMO parche.

Guardado: /mnt/custom-file-systems/efs/fs-0ded2930a619aa967_fsap-0faa05c681ed1a8f3/papers/LLMAtaquesContinuos/experimentos/idiomas/runs/v4_250/profile.json
          /mnt/custom-file-systems/efs/fs-0ded2930a619aa967_fsap-0faa05c681ed1a8f3/papers/LLMAtaquesContinuos/experimentos/idiomas/runs/v4_250/profile_deltas.pt   (mean_delta, deltas por prompt, y d)
