Gate de calidad sobre train: 212/212 targets limpios
`torch_dtype` is deprecated! Use `dtype` instead!
Loading checkpoint shards:   0%|          | 0/2 [00:00<?, ?it/s]Loading checkpoint shards:  50%|█████     | 1/2 [00:01<00:01,  1.44s/it]Loading checkpoint shards: 100%|██████████| 2/2 [00:01<00:00,  1.18it/s]Loading checkpoint shards: 100%|██████████| 2/2 [00:01<00:00,  1.07it/s]

Train: 212  |  Held-out: 38  |  validacion: 20
L2: 0.055  |  step_size: 0.00025 (cosine)  |  posiciones: 3
Epochs: 8  |  batch: 32 (7 batches/epoch)  |  steps/batch: 20
Checkpoint: mejor por CE held-out
======================================================================

######################################################################
EPOCH 1/8
######################################################################
  [batch 1/7] CE=2.1530  norma=0.378963  lr=2.50e-04
  [batch 2/7] CE=1.6234  norma=0.528216  lr=2.49e-04
  [batch 3/7] CE=0.3567  norma=0.567361  lr=2.48e-04
  [batch 4/7] CE=0.2779  norma=0.606747  lr=2.47e-04
  [batch 5/7] CE=0.2258  norma=0.652608  lr=2.45e-04
  [batch 6/7] CE=0.2058  norma=0.678204  lr=2.43e-04
  [batch 7/7] CE=0.2158  norma=0.696930  lr=2.41e-04

Epoch 1: CE train (trayectoria)=0.7226  norma=0.696930
  CE head del checkpoint:  train=0.6414   held-out=0.5434   brecha=-0.0980
  held-out CE  head(primeros 5): con parche=0.5434  sin parche=5.5703  delta=-5.0269
               toda la respuesta      : con parche=0.3243  sin parche=2.4808  delta=-2.1565
  * mejor HELD-OUT hasta ahora (head CE 0.5434)
  * mejor TRAIN hasta ahora (head CE 0.6414)
----------------------------------------------------------------------

######################################################################
EPOCH 2/8
######################################################################
  [batch 1/7] CE=0.2034  norma=0.711978  lr=2.38e-04
  [batch 2/7] CE=0.2784  norma=0.734940  lr=2.35e-04
  [batch 3/7] CE=0.1820  norma=0.743527  lr=2.31e-04
  [batch 4/7] CE=0.1603  norma=0.750744  lr=2.27e-04
  [batch 5/7] CE=0.1200  norma=0.758107  lr=2.23e-04
  [batch 6/7] CE=0.1031  norma=0.763961  lr=2.18e-04
  [batch 7/7] CE=0.1345  norma=0.766507  lr=2.14e-04

Epoch 2: CE train (trayectoria)=0.1688  norma=0.766507
  CE head del checkpoint:  train=0.5410   held-out=0.6850   brecha=+0.1440
  held-out CE  head(primeros 5): con parche=0.6850  sin parche=5.5703  delta=-4.8853
               toda la respuesta      : con parche=0.3844  sin parche=2.4808  delta=-2.0964
  * mejor TRAIN hasta ahora (head CE 0.5410)
----------------------------------------------------------------------

######################################################################
EPOCH 3/8
######################################################################
  [batch 1/7] CE=0.1597  norma=0.769568  lr=2.08e-04
  [batch 2/7] CE=0.1922  norma=0.775540  lr=2.03e-04
  [batch 3/7] CE=0.1424  norma=0.778826  lr=1.98e-04
  [batch 4/7] CE=0.1265  norma=0.783476  lr=1.92e-04
  [batch 5/7] CE=0.0920  norma=0.784805  lr=1.86e-04
  [batch 6/7] CE=0.0785  norma=0.786448  lr=1.79e-04
  [batch 7/7] CE=0.1085  norma=0.785200  lr=1.73e-04

Epoch 3: CE train (trayectoria)=0.1285  norma=0.785200
  CE head del checkpoint:  train=0.3195   held-out=0.6997   brecha=+0.3802
  held-out CE  head(primeros 5): con parche=0.6997  sin parche=5.5703  delta=-4.8706
               toda la respuesta      : con parche=0.3832  sin parche=2.4808  delta=-2.0976
  * mejor TRAIN hasta ahora (head CE 0.3195)
----------------------------------------------------------------------

######################################################################
EPOCH 4/8
######################################################################
  [batch 1/7] CE=0.1243  norma=0.785245  lr=1.66e-04
  [batch 2/7] CE=0.1724  norma=0.793180  lr=1.60e-04
  [batch 3/7] CE=0.1276  norma=0.795223  lr=1.53e-04
  [batch 4/7] CE=0.1154  norma=0.795640  lr=1.46e-04
  [batch 5/7] CE=0.0889  norma=0.796544  lr=1.39e-04
  [batch 6/7] CE=0.0697  norma=0.795913  lr=1.32e-04
  [batch 7/7] CE=0.0902  norma=0.794067  lr=1.25e-04

Epoch 4: CE train (trayectoria)=0.1126  norma=0.794067
  CE head del checkpoint:  train=0.2465   held-out=0.7522   brecha=+0.5057
  held-out CE  head(primeros 5): con parche=0.7522  sin parche=5.5703  delta=-4.8181
               toda la respuesta      : con parche=0.3835  sin parche=2.4808  delta=-2.0972
  * mejor TRAIN hasta ahora (head CE 0.2465)
----------------------------------------------------------------------

######################################################################
EPOCH 5/8
######################################################################
  [batch 1/7] CE=0.1154  norma=0.793959  lr=1.18e-04
  [batch 2/7] CE=0.1585  norma=0.799212  lr=1.11e-04
  [batch 3/7] CE=0.1236  norma=0.799274  lr=1.04e-04
  [batch 4/7] CE=0.1035  norma=0.798947  lr=9.73e-05
  [batch 5/7] CE=0.0797  norma=0.800408  lr=9.05e-05
  [batch 6/7] CE=0.0632  norma=0.799769  lr=8.38e-05
  [batch 7/7] CE=0.0836  norma=0.797777  lr=7.73e-05

Epoch 5: CE train (trayectoria)=0.1039  norma=0.797777
  CE head del checkpoint:  train=0.2280   held-out=0.8171   brecha=+0.5892
  held-out CE  head(primeros 5): con parche=0.8171  sin parche=5.5703  delta=-4.7532
               toda la respuesta      : con parche=0.3946  sin parche=2.4808  delta=-2.0861
  * mejor TRAIN hasta ahora (head CE 0.2280)
----------------------------------------------------------------------

######################################################################
EPOCH 6/8
######################################################################
  [batch 1/7] CE=0.1045  norma=0.796867  lr=7.09e-05
  [batch 2/7] CE=0.1542  norma=0.799976  lr=6.46e-05
  [batch 3/7] CE=0.1167  norma=0.800276  lr=5.86e-05
  [batch 4/7] CE=0.0992  norma=0.800821  lr=5.28e-05
  [batch 5/7] CE=0.0821  norma=0.802799  lr=4.71e-05
  [batch 6/7] CE=0.0591  norma=0.802386  lr=4.18e-05
  [batch 7/7] CE=0.0869  norma=0.801673  lr=3.67e-05

Epoch 6: CE train (trayectoria)=0.1004  norma=0.801673
  CE head del checkpoint:  train=0.1507   held-out=0.7401   brecha=+0.5894
  held-out CE  head(primeros 5): con parche=0.7401  sin parche=5.5703  delta=-4.8302
               toda la respuesta      : con parche=0.3601  sin parche=2.4808  delta=-2.1207
  * mejor TRAIN hasta ahora (head CE 0.1507)
----------------------------------------------------------------------

######################################################################
EPOCH 7/8
######################################################################
  [batch 1/7] CE=0.0911  norma=0.800354  lr=3.18e-05
  [batch 2/7] CE=0.1527  norma=0.801830  lr=2.73e-05
  [batch 3/7] CE=0.1235  norma=0.801432  lr=2.31e-05
  [batch 4/7] CE=0.1013  norma=0.802380  lr=1.92e-05
  [batch 5/7] CE=0.0839  norma=0.804463  lr=1.56e-05
  [batch 6/7] CE=0.0651  norma=0.804516  lr=1.24e-05
  [batch 7/7] CE=0.0955  norma=0.804025  lr=9.53e-06

Epoch 7: CE train (trayectoria)=0.1019  norma=0.804025
  CE head del checkpoint:  train=0.0837   held-out=0.5789   brecha=+0.4951
  held-out CE  head(primeros 5): con parche=0.5789  sin parche=5.5703  delta=-4.9915
               toda la respuesta      : con parche=0.3346  sin parche=2.4808  delta=-2.1461
  * mejor TRAIN hasta ahora (head CE 0.0837)
----------------------------------------------------------------------

######################################################################
EPOCH 8/8
######################################################################
  [batch 1/7] CE=0.0880  norma=0.803136  lr=7.03e-06
  [batch 2/7] CE=0.1663  norma=0.803980  lr=4.89e-06
  [batch 3/7] CE=0.1387  norma=0.804039  lr=3.14e-06
  [batch 4/7] CE=0.1089  norma=0.804049  lr=1.77e-06
  [batch 5/7] CE=0.1084  norma=0.804074  lr=7.87e-07
  [batch 6/7] CE=0.0629  norma=0.804180  lr=1.97e-07
  [batch 7/7] CE=0.1078  norma=0.804174  lr=0.00e+00

Epoch 8: CE train (trayectoria)=0.1116  norma=0.804174
  CE head del checkpoint:  train=0.0808   held-out=0.6234   brecha=+0.5427
  held-out CE  head(primeros 5): con parche=0.6234  sin parche=5.5703  delta=-4.9469
               toda la respuesta      : con parche=0.3402  sin parche=2.4808  delta=-2.1406
  * mejor TRAIN hasta ahora (head CE 0.0808)
----------------------------------------------------------------------

Guardando el parche de la epoch 1 (head CE 0.5434)

======================================================================
CURVA POR EPOCH (CE del head sobre el checkpoint de esa epoch)
 epoch     train   held-out    brecha     norma
-----------------------------------------------
     1    0.6414     0.5434   -0.0980    0.6969  <- mejor held-out
     2    0.5410     0.6850   +0.1440    0.7665
     3    0.3195     0.6997   +0.3802    0.7852
     4    0.2465     0.7522   +0.5057    0.7941
     5    0.2280     0.8171   +0.5892    0.7978
     6    0.1507     0.7401   +0.5894    0.8017
     7    0.0837     0.5789   +0.4951    0.8040
     8    0.0808     0.6234   +0.5427    0.8042  <- mejor train

  mejor por HELD-OUT: epoch 1 (CE 0.5434)  -> runs/v4_250/lang_patch_best_heldout.pt
  mejor por TRAIN   : epoch 8 (CE 0.0808)  -> runs/v4_250/lang_patch_best_train.pt
  los dos criterios NO coinciden: compara los dos parches en el eval,
  la CE del head es un proxy y lo que decide es is_french sobre generacion.

======================================================================
Norma final: 0.696930
  posicion 0: 0.389638
  posicion 1: 0.409490
  posicion 2: 0.407691

Guardado: runs/v4_250/lang_patch.pt
          runs/v4_250/lang_metadata.pt
