Gate de calidad sobre train: 77/80 targets limpios
`torch_dtype` is deprecated! Use `dtype` instead!
Loading checkpoint shards:   0%|          | 0/2 [00:00<?, ?it/s]Loading checkpoint shards:  50%|█████     | 1/2 [00:01<00:01,  1.04s/it]Loading checkpoint shards: 100%|██████████| 2/2 [00:01<00:00,  1.62it/s]Loading checkpoint shards: 100%|██████████| 2/2 [00:01<00:00,  1.47it/s]

Train: 77  |  Held-out: 20 (sin filtrar)
L2 weight: 0.08  |  step_size: 0.00025  |  posiciones: 3
Epochs: 5  |  steps/prompt: 75
======================================================================

######################################################################
EPOCH 1/5
######################################################################
  [10/77] CE=0.1139  norma=0.261884
  [20/77] CE=0.2669  norma=0.306447
  [30/77] CE=0.3761  norma=0.307779
  [40/77] CE=0.3180  norma=0.286643
  [50/77] CE=0.3070  norma=0.229652
  [60/77] CE=0.2598  norma=0.469644
  [70/77] CE=0.3958  norma=0.360422

Epoch 1: CE train=0.2061  norma=0.258480
  held-out CE(target FR): con parche=2.4226  sin parche=2.7855  (baja = el parche acerca al frances)
----------------------------------------------------------------------

######################################################################
EPOCH 2/5
######################################################################
  [10/77] CE=0.1788  norma=0.224853
  [20/77] CE=0.1017  norma=0.266485
  [30/77] CE=0.4774  norma=0.324009
  [40/77] CE=0.3425  norma=0.346495
  [50/77] CE=0.2287  norma=0.222182
  [60/77] CE=0.2461  norma=0.505101
  [70/77] CE=0.5989  norma=0.422372

Epoch 2: CE train=0.1991  norma=0.281388
  held-out CE(target FR): con parche=2.5089  sin parche=2.7855  (baja = el parche acerca al frances)
----------------------------------------------------------------------

######################################################################
EPOCH 3/5
######################################################################
  [10/77] CE=0.1456  norma=0.248746
  [20/77] CE=0.1319  norma=0.289327
  [30/77] CE=0.2640  norma=0.283945
  [40/77] CE=0.3866  norma=0.392264
  [50/77] CE=0.4890  norma=0.323985
  [60/77] CE=0.3558  norma=0.499362
  [70/77] CE=0.4013  norma=0.332225

Epoch 3: CE train=0.2084  norma=0.282542
  held-out CE(target FR): con parche=2.5236  sin parche=2.7855  (baja = el parche acerca al frances)
----------------------------------------------------------------------

######################################################################
EPOCH 4/5
######################################################################
  [10/77] CE=0.0289  norma=0.233948
  [20/77] CE=0.2507  norma=0.291911
