Gate de calidad sobre train: 200/200
`torch_dtype` is deprecated! Use `dtype` instead!
Loading checkpoint shards:   0%|          | 0/2 [00:00<?, ?it/s]Loading checkpoint shards:  50%|█████     | 1/2 [00:01<00:01,  1.03s/it]Loading checkpoint shards: 100%|██████████| 2/2 [00:01<00:00,  1.64it/s]Loading checkpoint shards: 100%|██████████| 2/2 [00:01<00:00,  1.49it/s]

Train: 200  |  Held-out: 50  |  diagnostico: 20

Activaciones (runs/_act_cache):
  cache HIT   clean  250 filas  43 MB  acts_clean_d98aa8a458e8f783.pt
  cache HIT   frq    250 filas  43 MB  acts_frq_dd2077e85abd976e.pt
d estimada sobre 200/200 filas de train  (target: frq)
  (verificar contra mean_diff_ctrl.json: si no coincide, el d que optimizas no es el que reporta la geometria)

Parche: runs/act_band16_19_p2/lang_patch.pt
  norma 0.8152  |  shape [1, 3, 3072]
  ESTADISTICO: media de cosenos por prompt (NO el coseno de las medias de mean_diff_vectors.py)

                                       H E L D - O U T                TRAIN
 capa      rel      cos      mag      par      ort   |      rel      cos
------------------------------------------------------------------------
    1   10.519   -0.057    2.996   -0.179    2.989   |   11.554   -0.064
    2    2.288    0.074    1.198    0.085    1.194   |    2.448    0.061
    3    5.566    0.036    2.123    0.074    2.121   |    5.408    0.036
    4    2.834    0.112    1.446    0.155    1.436   |    2.763    0.121
    5    1.659    0.235    1.066    0.251    1.035   |    1.719    0.245
    6    1.401    0.225    0.883    0.200    0.859   |    1.420    0.237
    7    1.078    0.350    0.787    0.283    0.733   |    1.087    0.351
    8    0.822    0.427    0.558    0.252    0.492   |    0.820    0.430
    9    0.776    0.473    0.571    0.281    0.491   |    0.766    0.476
   10    0.724    0.531    0.657    0.362    0.542   |    0.717    0.534
   11    0.603    0.622    0.671    0.434    0.505   |    0.585    0.635
   12    0.518    0.687    0.683    0.486    0.471   |    0.503    0.698
   13    0.471    0.721    0.733    0.547    0.478   |    0.450    0.734
   14    0.427    0.753    0.795    0.620    0.486   |    0.405    0.769
   15    0.366    0.793    0.815    0.668    0.453   |    0.347    0.803
   16    0.309    0.822    0.849    0.729    0.417   |    0.301    0.825
   17    0.307    0.824    0.881    0.759    0.428   |    0.299    0.829
   18    0.322    0.819    0.904    0.773    0.449   |    0.312    0.824
   19    0.372    0.797    0.939    0.783    0.499   |    0.356    0.802
   20    0.434    0.773    0.980    0.794    0.556   |    0.401    0.782
   21    0.486    0.754    1.003    0.794    0.595   |    0.439    0.766
   22    0.513    0.748    1.037    0.819    0.620   |    0.460    0.758
   23    0.556    0.737    1.064    0.829    0.652   |    0.499    0.749
   24    0.518    0.752    1.067    0.854    0.626   |    0.465    0.761
   25    0.594    0.730    1.103    0.859    0.678   |    0.526    0.743
   26    0.641    0.719    1.126    0.865    0.710   |    0.560    0.732
   27    0.626    0.722    1.119    0.865    0.699   |    0.554    0.733
   28    0.584    0.730    1.092    0.854    0.669   |    0.521    0.739

Promedio capas 12..28 sobre held-out:  cos=0.758   rel=0.473
Para la brecha entre estadisticos, compara ese cos contra cos_patch_frq del mean_diff del MISMO parche.

Guardado: /mnt/custom-file-systems/efs/fs-0ded2930a619aa967_fsap-0faa05c681ed1a8f3/papers/LLMAtaquesContinuos/experimentos/idiomas/runs/act_band16_19_p2/profile.json
          /mnt/custom-file-systems/efs/fs-0ded2930a619aa967_fsap-0faa05c681ed1a8f3/papers/LLMAtaquesContinuos/experimentos/idiomas/runs/act_band16_19_p2/profile_deltas.pt   (mean_delta, deltas por prompt, y d)
