Gate de calidad sobre train: 200/200

Pesos de la banda (auto):
   capa     c_l   1-c^2      w_l  vs unif  origen
     16   0.822   0.324   0.2626    1.05x  act_l16_frq
     17   0.810   0.344   0.2549    1.02x  act_l16_frq
     18   0.800   0.360   0.2486    0.99x  act_l16_frq
     19   0.776   0.398   0.2338    0.94x  act_l16_frq
  spread 1.12x   suma 1.000000
  (c_l sale de perfil_heldout: seleccion leve sobre test, ver docstring)
`torch_dtype` is deprecated! Use `dtype` instead!
Loading checkpoint shards:   0%|          | 0/2 [00:00<?, ?it/s]Loading checkpoint shards:  50%|█████     | 1/2 [00:01<00:01,  1.03s/it]Loading checkpoint shards: 100%|██████████| 2/2 [00:01<00:00,  1.65it/s]Loading checkpoint shards: 100%|██████████| 2/2 [00:01<00:00,  1.49it/s]

Train: 200  |  Held-out: 50  |  diagnostico: 20
Objetivo: ACTIVACIONES (banda ponderada)  |  target: frq  |  capas: [16, 17, 18, 19]
L2: 0.055  |  step: 0.00025 (cosine)  |  posiciones: 3

Activaciones (runs/_act_cache):
  cache HIT   clean  250 filas  43 MB  acts_clean_d98aa8a458e8f783.pt
  cache HIT   frq    250 filas  43 MB  acts_frq_dd2077e85abd976e.pt
d estimada sobre 200/200 filas de train
Epochs: 8  |  batch: 32 (7 batches/epoch)  |  steps/batch: 20
======================================================================

######################################################################
EPOCH 1/8
######################################################################
  [batch 1/7] band_w=0.9503  norma=0.398583  lr=2.50e-04
  [batch 2/7] band_w=0.8609  norma=0.516280  lr=2.49e-04
  [batch 3/7] band_w=0.6796  norma=0.549529  lr=2.48e-04
  [batch 4/7] band_w=0.5807  norma=0.576202  lr=2.47e-04
  [batch 5/7] band_w=0.6000  norma=0.615792  lr=2.45e-04
  [batch 6/7] band_w=0.6105  norma=0.646316  lr=2.43e-04
  [batch 7/7] band_w=0.4328  norma=0.659257  lr=2.41e-04

Epoch 1: band_w (trayectoria)=0.6736   norma=0.659257
  band_w:  train=0.5293   held-out=0.6442   brecha=+0.1149   (1.0 = no hizo nada)
  band_u:  train=0.5298   held-out=0.6447   <- sin pesos, comparable con el barrido
   capa     w_l      rel      cos      mag   (held-out)
      6       -    1.185    0.219    0.687
     12       -    0.716    0.520    0.491
     16  0.2626    0.641    0.561    0.576   *
     17  0.2549    0.632    0.567    0.600   *
     18  0.2486    0.636    0.565    0.619   *
     19  0.2338    0.669    0.543    0.642   *
     24       -    0.788    0.444    0.681
  * mejor HELD-OUT hasta ahora (0.6442)
  * mejor TRAIN hasta ahora (0.5293)

######################################################################
EPOCH 2/8
######################################################################
  [batch 1/7] band_w=0.5661  norma=0.683229  lr=2.38e-04
  [batch 2/7] band_w=0.5977  norma=0.720699  lr=2.35e-04
  [batch 3/7] band_w=0.5187  norma=0.743951  lr=2.31e-04
  [batch 4/7] band_w=0.3801  norma=0.754733  lr=2.27e-04
  [batch 5/7] band_w=0.4310  norma=0.769306  lr=2.23e-04
  [batch 6/7] band_w=0.4605  norma=0.776395  lr=2.18e-04
  [batch 7/7] band_w=0.3248  norma=0.780372  lr=2.14e-04

Epoch 2: band_w (trayectoria)=0.4684   norma=0.780372
  band_w:  train=0.4903   held-out=0.5344   brecha=+0.0442   (1.0 = no hizo nada)
  band_u:  train=0.4911   held-out=0.5353   <- sin pesos, comparable con el barrido
   capa     w_l      rel      cos      mag   (held-out)
      6       -    1.331    0.227    0.823
     12       -    0.601    0.635    0.668
     16  0.2626    0.522    0.705    0.802   *
     17  0.2549    0.517    0.705    0.822   *
     18  0.2486    0.528    0.698    0.832   *
     19  0.2338    0.574    0.674    0.858   *
     24       -    0.720    0.594    0.909
  * mejor HELD-OUT hasta ahora (0.5344)
  * mejor TRAIN hasta ahora (0.4903)

######################################################################
EPOCH 3/8
######################################################################
  [batch 1/7] band_w=0.4777  norma=0.792161  lr=2.08e-04
  [batch 2/7] band_w=0.4135  norma=0.804440  lr=2.03e-04
  [batch 3/7] band_w=0.3389  norma=0.804369  lr=1.98e-04
  [batch 4/7] band_w=0.2883  norma=0.801858  lr=1.92e-04
  [batch 5/7] band_w=0.3117  norma=0.805982  lr=1.86e-04
  [batch 6/7] band_w=0.3325  norma=0.807869  lr=1.79e-04
  [batch 7/7] band_w=0.2991  norma=0.809300  lr=1.73e-04

Epoch 3: band_w (trayectoria)=0.3517   norma=0.809300
  band_w:  train=0.4148   held-out=0.4000   brecha=-0.0147   (1.0 = no hizo nada)
  band_u:  train=0.4155   held-out=0.4009   <- sin pesos, comparable con el barrido
   capa     w_l      rel      cos      mag   (held-out)
      6       -    1.315    0.227    0.814
     12       -    0.553    0.667    0.649
     16  0.2626    0.387    0.788    0.828   *
     17  0.2549    0.382    0.790    0.868   *
     18  0.2486    0.393    0.787    0.897   *
     19  0.2338    0.441    0.766    0.936   *
     24       -    0.590    0.718    1.055
  * mejor HELD-OUT hasta ahora (0.4000)
  * mejor TRAIN hasta ahora (0.4148)

######################################################################
EPOCH 4/8
######################################################################
  [batch 1/7] band_w=0.3669  norma=0.806681  lr=1.66e-04
  [batch 2/7] band_w=0.3608  norma=0.811584  lr=1.60e-04
  [batch 3/7] band_w=0.3124  norma=0.809797  lr=1.53e-04
  [batch 4/7] band_w=0.2703  norma=0.806675  lr=1.46e-04
  [batch 5/7] band_w=0.2921  norma=0.808175  lr=1.39e-04
  [batch 6/7] band_w=0.3117  norma=0.810646  lr=1.32e-04
  [batch 7/7] band_w=0.2809  norma=0.811365  lr=1.25e-04

Epoch 4: band_w (trayectoria)=0.3136   norma=0.811365
  band_w:  train=0.3787   held-out=0.3694   brecha=-0.0092   (1.0 = no hizo nada)
  band_u:  train=0.3795   held-out=0.3704   <- sin pesos, comparable con el barrido
   capa     w_l      rel      cos      mag   (held-out)
      6       -    1.341    0.224    0.838
     12       -    0.535    0.675    0.657
     16  0.2626    0.354    0.798    0.833   *
     17  0.2549    0.351    0.801    0.869   *
     18  0.2486    0.364    0.796    0.895   *
     19  0.2338    0.413    0.775    0.931   *
     24       -    0.567    0.724    1.055
  * mejor HELD-OUT hasta ahora (0.3694)
  * mejor TRAIN hasta ahora (0.3787)

######################################################################
EPOCH 5/8
######################################################################
  [batch 1/7] band_w=0.3513  norma=0.810411  lr=1.18e-04
  [batch 2/7] band_w=0.3442  norma=0.812905  lr=1.11e-04
  [batch 3/7] band_w=0.3015  norma=0.811378  lr=1.04e-04
  [batch 4/7] band_w=0.2603  norma=0.809879  lr=9.73e-05
  [batch 5/7] band_w=0.2826  norma=0.810387  lr=9.05e-05
  [batch 6/7] band_w=0.2976  norma=0.813008  lr=8.38e-05
  [batch 7/7] band_w=0.2709  norma=0.814321  lr=7.73e-05

Epoch 5: band_w (trayectoria)=0.3012   norma=0.814321
  band_w:  train=0.3675   held-out=0.3592   brecha=-0.0083   (1.0 = no hizo nada)
  band_u:  train=0.3684   held-out=0.3602   <- sin pesos, comparable con el barrido
   capa     w_l      rel      cos      mag   (held-out)
      6       -    1.382    0.226    0.871
     12       -    0.522    0.683    0.674
     16  0.2626    0.342    0.805    0.845   *
     17  0.2549    0.340    0.807    0.880   *
     18  0.2486    0.354    0.802    0.903   *
     19  0.2338    0.404    0.780    0.938   *
     24       -    0.562    0.728    1.060
  * mejor HELD-OUT hasta ahora (0.3592)
  * mejor TRAIN hasta ahora (0.3675)

######################################################################
EPOCH 6/8
######################################################################
  [batch 1/7] band_w=0.3429  norma=0.814698  lr=7.09e-05
  [batch 2/7] band_w=0.3326  norma=0.815932  lr=6.46e-05
  [batch 3/7] band_w=0.2944  norma=0.814583  lr=5.86e-05
  [batch 4/7] band_w=0.2538  norma=0.813681  lr=5.28e-05
  [batch 5/7] band_w=0.2766  norma=0.813405  lr=4.71e-05
  [batch 6/7] band_w=0.2889  norma=0.813846  lr=4.18e-05
  [batch 7/7] band_w=0.2597  norma=0.815339  lr=3.67e-05

Epoch 6: band_w (trayectoria)=0.2927   norma=0.815339
  band_w:  train=0.3512   held-out=0.3477   brecha=-0.0035   (1.0 = no hizo nada)
  band_u:  train=0.3520   held-out=0.3487   <- sin pesos, comparable con el barrido
   capa     w_l      rel      cos      mag   (held-out)
      6       -    1.384    0.223    0.869
     12       -    0.521    0.684    0.669
     16  0.2626    0.332    0.810    0.833   *
     17  0.2549    0.329    0.812    0.868   *
     18  0.2486    0.342    0.808    0.893   *
     19  0.2338    0.392    0.786    0.930   *
     24       -    0.558    0.732    1.062
  * mejor HELD-OUT hasta ahora (0.3477)
  * mejor TRAIN hasta ahora (0.3512)

######################################################################
EPOCH 7/8
######################################################################
  [batch 1/7] band_w=0.3318  norma=0.815913  lr=3.18e-05
  [batch 2/7] band_w=0.3118  norma=0.816935  lr=2.73e-05
  [batch 3/7] band_w=0.2903  norma=0.815796  lr=2.31e-05
  [batch 4/7] band_w=0.2428  norma=0.815434  lr=1.92e-05
  [batch 5/7] band_w=0.2656  norma=0.815208  lr=1.56e-05
  [batch 6/7] band_w=0.2693  norma=0.815338  lr=1.24e-05
  [batch 7/7] band_w=0.2272  norma=0.815521  lr=9.53e-06

Epoch 7: band_w (trayectoria)=0.2770   norma=0.815521
  band_w:  train=0.3237   held-out=0.3326   brecha=+0.0089   (1.0 = no hizo nada)
  band_u:  train=0.3246   held-out=0.3336   <- sin pesos, comparable con el barrido
   capa     w_l      rel      cos      mag   (held-out)
      6       -    1.399    0.225    0.883
     12       -    0.517    0.688    0.683
     16  0.2626    0.316    0.820    0.851   *
     17  0.2549    0.313    0.822    0.884   *
     18  0.2486    0.328    0.817    0.907   *
     19  0.2338    0.378    0.795    0.943   *
     24       -    0.521    0.750    1.068
  * mejor HELD-OUT hasta ahora (0.3326)
  * mejor TRAIN hasta ahora (0.3237)

######################################################################
EPOCH 8/8
######################################################################
  [batch 1/7] band_w=0.3167  norma=0.815538  lr=7.03e-06
  [batch 2/7] band_w=0.2996  norma=0.815549  lr=4.89e-06
  [batch 3/7] band_w=0.2890  norma=0.815348  lr=3.14e-06
  [batch 4/7] band_w=0.2411  norma=0.815299  lr=1.77e-06
  [batch 5/7] band_w=0.2664  norma=0.815241  lr=7.87e-07
  [batch 6/7] band_w=0.2670  norma=0.815224  lr=1.97e-07
  [batch 7/7] band_w=0.2290  norma=0.815228  lr=0.00e+00

Epoch 8: band_w (trayectoria)=0.2727   norma=0.815228
  band_w:  train=0.3158   held-out=0.3265   brecha=+0.0107   (1.0 = no hizo nada)
  band_u:  train=0.3167   held-out=0.3275   <- sin pesos, comparable con el barrido
   capa     w_l      rel      cos      mag   (held-out)
      6       -    1.401    0.225    0.883
     12       -    0.518    0.687    0.683
     16  0.2626    0.309    0.822    0.849   *
     17  0.2549    0.307    0.824    0.881   *
     18  0.2486    0.322    0.819    0.904   *
     19  0.2338    0.372    0.797    0.939   *
     24       -    0.518    0.752    1.067
  * mejor HELD-OUT hasta ahora (0.3265)
  * mejor TRAIN hasta ahora (0.3158)

======================================================================
 epoch  band_w tr  band_w ho  band_u ho   brecha    norma
     1     0.5293     0.6442     0.6447  +0.1149   0.6593
     2     0.4903     0.5344     0.5353  +0.0442   0.7804
     3     0.4148     0.4000     0.4009  -0.0147   0.8093
     4     0.3787     0.3694     0.3704  -0.0092   0.8114
     5     0.3675     0.3592     0.3602  -0.0083   0.8143
     6     0.3512     0.3477     0.3487  -0.0035   0.8153
     7     0.3237     0.3326     0.3336  +0.0089   0.8155
     8     0.3158     0.3265     0.3275  +0.0107   0.8152  <- mejor held-out  <- mejor train

Norma final: 0.815228  (v_CE de referencia: 0.8021)
  posicion 0: 0.563702
  posicion 1: 0.420685
  posicion 2: 0.412140

Guardado en runs/act_band16_19_p2/
  python3 -u eval_lang_patch.py --model ... --patch runs/act_band16_19_p2/lang_patch.pt
