Gate de calidad sobre train: 588/588 targets limpios
`torch_dtype` is deprecated! Use `dtype` instead!
Loading checkpoint shards:   0%|          | 0/2 [00:00<?, ?it/s]Loading checkpoint shards:  50%|█████     | 1/2 [00:01<00:01,  1.02s/it]Loading checkpoint shards: 100%|██████████| 2/2 [00:01<00:00,  1.66it/s]Loading checkpoint shards: 100%|██████████| 2/2 [00:01<00:00,  1.50it/s]

Train: 588  |  Held-out: 112  |  validacion: 2
L2: 0.09  |  step_size: 0.00025 (cosine)  |  posiciones: 1  |  anchor: goal_all
  [prompt] parche sobre 15..24 (10 tokens) = ['On', ' which', ' continent', ' is', ' the', ' Amazon', ' rain', 'forest', ' located', '?']
        antes: ['<|end_header_id|>', '\n\n']   despues: ['<|eot_id|>', '<|start_header_id|>']
  [prompt_es] parche sobre 15..28 (14 tokens) = ['¿', 'En', ' qué', ' contin', 'ente', ' se', ' encuentra', ' la', ' sel', 'va', ' am', 'az', 'ónica', '?']
        antes: ['<|end_header_id|>', '\n\n']   despues: ['<|eot_id|>', '<|start_header_id|>']
  [prompt_de] parche sobre 15..28 (14 tokens) = ['Auf', ' wel', 'chem', ' Kont', 'inent', ' liegt', ' der', ' Amazon', 'as', '-', 'Reg', 'en', 'wald', '?']
        antes: ['<|end_header_id|>', '\n\n']   despues: ['<|eot_id|>', '<|start_header_id|>']
  largo del goal en train: media 10.2  min 4  max 25  (el mismo v se suma en cada posicion)
Loss: CE sobre los primeros 8 tokens  |  entradas: ['prompt', 'prompt_es', 'prompt_de']
  prompt: 588/588 filas de train usables
  prompt_es: 588/588 filas de train usables
  prompt_de: 588/588 filas de train usables
Epochs: 1  |  batch: 28 (21 batches/epoch)  |  steps/batch: 1
Checkpoint: mejor por CE held-out
======================================================================

######################################################################
EPOCH 1/1
######################################################################
  [batch 1/21] CE=4.0108  norma=0.013856  lr=2.50e-04
  [batch 2/21] CE=3.9262  norma=0.024318  lr=2.48e-04
  [batch 3/21] CE=4.1505  norma=0.034558  lr=2.44e-04
  [batch 4/21] CE=3.8535  norma=0.043640  lr=2.36e-04
  [batch 5/21] CE=3.7959  norma=0.052086  lr=2.26e-04
  [batch 6/21] CE=3.6725  norma=0.059202  lr=2.13e-04
  [batch 7/21] CE=3.7943  norma=0.064569  lr=1.98e-04
  [batch 8/21] CE=3.6669  norma=0.070076  lr=1.82e-04
  [batch 9/21] CE=3.8545  norma=0.075968  lr=1.64e-04
  [batch 10/21] CE=3.7507  norma=0.080869  lr=1.45e-04
  [batch 11/21] CE=3.5783  norma=0.085406  lr=1.25e-04
  [batch 12/21] CE=3.6252  norma=0.089169  lr=1.05e-04
  [batch 13/21] CE=3.7153  norma=0.091328  lr=8.64e-05
  [batch 14/21] CE=3.5565  norma=0.093599  lr=6.83e-05
  [batch 15/21] CE=3.3441  norma=0.095171  lr=5.15e-05
  [batch 16/21] CE=3.4624  norma=0.096115  lr=3.66e-05
  [batch 17/21] CE=3.8779  norma=0.097022  lr=2.39e-05
  [batch 18/21] CE=3.1944  norma=0.097454  lr=1.36e-05
  [batch 19/21] CE=3.6776  norma=0.097661  lr=6.12e-06
  [batch 20/21] CE=3.6504  norma=0.097697  lr=1.54e-06
  [batch 21/21] CE=3.6016  norma=0.097697  lr=0.00e+00
  held-out head CE por entrada: prompt=5.6660  prompt_es=3.7158  prompt_de=5.0156

Epoch 1: CE train (trayectoria)=3.7028  norma=0.097697
  CE head del checkpoint:  train=4.9655   held-out=4.7992   brecha=-0.1663
  held-out CE  head(primeros 5): con parche=4.7992  sin parche=5.2305  delta=-0.4313
               toda la respuesta      : con parche=2.0317  sin parche=2.0422  delta=-0.0104
  * mejor HELD-OUT hasta ahora (head CE 4.7992)
  * mejor TRAIN hasta ahora (head CE 4.9655)
----------------------------------------------------------------------

Guardando el parche de la epoch 1 (head CE 4.7992)

======================================================================
CURVA POR EPOCH (CE del head sobre el checkpoint de esa epoch)
 epoch     train   held-out    brecha     norma
-----------------------------------------------
     1    4.9655     4.7992   -0.1663    0.0977  <- mejor held-out  <- mejor train

  mejor por HELD-OUT: epoch 1 (CE 4.7992)  -> algebra/runs/v10_smoke/alg_fr/lang_patch_best_heldout.pt
  mejor por TRAIN   : epoch 1 (CE 4.9655)  -> algebra/runs/v10_smoke/alg_fr/lang_patch_best_train.pt

======================================================================
Norma final: 0.097697
  posicion 0: 0.097697

Guardado: algebra/runs/v10_smoke/alg_fr/lang_patch.pt
          algebra/runs/v10_smoke/alg_fr/lang_metadata.pt
