Gate de calidad sobre train: 588/588 targets limpios
`torch_dtype` is deprecated! Use `dtype` instead!
Loading checkpoint shards:   0%|          | 0/2 [00:00<?, ?it/s]Loading checkpoint shards:  50%|█████     | 1/2 [00:01<00:01,  1.04s/it]Loading checkpoint shards: 100%|██████████| 2/2 [00:01<00:00,  1.63it/s]Loading checkpoint shards: 100%|██████████| 2/2 [00:01<00:00,  1.47it/s]

Train: 588  |  Held-out: 112  |  validacion: 2
L2: 0.09  |  step_size: 0.00025 (cosine)  |  posiciones: 1  |  anchor: goal_all
  [prompt] parche sobre 15..24 (10 tokens) = ['On', ' which', ' continent', ' is', ' the', ' Amazon', ' rain', 'forest', ' located', '?']
        antes: ['<|end_header_id|>', '\n\n']   despues: ['<|eot_id|>', '<|start_header_id|>']
  [prompt_es] parche sobre 15..28 (14 tokens) = ['¿', 'En', ' qué', ' contin', 'ente', ' se', ' encuentra', ' la', ' sel', 'va', ' am', 'az', 'ónica', '?']
        antes: ['<|end_header_id|>', '\n\n']   despues: ['<|eot_id|>', '<|start_header_id|>']
  [prompt_fr] parche sobre 15..25 (11 tokens) = ['Sur', ' quel', ' continent', ' se', ' trouve', ' la', ' for', 'êt', ' amazon', 'ienne', '?']
        antes: ['<|end_header_id|>', '\n\n']   despues: ['<|eot_id|>', '<|start_header_id|>']
  largo del goal en train: media 10.5  min 4  max 26  (el mismo v se suma en cada posicion)
Loss: CE sobre los primeros 8 tokens  |  entradas: ['prompt', 'prompt_es', 'prompt_fr']
  prompt: 588/588 filas de train usables
  prompt_es: 588/588 filas de train usables
  prompt_fr: 588/588 filas de train usables
Epochs: 1  |  batch: 28 (21 batches/epoch)  |  steps/batch: 1
Checkpoint: mejor por CE held-out
======================================================================

######################################################################
EPOCH 1/1
######################################################################
  [batch 1/21] CE=3.7972  norma=0.013856  lr=2.50e-04
  [batch 2/21] CE=4.0930  norma=0.023348  lr=2.48e-04
  [batch 3/21] CE=3.8261  norma=0.031145  lr=2.44e-04
  [batch 4/21] CE=3.9086  norma=0.039673  lr=2.36e-04
  [batch 5/21] CE=3.6984  norma=0.047979  lr=2.26e-04
  [batch 6/21] CE=3.3898  norma=0.055760  lr=2.13e-04
  [batch 7/21] CE=3.7906  norma=0.062807  lr=1.98e-04
  [batch 8/21] CE=3.8435  norma=0.069244  lr=1.82e-04
  [batch 9/21] CE=3.7225  norma=0.075067  lr=1.64e-04
  [batch 10/21] CE=3.5670  norma=0.079766  lr=1.45e-04
  [batch 11/21] CE=3.5908  norma=0.083697  lr=1.25e-04
  [batch 12/21] CE=3.6026  norma=0.087051  lr=1.05e-04
  [batch 13/21] CE=3.5287  norma=0.089263  lr=8.64e-05
  [batch 14/21] CE=3.7980  norma=0.090880  lr=6.83e-05
  [batch 15/21] CE=3.4674  norma=0.091482  lr=5.15e-05
  [batch 16/21] CE=3.6994  norma=0.092391  lr=3.66e-05
  [batch 17/21] CE=3.9061  norma=0.092894  lr=2.39e-05
  [batch 18/21] CE=3.4470  norma=0.093340  lr=1.36e-05
  [batch 19/21] CE=3.5834  norma=0.093526  lr=6.12e-06
  [batch 20/21] CE=3.4566  norma=0.093568  lr=1.54e-06
  [batch 21/21] CE=3.7509  norma=0.093568  lr=0.00e+00
  held-out head CE por entrada: prompt=3.6406  prompt_es=4.3711  prompt_fr=3.8516

Epoch 1: CE train (trayectoria)=3.6889  norma=0.093568
  CE head del checkpoint:  train=4.8346   held-out=3.9544   brecha=-0.8802
  held-out CE  head(primeros 5): con parche=3.9544  sin parche=4.4733  delta=-0.5189
               toda la respuesta      : con parche=1.1263  sin parche=1.2753  delta=-0.1490
  * mejor HELD-OUT hasta ahora (head CE 3.9544)
  * mejor TRAIN hasta ahora (head CE 4.8346)
----------------------------------------------------------------------

Guardando el parche de la epoch 1 (head CE 3.9544)

======================================================================
CURVA POR EPOCH (CE del head sobre el checkpoint de esa epoch)
 epoch     train   held-out    brecha     norma
-----------------------------------------------
     1    4.8346     3.9544   -0.8802    0.0936  <- mejor held-out  <- mejor train

  mejor por HELD-OUT: epoch 1 (CE 3.9544)  -> algebra/runs/v10_smoke/alg_de/lang_patch_best_heldout.pt
  mejor por TRAIN   : epoch 1 (CE 4.8346)  -> algebra/runs/v10_smoke/alg_de/lang_patch_best_train.pt

======================================================================
Norma final: 0.093568
  posicion 0: 0.093568

Guardado: algebra/runs/v10_smoke/alg_de/lang_patch.pt
          algebra/runs/v10_smoke/alg_de/lang_metadata.pt
