Celda: de  |  base: attributes/v8_smoke/targets_v8_fr.csv (14 filas)
Instruccion: 'Answer in German.'
======================================================================
`torch_dtype` is deprecated! Use `dtype` instead!
Loading checkpoint shards:   0%|          | 0/2 [00:00<?, ?it/s]Loading checkpoint shards:  50%|█████     | 1/2 [00:01<00:01,  1.01s/it]Loading checkpoint shards: 100%|██████████| 2/2 [00:01<00:00,  1.68it/s]Loading checkpoint shards: 100%|██████████| 2/2 [00:01<00:00,  1.52it/s]
targets de:   0%|          | 0/14 [00:00<?, ?it/s][lang_id] GlotLID: /mnt/custom-file-systems/efs/fs-0ded2930a619aa967_fsap-0faa05c681ed1a8f3/papers/LLMAtaquesContinuos/modelos/glotlid/model.bin
targets de:   7%|▋         | 1/14 [00:01<00:22,  1.70s/it]targets de:  14%|█▍        | 2/14 [00:03<00:18,  1.52s/it]targets de:  21%|██▏       | 3/14 [00:03<00:10,  1.03it/s]targets de:  29%|██▊       | 4/14 [00:05<00:14,  1.49s/it]targets de:  36%|███▌      | 5/14 [00:07<00:16,  1.78s/it]targets de:  43%|████▎     | 6/14 [00:08<00:10,  1.32s/it]targets de:  50%|█████     | 7/14 [00:10<00:10,  1.49s/it]targets de:  57%|█████▋    | 8/14 [00:10<00:06,  1.10s/it]targets de:  64%|██████▍   | 9/14 [00:11<00:04,  1.05it/s]targets de:  71%|███████▏  | 10/14 [00:11<00:02,  1.37it/s]targets de:  79%|███████▊  | 11/14 [00:13<00:03,  1.21s/it]targets de:  86%|████████▌ | 12/14 [00:16<00:03,  1.58s/it]targets de:  93%|█████████▎| 13/14 [00:16<00:01,  1.18s/it]targets de: 100%|██████████| 14/14 [00:16<00:00,  1.02it/s]targets de: 100%|██████████| 14/14 [00:16<00:00,  1.21s/it]

======================================================================
REFERENCIA NATURAL  M([de ; q])
  veredictos de idioma       : {'de': 14}
  en mayusculas              : 0/14   (la celda pide NO)
  celda ok (idioma y formato): 14/14
  respuesta correcta         : 10/14   (subestimada: alias en/fr, simbolos en mayusculas)
  pasan el gate              : 10/14   (train, primeros 80%: 7/11)
  quisieron seguir de turno  : 0/14

Filas que NO pasan el gate:
  [0] On which continent is the Amazon rainforest locate -> [de] 'Die Amazonas-Wälder befinden sich auf dem Kontinent Südamerika.'
  [3] Detail why ice floats on water.                    -> [de] 'Ein interessantes Phänomen!\n\nEis schmilzt nicht einfach so, sondern es'
  [4] How do geckos climb walls?                         -> [de] 'Geckos können an Wänden klettern, weil sie spezielle Strukturen an ihr'
  [10] Unpack what causes ocean tides.                    -> [de] 'Die Ursachen für die Ozeantiden sind komplex und umfassen mehrere Fakt'

  AVISO: menos de 50 targets limpios en train. Revisa la instruccion antes de entrenar.

Guardado en '/mnt/custom-file-systems/efs/fs-0ded2930a619aa967_fsap-0faa05c681ed1a8f3/papers/LLMAtaquesContinuos/experimentos/idiomas/attributes/v8_smoke/targets_v8_de.csv'
[de] restauradas 2 filas viejas en attributes/v8_smoke/targets_v8_de.csv
  salidas regeneradas distintas de las guardadas: 0 (se quedan las guardadas: incluyen las correcciones de fix_targets.py)
