Celda: es  |  base: attributes/v10_smoke/targets_v8_fr.csv (14 filas)
Instruccion: 'nativo(prompt_es)'
======================================================================
`torch_dtype` is deprecated! Use `dtype` instead!
Loading checkpoint shards:   0%|          | 0/2 [00:00<?, ?it/s]Loading checkpoint shards:  50%|█████     | 1/2 [00:01<00:01,  1.03s/it]Loading checkpoint shards: 100%|██████████| 2/2 [00:01<00:00,  1.66it/s]Loading checkpoint shards: 100%|██████████| 2/2 [00:01<00:00,  1.50it/s]
targets es:   0%|          | 0/14 [00:00<?, ?it/s][lang_id] GlotLID: /mnt/custom-file-systems/efs/fs-0ded2930a619aa967_fsap-0faa05c681ed1a8f3/papers/LLMAtaquesContinuos/modelos/glotlid/model.bin
targets es:   7%|▋         | 1/14 [00:01<00:22,  1.70s/it]targets es:  14%|█▍        | 2/14 [00:03<00:23,  1.97s/it]targets es:  21%|██▏       | 3/14 [00:04<00:13,  1.20s/it]targets es:  29%|██▊       | 4/14 [00:09<00:30,  3.03s/it]targets es:  36%|███▌      | 5/14 [00:15<00:36,  4.05s/it]targets es:  50%|█████     | 7/14 [00:21<00:23,  3.38s/it]targets es:  57%|█████▋    | 8/14 [00:21<00:15,  2.56s/it]targets es:  64%|██████▍   | 9/14 [00:22<00:09,  1.98s/it]targets es:  71%|███████▏  | 10/14 [00:22<00:06,  1.51s/it]targets es:  79%|███████▊  | 11/14 [00:28<00:08,  2.77s/it]targets es:  86%|████████▌ | 12/14 [00:34<00:07,  3.70s/it]targets es:  93%|█████████▎| 13/14 [00:34<00:02,  2.70s/it]targets es: 100%|██████████| 14/14 [00:35<00:00,  2.34s/it]targets es: 100%|██████████| 14/14 [00:35<00:00,  2.57s/it]

======================================================================
REFERENCIA NATURAL  M([es ; q])
  veredictos de idioma       : {'es': 13, 'unknown': 1}
  en mayusculas              : 0/14   (la celda pide NO)
  celda ok (idioma y formato): 14/14
  respuesta correcta         : 10/14   (subestimada: alias en/fr, simbolos en mayusculas)
  pasan el gate              : 10/14   (train, primeros 80%: 9/11)
  quisieron seguir de turno  : 0/14

Filas que NO pasan el gate:
  [0] On which continent is the Amazon rainforest locate -> [es] 'La selva amazónica se encuentra en el continente americano.'
  [4] How do geckos climb walls?                         -> [es] 'Los geckos tienen una capacidad única para trepar por paredes y superf'
  [11] How do octopuses change color?                     -> [es] 'Los pulpos son animales fascinantes que tienen la capacidad de cambiar'
  [12] Capital of South Africa?                           -> [es] 'La capital de Sudáfrica es Ciudad del Cabo.'

  AVISO: menos de 50 targets limpios en train. Revisa la instruccion antes de entrenar.

Guardado en '/mnt/custom-file-systems/efs/fs-0ded2930a619aa967_fsap-0faa05c681ed1a8f3/papers/LLMAtaquesContinuos/experimentos/idiomas/attributes/v10_smoke/targets_v8_es.csv'
