== dependencias
  OK    torch 2.8.0+cu128, transformers 4.56.1, pandas 3.0.0
== GPU
  OK    NVIDIA L40S  libre 44.0 / 44.4 GiB
== modelo
  OK    num_hidden_layers = 28 (esperado 28)
  OK    hidden_size = 3072 (esperado 3072)
  OK    vocab_size = 128256 (esperado 128256)
  OK    tie_word_embeddings = True (esperado True)
== CSV
  OK    attributes/french/targets_french_v5.csv: 250 filas (esperado 250)
  OK    attributes/french/targets_french_v5.csv: columnas completas
  OK    attributes/french/targets_open.csv: 99 filas (esperado 99)
  OK    attributes/french/targets_open.csv: columnas completas
  OK    attributes/french/targets_open_2.csv: 50 filas (esperado 50)
  OK    attributes/french/targets_open_2.csv: columnas completas
== parches existentes
  OK    fr: forma (1, 1, 3072) (esperado (1, 1, 3072)), norma 0.8418
  OK    fr_s1: forma (1, 1, 3072) (esperado (1, 1, 3072)), norma 0.8489
  OK    es: forma (1, 1, 3072) (esperado (1, 1, 3072)), norma 0.8655
  OK    de: forma (1, 1, 3072) (esperado (1, 1, 3072)), norma 0.8491
== CSV del humo de entrenamiento
  OK    algebra/runs/paper_v7/_preflight/targets_smoke.csv: 30 filas

VALIDACION OK
