Gate de calidad sobre train: 199/200 targets limpios
`torch_dtype` is deprecated! Use `dtype` instead!
Loading checkpoint shards:   0%|          | 0/2 [00:00<?, ?it/s]Loading checkpoint shards:  50%|█████     | 1/2 [00:01<00:01,  1.04s/it]Loading checkpoint shards: 100%|██████████| 2/2 [00:01<00:00,  1.64it/s]Loading checkpoint shards: 100%|██████████| 2/2 [00:01<00:00,  1.49it/s]

Train: 199  |  Held-out: 50  |  validacion: 20
L2: 0.0725  |  step_size: 0.00025 (cosine)  |  posiciones: 3  |  anchor: header
  parche sobre el header del assistant: posiciones 27..29 = ['assistant', '<|end_header_id|>', '\n\n']
Loss: CE sobre los primeros 8 tokens  |  entradas: ['prompt', 'prompt_es', 'prompt_de']
  prompt: 199/199 filas de train usables
  prompt_es: 199/199 filas de train usables
  prompt_de: 198/199 filas de train usables
Epochs: 8  |  batch: 32 (7 batches/epoch)  |  steps/batch: 20
Checkpoint: mejor por CE held-out
======================================================================

######################################################################
EPOCH 1/8
######################################################################
  [batch 1/7] CE=3.0582  norma=0.315385  lr=2.50e-04
  [batch 2/7] CE=0.6440  norma=0.395618  lr=2.49e-04
  [batch 3/7] CE=0.3419  norma=0.415288  lr=2.48e-04
  [batch 4/7] CE=0.3223  norma=0.433150  lr=2.47e-04
  [batch 5/7] CE=0.2639  norma=0.447600  lr=2.45e-04
  [batch 6/7] CE=0.2342  norma=0.462561  lr=2.43e-04
  [batch 7/7] CE=0.1715  norma=0.479822  lr=2.41e-04
  held-out head CE por entrada: prompt=0.9611  prompt_es=1.0374  prompt_de=1.3904

Epoch 1: CE train (trayectoria)=0.7194  norma=0.479822
  CE head del checkpoint:  train=0.9305   held-out=1.1296   brecha=+0.1991
  held-out CE  head(primeros 5): con parche=1.1296  sin parche=4.9134  delta=-3.7838
               toda la respuesta      : con parche=0.6495  sin parche=2.1912  delta=-1.5416
  * mejor HELD-OUT hasta ahora (head CE 1.1296)
  * mejor TRAIN hasta ahora (head CE 0.9305)
----------------------------------------------------------------------

######################################################################
EPOCH 2/8
######################################################################
  [batch 1/7] CE=0.3654  norma=0.488235  lr=2.38e-04
  [batch 2/7] CE=0.3154  norma=0.502172  lr=2.35e-04
  [batch 3/7] CE=0.2876  norma=0.509847  lr=2.31e-04
  [batch 4/7] CE=0.2652  norma=0.518450  lr=2.27e-04
  [batch 5/7] CE=0.2093  norma=0.526383  lr=2.23e-04
  [batch 6/7] CE=0.1966  norma=0.533056  lr=2.18e-04
  [batch 7/7] CE=0.1018  norma=0.541613  lr=2.14e-04
  held-out head CE por entrada: prompt=1.3986  prompt_es=0.9141  prompt_de=1.5253

Epoch 2: CE train (trayectoria)=0.2488  norma=0.541613
  CE head del checkpoint:  train=1.1863   held-out=1.2793   brecha=+0.0930
  held-out CE  head(primeros 5): con parche=1.2793  sin parche=4.9134  delta=-3.6341
               toda la respuesta      : con parche=0.7766  sin parche=2.1912  delta=-1.4146
----------------------------------------------------------------------

######################################################################
EPOCH 3/8
######################################################################
  [batch 1/7] CE=0.2949  norma=0.544768  lr=2.08e-04
  [batch 2/7] CE=0.3084  norma=0.552406  lr=2.03e-04
  [batch 3/7] CE=0.2224  norma=0.559928  lr=1.98e-04
  [batch 4/7] CE=0.2018  norma=0.565542  lr=1.92e-04
  [batch 5/7] CE=0.1826  norma=0.565843  lr=1.86e-04
  [batch 6/7] CE=0.1596  norma=0.570442  lr=1.79e-04
  [batch 7/7] CE=0.0776  norma=0.571609  lr=1.73e-04
  held-out head CE por entrada: prompt=0.9326  prompt_es=0.7014  prompt_de=1.2520

Epoch 3: CE train (trayectoria)=0.2067  norma=0.571609
  CE head del checkpoint:  train=0.6660   held-out=0.9620   brecha=+0.2960
  held-out CE  head(primeros 5): con parche=0.9620  sin parche=4.9134  delta=-3.9514
               toda la respuesta      : con parche=0.6304  sin parche=2.1912  delta=-1.5608
  * mejor HELD-OUT hasta ahora (head CE 0.9620)
  * mejor TRAIN hasta ahora (head CE 0.6660)
----------------------------------------------------------------------

######################################################################
EPOCH 4/8
######################################################################
  [batch 1/7] CE=0.2353  norma=0.572937  lr=1.66e-04
  [batch 2/7] CE=0.2421  norma=0.577928  lr=1.60e-04
  [batch 3/7] CE=0.1951  norma=0.582070  lr=1.53e-04
  [batch 4/7] CE=0.1756  norma=0.585628  lr=1.46e-04
  [batch 5/7] CE=0.1505  norma=0.586091  lr=1.39e-04
  [batch 6/7] CE=0.1291  norma=0.588492  lr=1.32e-04
  [batch 7/7] CE=0.0796  norma=0.586914  lr=1.25e-04
  held-out head CE por entrada: prompt=0.9706  prompt_es=1.1948  prompt_de=1.8141

Epoch 4: CE train (trayectoria)=0.1725  norma=0.586914
  CE head del checkpoint:  train=0.8144   held-out=1.3265   brecha=+0.5121
  held-out CE  head(primeros 5): con parche=1.3265  sin parche=4.9134  delta=-3.5869
               toda la respuesta      : con parche=0.7537  sin parche=2.1912  delta=-1.4375
----------------------------------------------------------------------

######################################################################
EPOCH 5/8
######################################################################
  [batch 1/7] CE=0.2299  norma=0.586773  lr=1.18e-04
  [batch 2/7] CE=0.2215  norma=0.588345  lr=1.11e-04
  [batch 3/7] CE=0.1682  norma=0.592038  lr=1.04e-04
  [batch 4/7] CE=0.1509  norma=0.593787  lr=9.73e-05
  [batch 5/7] CE=0.1274  norma=0.594488  lr=9.05e-05
  [batch 6/7] CE=0.1112  norma=0.594267  lr=8.38e-05
  [batch 7/7] CE=0.0774  norma=0.593039  lr=7.73e-05
  held-out head CE por entrada: prompt=1.3178  prompt_es=1.0492  prompt_de=1.8250

Epoch 5: CE train (trayectoria)=0.1552  norma=0.593039
  CE head del checkpoint:  train=0.9238   held-out=1.3973   brecha=+0.4736
  held-out CE  head(primeros 5): con parche=1.3973  sin parche=4.9134  delta=-3.5161
               toda la respuesta      : con parche=0.7736  sin parche=2.1912  delta=-1.4175
----------------------------------------------------------------------

######################################################################
EPOCH 6/8
######################################################################
  [batch 1/7] CE=0.2123  norma=0.592909  lr=7.09e-05
  [batch 2/7] CE=0.2007  norma=0.593007  lr=6.46e-05
  [batch 3/7] CE=0.1665  norma=0.595321  lr=5.86e-05
  [batch 4/7] CE=0.1413  norma=0.596924  lr=5.28e-05
  [batch 5/7] CE=0.1095  norma=0.597022  lr=4.71e-05
  [batch 6/7] CE=0.1051  norma=0.595374  lr=4.18e-05
  [batch 7/7] CE=0.0690  norma=0.594980  lr=3.67e-05
  held-out head CE por entrada: prompt=1.2347  prompt_es=1.3455  prompt_de=1.8843

Epoch 6: CE train (trayectoria)=0.1435  norma=0.594980
  CE head del checkpoint:  train=0.8457   held-out=1.4882   brecha=+0.6425
  held-out CE  head(primeros 5): con parche=1.4882  sin parche=4.9134  delta=-3.4253
               toda la respuesta      : con parche=0.8240  sin parche=2.1912  delta=-1.3672
----------------------------------------------------------------------

######################################################################
EPOCH 7/8
######################################################################
  [batch 1/7] CE=0.2275  norma=0.594676  lr=3.18e-05
  [batch 2/7] CE=0.1970  norma=0.593902  lr=2.73e-05
  [batch 3/7] CE=0.1632  norma=0.594942  lr=2.31e-05
  [batch 4/7] CE=0.1475  norma=0.596115  lr=1.92e-05
  [batch 5/7] CE=0.1357  norma=0.596085  lr=1.56e-05
  [batch 6/7] CE=0.1050  norma=0.595546  lr=1.24e-05
  [batch 7/7] CE=0.1043  norma=0.596041  lr=9.53e-06
  held-out head CE por entrada: prompt=0.7040  prompt_es=0.8202  prompt_de=1.4841

Epoch 7: CE train (trayectoria)=0.1543  norma=0.596041
  CE head del checkpoint:  train=0.4920   held-out=1.0028   brecha=+0.5108
  held-out CE  head(primeros 5): con parche=1.0028  sin parche=4.9134  delta=-3.9107
               toda la respuesta      : con parche=0.6143  sin parche=2.1912  delta=-1.5768
  * mejor TRAIN hasta ahora (head CE 0.4920)
----------------------------------------------------------------------

######################################################################
EPOCH 8/8
######################################################################
  [batch 1/7] CE=0.2613  norma=0.595801  lr=7.03e-06
  [batch 2/7] CE=0.2401  norma=0.595179  lr=4.89e-06
  [batch 3/7] CE=0.2138  norma=0.594900  lr=3.14e-06
  [batch 4/7] CE=0.2247  norma=0.595109  lr=1.77e-06
  [batch 5/7] CE=0.1907  norma=0.595292  lr=7.87e-07
  [batch 6/7] CE=0.1273  norma=0.595308  lr=1.97e-07
  [batch 7/7] CE=0.0727  norma=0.595312  lr=0.00e+00
  held-out head CE por entrada: prompt=0.5028  prompt_es=0.5293  prompt_de=1.1402

Epoch 8: CE train (trayectoria)=0.1901  norma=0.595312
  CE head del checkpoint:  train=0.1773   held-out=0.7241   brecha=+0.5468
  held-out CE  head(primeros 5): con parche=0.7241  sin parche=4.9134  delta=-4.1894
               toda la respuesta      : con parche=0.4658  sin parche=2.1912  delta=-1.7254
  * mejor HELD-OUT hasta ahora (head CE 0.7241)
  * mejor TRAIN hasta ahora (head CE 0.1773)
----------------------------------------------------------------------

Guardando el parche de la epoch 8 (head CE 0.7241)

======================================================================
CURVA POR EPOCH (CE del head sobre el checkpoint de esa epoch)
 epoch     train   held-out    brecha     norma
-----------------------------------------------
     1    0.9305     1.1296   +0.1991    0.4798
     2    1.1863     1.2793   +0.0930    0.5416
     3    0.6660     0.9620   +0.2960    0.5716
     4    0.8144     1.3265   +0.5121    0.5869
     5    0.9238     1.3973   +0.4736    0.5930
     6    0.8457     1.4882   +0.6425    0.5950
     7    0.4920     1.0028   +0.5108    0.5960
     8    0.1773     0.7241   +0.5468    0.5953  <- mejor held-out  <- mejor train

  mejor por HELD-OUT: epoch 8 (CE 0.7241)  -> runs/v5_header_head_multi/lang_patch_best_heldout.pt
  mejor por TRAIN   : epoch 8 (CE 0.1773)  -> runs/v5_header_head_multi/lang_patch_best_train.pt

======================================================================
Norma final: 0.595312
  posicion 0: 0.255064
  posicion 1: 0.339263
  posicion 2: 0.417419

Guardado: runs/v5_header_head_multi/lang_patch.pt
          runs/v5_header_head_multi/lang_metadata.pt
