Gate de calidad sobre train: 200/200
`torch_dtype` is deprecated! Use `dtype` instead!
Loading checkpoint shards:   0%|          | 0/2 [00:00<?, ?it/s]Loading checkpoint shards:  50%|█████     | 1/2 [00:01<00:01,  1.03s/it]Loading checkpoint shards: 100%|██████████| 2/2 [00:01<00:00,  1.64it/s]Loading checkpoint shards: 100%|██████████| 2/2 [00:01<00:00,  1.49it/s]

Train: 200  |  Held-out: 50  |  diagnostico: 20

Activaciones (runs/_act_cache):
  cache HIT   clean  250 filas  43 MB  acts_clean_d98aa8a458e8f783.pt
  cache HIT   frq    250 filas  43 MB  acts_frq_dd2077e85abd976e.pt
d estimada sobre 200/200 filas de train  (target: frq)
  norma de d en las capas objetivo: l12=5.84  l13=5.84  l14=5.93  l15=6.23  l16=7.29
  (verificar contra mean_diff_ctrl.json: si no coincide, el d que optimizas no es el que reporta la geometria)
Objetivo: ACTIVACIONES  |  target: frq  |  capas: [12, 13, 14, 15, 16]
Loss: proj   (solo la PROYECCION sobre d; lo ortogonal queda libre)
L2: 0.055  |  step: 0.00025 (cosine)  |  posiciones: 3
Epochs: 8  |  batch: 32 (7 batches/epoch)  |  steps/batch: 20
======================================================================

######################################################################
EPOCH 1/8
######################################################################
  [batch 1/7] band=0.9268  norma=0.403943  lr=2.50e-04
  [batch 2/7] band=0.5040  norma=0.594647  lr=2.49e-04
  [batch 3/7] band=0.0302  norma=0.581256  lr=2.48e-04
  [batch 4/7] band=0.0043  norma=0.515618  lr=2.47e-04
  [batch 5/7] band=0.0055  norma=0.465504  lr=2.45e-04
  [batch 6/7] band=0.0057  norma=0.429647  lr=2.43e-04
  [batch 7/7] band=0.0022  norma=0.393277  lr=2.41e-04

Epoch 1: band (trayectoria)=0.2112   norma=0.393277
  band del checkpoint:  train=2.2633   held-out=2.1934   brecha=-0.0698   (1.0 = no hizo nada)
   capa      rel      cos      mag   (held-out, * = entrenada)
      4    4.373    0.164    1.973
      8    1.968    0.305    1.317
     12    1.514    0.592    1.499   *
     13    2.008    0.527    1.624   *
     14    2.445    0.493    1.747   *
     15    2.315    0.491    1.703   *
     16    2.685    0.430    1.731   *
     20    2.336    0.347    1.515
     24    1.831    0.274    1.193
     28    1.506    0.266    1.001
  * mejor HELD-OUT hasta ahora (2.1934)
  * mejor TRAIN hasta ahora (2.2633)

######################################################################
EPOCH 2/8
######################################################################
  [batch 1/7] band=0.0099  norma=0.402664  lr=2.38e-04
  [batch 2/7] band=0.0035  norma=0.391581  lr=2.35e-04
  [batch 3/7] band=0.0039  norma=0.384131  lr=2.31e-04
  [batch 4/7] band=0.0020  norma=0.373421  lr=2.27e-04
  [batch 5/7] band=0.0028  norma=0.368889  lr=2.23e-04
  [batch 6/7] band=0.0023  norma=0.355930  lr=2.18e-04
  [batch 7/7] band=0.0014  norma=0.338086  lr=2.14e-04

Epoch 2: band (trayectoria)=0.0037   norma=0.338086
  band del checkpoint:  train=2.2927   held-out=2.2608   brecha=-0.0319   (1.0 = no hizo nada)
   capa      rel      cos      mag   (held-out, * = entrenada)
      4    4.138    0.170    1.935
      8    1.916    0.311    1.304
     12    1.578    0.589    1.535   *
     13    2.087    0.529    1.667   *
     14    2.423    0.497    1.757   *
     15    2.270    0.497    1.702   *
     16    2.946    0.430    1.809   *
     20    2.445    0.356    1.572
     24    1.916    0.273    1.235
     28    1.552    0.265    1.027

######################################################################
EPOCH 3/8
######################################################################
  [batch 1/7] band=0.0079  norma=0.358020  lr=2.08e-04
  [batch 2/7] band=0.0023  norma=0.355378  lr=2.03e-04
  [batch 3/7] band=0.0028  norma=0.350084  lr=1.98e-04
  [batch 4/7] band=0.0013  norma=0.342397  lr=1.92e-04
  [batch 5/7] band=0.0019  norma=0.343981  lr=1.86e-04
  [batch 6/7] band=0.0017  norma=0.336395  lr=1.79e-04
  [batch 7/7] band=0.0011  norma=0.324799  lr=1.73e-04

Epoch 3: band (trayectoria)=0.0027   norma=0.324799
  band del checkpoint:  train=2.3293   held-out=2.3185   brecha=-0.0108   (1.0 = no hizo nada)
   capa      rel      cos      mag   (held-out, * = entrenada)
      4    4.103    0.175    1.939
      8    1.893    0.315    1.297
     12    1.649    0.598    1.592   *
     13    2.164    0.545    1.733   *
     14    2.511    0.515    1.827   *
     15    2.327    0.521    1.770   *
     16    2.942    0.451    1.864   *
     20    2.492    0.372    1.624
     24    1.959    0.276    1.271
     28    1.564    0.266    1.047

######################################################################
EPOCH 4/8
######################################################################
  [batch 1/7] band=0.0051  norma=0.335925  lr=1.66e-04
  [batch 2/7] band=0.0018  norma=0.331008  lr=1.60e-04
  [batch 3/7] band=0.0024  norma=0.333633  lr=1.53e-04
  [batch 4/7] band=0.0010  norma=0.324463  lr=1.46e-04
  [batch 5/7] band=0.0015  norma=0.324704  lr=1.39e-04
  [batch 6/7] band=0.0016  norma=0.318936  lr=1.32e-04
  [batch 7/7] band=0.0009  norma=0.310023  lr=1.25e-04

Epoch 4: band (trayectoria)=0.0021   norma=0.310023
  band del checkpoint:  train=2.2226   held-out=2.1929   brecha=-0.0296   (1.0 = no hizo nada)
   capa      rel      cos      mag   (held-out, * = entrenada)
      4    4.263    0.175    1.981
      8    1.913    0.317    1.310
     12    1.667    0.601    1.607   *
     13    2.118    0.549    1.724   *
     14    2.385    0.521    1.792   *
     15    2.173    0.523    1.716   *
     16    2.622    0.458    1.771   *
     20    2.237    0.386    1.543
     24    1.846    0.284    1.226
     28    1.501    0.266    1.009
  * mejor HELD-OUT hasta ahora (2.1929)
  * mejor TRAIN hasta ahora (2.2226)

######################################################################
EPOCH 5/8
######################################################################
  [batch 1/7] band=0.0055  norma=0.322259  lr=1.18e-04
  [batch 2/7] band=0.0017  norma=0.318945  lr=1.11e-04
  [batch 3/7] band=0.0023  norma=0.322096  lr=1.04e-04
  [batch 4/7] band=0.0009  norma=0.315110  lr=9.73e-05
  [batch 5/7] band=0.0013  norma=0.317092  lr=9.05e-05
  [batch 6/7] band=0.0013  norma=0.314147  lr=8.38e-05
  [batch 7/7] band=0.0007  norma=0.305688  lr=7.73e-05

Epoch 5: band (trayectoria)=0.0020   norma=0.305688
  band del checkpoint:  train=2.2141   held-out=2.1837   brecha=-0.0303   (1.0 = no hizo nada)
   capa      rel      cos      mag   (held-out, * = entrenada)
      4    4.395    0.172    2.012
      8    1.936    0.319    1.325
     12    1.674    0.604    1.618   *
     13    2.134    0.553    1.742   *
     14    2.404    0.526    1.811   *
     15    2.165    0.534    1.731   *
     16    2.541    0.473    1.773   *
     20    2.198    0.396    1.548
     24    1.825    0.292    1.231
     28    1.483    0.272    1.009
  * mejor HELD-OUT hasta ahora (2.1837)
  * mejor TRAIN hasta ahora (2.2141)

######################################################################
EPOCH 6/8
######################################################################
  [batch 1/7] band=0.0046  norma=0.316567  lr=7.09e-05
  [batch 2/7] band=0.0016  norma=0.314736  lr=6.46e-05
  [batch 3/7] band=0.0022  norma=0.317229  lr=5.86e-05
  [batch 4/7] band=0.0008  norma=0.310209  lr=5.28e-05
  [batch 5/7] band=0.0012  norma=0.310886  lr=4.71e-05
  [batch 6/7] band=0.0012  norma=0.307959  lr=4.18e-05
  [batch 7/7] band=0.0006  norma=0.302589  lr=3.67e-05

Epoch 6: band (trayectoria)=0.0017   norma=0.302589
  band del checkpoint:  train=2.2633   held-out=2.2198   brecha=-0.0435   (1.0 = no hizo nada)
   capa      rel      cos      mag   (held-out, * = entrenada)
      4    4.426    0.173    2.019
      8    1.944    0.321    1.331
     12    1.684    0.606    1.626   *
     13    2.160    0.555    1.756   *
     14    2.454    0.528    1.834   *
     15    2.192    0.541    1.754   *
     16    2.610    0.483    1.816   *
     20    2.221    0.405    1.572
     24    1.840    0.297    1.249
     28    1.486    0.276    1.019

######################################################################
EPOCH 7/8
######################################################################
  [batch 1/7] band=0.0043  norma=0.312472  lr=3.18e-05
  [batch 2/7] band=0.0016  norma=0.309923  lr=2.73e-05
  [batch 3/7] band=0.0025  norma=0.311398  lr=2.31e-05
  [batch 4/7] band=0.0008  norma=0.306213  lr=1.92e-05
  [batch 5/7] band=0.0013  norma=0.307068  lr=1.56e-05
  [batch 6/7] band=0.0015  norma=0.307000  lr=1.24e-05
  [batch 7/7] band=0.0006  norma=0.301899  lr=9.53e-06

Epoch 7: band (trayectoria)=0.0018   norma=0.301899
  band del checkpoint:  train=2.2955   held-out=2.2731   brecha=-0.0224   (1.0 = no hizo nada)
   capa      rel      cos      mag   (held-out, * = entrenada)
      4    4.482    0.173    2.034
      8    1.957    0.321    1.339
     12    1.715    0.604    1.640   *
     13    2.215    0.553    1.778   *
     14    2.527    0.527    1.863   *
     15    2.249    0.545    1.784   *
     16    2.660    0.491    1.852   *
     20    2.276    0.410    1.607
     24    1.866    0.300    1.270
     28    1.500    0.281    1.036

######################################################################
EPOCH 8/8
######################################################################
  [batch 1/7] band=0.0040  norma=0.307014  lr=7.03e-06
  [batch 2/7] band=0.0021  norma=0.306507  lr=4.89e-06
  [batch 3/7] band=0.0035  norma=0.306498  lr=3.14e-06
  [batch 4/7] band=0.0008  norma=0.305731  lr=1.77e-06
  [batch 5/7] band=0.0017  norma=0.306289  lr=7.87e-07
  [batch 6/7] band=0.0012  norma=0.306355  lr=1.97e-07
  [batch 7/7] band=0.0006  norma=0.306329  lr=0.00e+00

Epoch 8: band (trayectoria)=0.0020   norma=0.306329
  band del checkpoint:  train=2.4379   held-out=2.3861   brecha=-0.0518   (1.0 = no hizo nada)
   capa      rel      cos      mag   (held-out, * = entrenada)
      4    4.513    0.173    2.043
      8    1.968    0.321    1.346
     12    1.771    0.601    1.661   *
     13    2.309    0.546    1.805   *
     14    2.639    0.521    1.897   *
     15    2.344    0.545    1.822   *
     16    2.867    0.492    1.928   *
     20    2.445    0.411    1.677
     24    1.957    0.300    1.317
     28    1.540    0.284    1.068

======================================================================
 epoch     train   held-out    brecha     norma
     1    2.2633     2.1934   -0.0698    0.3933
     2    2.2927     2.2608   -0.0319    0.3381
     3    2.3293     2.3185   -0.0108    0.3248
     4    2.2226     2.1929   -0.0296    0.3100
     5    2.2141     2.1837   -0.0303    0.3057  <- mejor held-out  <- mejor train
     6    2.2633     2.2198   -0.0435    0.3026
     7    2.2955     2.2731   -0.0224    0.3019
     8    2.4379     2.3861   -0.0518    0.3063

Norma final: 0.305688  (v_CE de referencia: 0.8021 -- aca la norma es RESULTADO, no hiperparametro)
  posicion 0: 0.276212
  posicion 1: 0.099889
  posicion 2: 0.084702

Guardado en runs/act_band12_16_proj/
El .pt tiene el mismo formato que train_lang_patch.py: se evalua con
  python3 -u eval_lang_patch.py --model ... --patch runs/act_band12_16_proj/lang_patch.pt
