Celda: de_up  |  base: attributes/french/targets_french_v5.csv (250 filas)
Instruccion: 'upper(targets_de.csv)'
======================================================================
targets de_up:   0%|          | 0/250 [00:00<?, ?it/s]targets de_up: 100%|██████████| 250/250 [00:00<00:00, 6367.35it/s]

======================================================================
REFERENCIA NATURAL  M([de_up ; q])
  veredictos de idioma       : {'de': 245, 'unknown': 5}
  en mayusculas              : 250/250   (la celda pide SI)
  celda ok (idioma y formato): 250/250
  respuesta correcta         : 197/250   (subestimada: alias en/fr, simbolos en mayusculas)
  pasan el gate              : 250/250   (train, primeros 80%: 200/200)
  quisieron seguir de turno  : 0/250

Filas con answer_correct=False que SI entran a train (53); mirarlas a ojo,
casi todas son nombres traducidos o simbolos en mayusculas, no respuestas malas:
  [0] answer='South America'        -> 'DIE AMAZONAS-WÄLDER BEFINDEN SICH AUF DEM KONTINENT SÜDAMERIKA.'
  [3] answer='Russia'               -> 'DAS GRÖSSTE LAND DER WELT NACH FLÄCHE IST RUSSLAND.'
  [9] answer='Antarctic'            -> 'DIE GRÖSSTE KALTE WÜSTE AUF DER ERDE IST DER ANTARKTIS.'
  [13] answer='Mg'                   -> 'DAS CHEMISCHE SYMBOL FÜR MAGNESIUM IST MG.'
  [26] answer='Ganymede'             -> 'DIE GRÖSSTE MOND VON JUPITER IST GANYMED.'
  [36] answer='Dostoevsky'           -> '"SCHULD UND SÜHNE" WURDE VON FJODOR DOSTOJEWSKI GESCHRIEBEN.'
  [39] answer='Lisbon'               -> 'DIE HAUPTSTADT PORTUGALS IST LISSABON.'
  [52] answer='Milky Way'            -> 'UNSERE SONNENSYSTEM BEFINDET SICH IN DER MILCHSTRASSE, EINER SPIRALGALAXIE.'
  [63] answer='Stravinsky'           -> '"LE SACRE DU PRINTEMPS" (DAS FRÜHLINGSOPFER) WURDE VON IGOR STRAWINSKY KOMPONIER'
  [66] answer='nitrogen'             -> 'NATURLICH! DIE ANTWORT IST STICKSTOFF (N2). ER MACHT ETWA 78 % DES ERDATMOSPHÄRE'
  [68] answer='Moon'                 -> 'DIE BEZEICHNUNG FÜR DIE ERDSATELLITEN IST MOND.'
  [69] answer='Khartoum'             -> 'DIE HAUPTSTADT VON SUDAN IST KHARTUM.'
  [77] answer='Tchaikovsky'          -> 'DIE KOMPOSITION VON "DER NUSSKNACKER" STAMMT VON PYOTR ILYICH TSCHAJKOWSKY.'
  [82] answer='Copenhagen'           -> 'DIE HAUPTSTADT VON DÄNEMARK IST KOPENHAGEN.'
  [84] answer='300000'               -> 'DIE GESCHWINDIGKEIT DES LICHTS IN VAKUUM BETRÄGT UNGEFÄHR 299.792 KM/S.'
  [92] answer='Hg'                   -> 'DAS CHEMISCHE SYMBOL FÜR QUECKSILBER IST HG.'
  [96] answer='skin'                 -> 'DIE GRÖSSTE ORGANE DES MENSCHLICHEN KÖRPERS IST DIE HAUT. SIE HAT EINE FLÄCHE VO'
  [102] answer='Moscow'               -> 'DIE HAUPTSTADT RUSSLANDS IST MOSKAU.'
  [106] answer='Na'                   -> 'DAS CHEMISCHE SYMBOL FÜR NATRIUM IST NA.'
  [117] answer='Pb'                   -> 'DAS CHEMISCHE SYMBOL FÜR BLEI IST PB.'
  [120] answer='Rome'                 -> 'DIE HAUPTSTADT ITALIENS IST ROM.'
  [121] answer='Ag'                   -> 'DAS CHEMISCHE SYMBOL FÜR SILBER IST AG.'
  [123] answer='Au'                   -> 'DAS CHEMISCHE SYMBOL FÜR GOLD IST AU.'
  [124] answer='Venice'               -> 'DIE BERÜHMTE ITALIENISCHE STADT MIT IHREN KANÄLEN IST VENEDIG.'
  [127] answer='Cu'                   -> 'DAS CHEMISCHE SYMBOL FÜR KUPFER IST CU.'
  [129] answer='Kilimanjaro'          -> 'DIE HÖCHSTE BERGGIPFEL IN AFRIKA IST DER KILIMANDSCHARO, DER SICH IN TANSANIA BE'
  [130] answer='He'                   -> 'DAS CHEMISCHE SYMBOL FÜR HELIUM IST HE.'
  [133] answer='Cairo'                -> 'DIE HAUPTSTADT ÄGYPTENS IST KAIRO.'
  [140] answer='Sn'                   -> 'DAS CHEMISCHE SYMBOL FÜR ZINK IST SN.'
  [149] answer='Warsaw'               -> 'DIE HAUPTSTADT VON POLEN IST WARSCHAU.'
  [156] answer='Sun'                  -> 'DER NÄCHSTE STERN ZUR ERDE IST DIE SONNE.'
  [163] answer='Copernicus'           -> 'DER HELIOCENTRISMUSMODELL DES SONNENSYSTEMS WURDE 1543 VON NICOLAUS KOPERNIKUS V'
  [170] answer='Vatican'              -> 'DAS IST EINE EINFACHE FRAGE!\n\nDIE KLEINSTE LÄNDER DER WELT NACH FLÄCHE SIND FOLG'
  [172] answer='Mendeleev'            -> 'DIE PERIODELEMENTARTABLE WURDE VON DMITRI MENDELEJEW FORMULIERT.'
  [174] answer='Arctic'               -> 'DER KLEINSTE OZEAN AUF DER ERDE IST DER ARKTISCHE OZEAN.'
  [183] answer='As'                   -> 'DAS CHEMISCHE SYMBOL FÜR ARSEN IST AS.'
  [185] answer='Africa'               -> 'ÄGYPTEN LIEGT ÜBERWIEGEND AUF DEM KONTINENT AFRIKA.'
  [192] answer='Ca'                   -> 'DAS CHEMISCHE SYMBOL FÜR KALZIUM IST CA.'
  [198] answer='Fe'                   -> 'DAS CHEMISCHE SYMBOL FÜR EISEN IST FE.'
  [200] answer='Kyiv'                 -> 'DIE HAUPTSTADT DER UKRAINE IST KIEW.'

Guardado en '/home/matias-avendano/Desktop/evolucion/LLMAtaquesContinuos/experimentos/idiomas/algebra/targets/targets_de_up.csv'
