Celda: es_up  |  base: attributes/french/targets_french_v5.csv (250 filas)
Instruccion: 'upper(targets_es.csv)'
======================================================================
targets es_up:   0%|          | 0/250 [00:00<?, ?it/s]targets es_up: 100%|██████████| 250/250 [00:00<00:00, 6853.53it/s]

======================================================================
REFERENCIA NATURAL  M([es_up ; q])
  veredictos de idioma       : {'es': 243, 'unknown': 7}
  en mayusculas              : 250/250   (la celda pide SI)
  celda ok (idioma y formato): 250/250
  respuesta correcta         : 194/250   (subestimada: alias en/fr, simbolos en mayusculas)
  pasan el gate              : 250/250   (train, primeros 80%: 200/200)
  quisieron seguir de turno  : 0/250

Filas con answer_correct=False que SI entran a train (56); mirarlas a ojo,
casi todas son nombres traducidos o simbolos en mayusculas, no respuestas malas:
  [0] answer='South America'        -> 'LA SELVA AMAZÓNICA SE ENCUENTRA EN EL CONTINENTE DE AMÉRICA DEL SUR.'
  [3] answer='Russia'               -> 'EL PAÍS MÁS GRANDE DEL MUNDO POR ÁREA ES RUSIA.'
  [7] answer='Havana'               -> 'LA CAPITAL DE CUBA ES LA HABANA.'
  [8] answer='Seine'                -> 'EL RÍO QUE FLUYE POR PARÍS ES EL RÍO SENA.'
  [9] answer='Antarctic'            -> 'EL DESIERTO FRÍO MÁS GRANDE DE LA TIERRA ES LA ANTÁRTIDA, QUE ES UN DESIERTO POL'
  [13] answer='Mg'                   -> 'EL SÍMBOLO QUÍMICO DE MAGNESIO ES MG.'
  [25] answer='Alexander'            -> 'EL EMPERADOR MACEDONIO QUE LIDERÓ EL IMPERIO MACEDONIO Y CONQUISTÓ A PERSIA FUE '
  [26] answer='Ganymede'             -> 'EL SATÉLITE MÁS GRANDE DE JÚPITER ES GANÍMEDES.'
  [30] answer='Michelangelo'         -> 'EL TECHO DE LA CAPILLA SIXTINA FUE PINTADO POR EL FAMOSO ARTISTA ITALIANO MIGUEL'
  [39] answer='Lisbon'               -> 'LA CAPITAL DE PORTUGAL ES LISBOA.'
  [46] answer='Hannibal'             -> 'ERA EL GENERAL CARTAGINÉS ANÍBAL.'
  [51] answer='mitochondria'         -> 'LA MITOCONDRIA ES EL ORGÁNULO QUE PRODUCE LA ENERGÍA DE LA CÉLULA, POR ESO SE LA'
  [52] answer='Milky Way'            -> 'NUESTRA SISTEMA SOLAR SE ENCUENTRA EN LA GALAXIA DE LA VÍA LÁCTEA.'
  [53] answer='Uranus'               -> 'EL GIGANTE DE HIELO QUE ORBITA ENTRE SATURNO Y NEPTUNO ES URANO.'
  [68] answer='Moon'                 -> 'EL NOMBRE DE LA ÚNICA LUNA NATURAL DE LA TIERRA ES LA LUNA.'
  [69] answer='Khartoum'             -> 'LA CAPITAL DE SUDÁN ES JARTUM.'
  [84] answer='300000'               -> 'LA VELOCIDAD DE LA LUZ EN VACÍO SE APROXIMA A 299.792 KILÓMETROS POR SEGUNDO.'
  [90] answer='Seoul'                -> 'LA CAPITAL DE COREA DEL SUR ES SEÚL.'
  [92] answer='Hg'                   -> 'EL SÍMBOLO QUÍMICO DEL MERCURIO ES HG.'
  [96] answer='skin'                 -> 'EL ÓRGANO MÁS GRANDE DEL CUERPO HUMANO ES LA PIEL.'
  [99] answer='Jakarta'              -> 'LA CAPITAL DE INDONESIA ES YAKARTA.'
  [100] answer='Thames'               -> 'EL RÍO QUE FLUYE A TRAVÉS DE LONDRES ES EL RÍO TÁMESIS.'
  [102] answer='Moscow'               -> 'LA CAPITAL DE RUSIA ES MOSCÚ.'
  [106] answer='Na'                   -> 'EL SÍMBOLO QUÍMICO DEL SODIO ES NA.'
  [114] answer='Accra'                -> 'LA CAPITAL DE GHANA ES ACRA.'
  [117] answer='Pb'                   -> 'EL SÍMBOLO QUÍMICO DEL PLOMO ES PB.'
  [120] answer='Rome'                 -> 'LA CAPITAL DE ITALIA ES ROMA.'
  [121] answer='Ag'                   -> 'EL SÍMBOLO QUÍMICO DEL PLOMO ES AG.'
  [123] answer='Au'                   -> 'EL SÍMBOLO QUÍMICO DEL ORO ES AU.'
  [124] answer='Venice'               -> 'VENECIA ES LA CIUDAD ITALIANA FAMOSA POR SUS CANALES.'
  [127] answer='Cu'                   -> 'EL SÍMBOLO QUÍMICO DEL COBRE ES CU.'
  [130] answer='He'                   -> 'EL SÍMBOLO QUÍMICO DE HELIO ES HE.'
  [137] answer='Augustus'             -> 'EL PRIMER EMPERADOR DE ROMA FUE AUGUSTO, TAMBIÉN CONOCIDO COMO OCTAVIO. FUE EL P'
  [138] answer='Jerusalem'            -> 'LA CAPITAL DE ISRAEL ES JERUSALÉN, AUNQUE MUCHOS PAÍSES TIENEN SUS EMBAJADAS EN '
  [140] answer='Sn'                   -> 'EL SÍMBOLO QUÍMICO PARA EL PLOMO ES SN.'
  [149] answer='Warsaw'               -> 'LA CAPITAL DE POLONIA ES VARSOVIA.'
  [156] answer='Sun'                  -> 'LA ESTRELLA MÁS CERCANA A LA TIERRA ES EL SOL.'
  [162] answer='Mars'                 -> 'EL PLANETA CONOCIDO COMO EL PLANETA ROJO ES MARTE.'
  [174] answer='Arctic'               -> 'EL OCÉANO MÁS PEQUEÑO DE LA TIERRA ES EL OCÉANO ÁRTICO.'
  [178] answer='Stockholm'            -> 'EL CAPITAL DE SUECIA ES ESTOCOLMO.'

Guardado en '/home/matias-avendano/Desktop/evolucion/LLMAtaquesContinuos/experimentos/idiomas/algebra/targets/targets_es_up.csv'
