# Etapa D: chequeos sin generación

## Normas y cosenos

Referencia del paper: réplica de alg_fr con otro orden de batches = 0.49; dos direcciones al azar en d=3072 = ±0.018.

| vector | ‖v‖ | v8_fr | paper_fr | v8_es | paper_es | v8_de | paper_de |
|---|---|---|---|---|---|---|---|
| v8_fr | 0.871 | 1.00 | 0.25 | 0.31 | 0.14 | 0.20 | 0.12 |
| paper_fr | 0.842 | 0.25 | 1.00 | 0.17 | 0.25 | 0.14 | 0.19 |
| v8_es | 0.901 | 0.31 | 0.17 | 1.00 | 0.25 | 0.22 | 0.14 |
| paper_es | 0.865 | 0.14 | 0.25 | 0.25 | 1.00 | 0.13 | 0.17 |
| v8_de | 0.964 | 0.20 | 0.14 | 0.22 | 0.13 | 1.00 | 0.24 |
| paper_de | 0.849 | 0.12 | 0.19 | 0.14 | 0.17 | 0.24 | 1.00 |

Celda fr: ‖v‖ = 0.871; supera la norma del 3.0% del vocabulario y del 0.9% de los tokens de las preguntas; distancia mediana token-vecino 0.96.

Celda es: ‖v‖ = 0.901; supera la norma del 4.9% del vocabulario y del 1.7% de los tokens de las preguntas; distancia mediana token-vecino 0.96.

Celda de: ‖v‖ = 0.964; supera la norma del 13.3% del vocabulario y del 4.4% de los tokens de las preguntas; distancia mediana token-vecino 0.95.

## Token más cercano de e + α·v (§4.1)

| celda | α | entrada | tokens | % cambia (L2) | % cambia (coseno) |
|---|---|---|---|---|---|
| fr | 0.5 | en | 844 | 0 | 0 |
| fr | 0.5 | es | 1343 | 0 | 0 |
| fr | 0.5 | de | 1287 | 0 | 0 |
| fr | 1.0 | en | 844 | 0 | 0 |
| fr | 1.0 | es | 1343 | 0 | 0 |
| fr | 1.0 | de | 1287 | 0 | 0 |
| fr | 2.0 | en | 844 | 0 | 0 |
| fr | 2.0 | es | 1343 | 0 | 0 |
| fr | 2.0 | de | 1287 | 0 | 0 |
| fr | 4.0 | en | 844 | 0 | 0 |
| fr | 4.0 | es | 1343 | 0 | 0 |
| fr | 4.0 | de | 1287 | 0 | 0 |
| fr | 8.0 | en | 844 | 49 | 52 |
| fr | 8.0 | es | 1343 | 24 | 24 |
| fr | 8.0 | de | 1287 | 24 | 26 |
| es | 0.5 | en | 844 | 0 | 0 |
| es | 0.5 | de | 1287 | 0 | 0 |
| es | 0.5 | fr | 1417 | 0 | 0 |
| es | 1.0 | en | 844 | 0 | 0 |
| es | 1.0 | de | 1287 | 0 | 0 |
| es | 1.0 | fr | 1417 | 0 | 0 |
| es | 2.0 | en | 844 | 0 | 0 |
| es | 2.0 | de | 1287 | 0 | 0 |
| es | 2.0 | fr | 1417 | 0 | 0 |
| es | 4.0 | en | 844 | 0 | 0 |
| es | 4.0 | de | 1287 | 0 | 0 |
| es | 4.0 | fr | 1417 | 0 | 0 |
| es | 8.0 | en | 844 | 27 | 29 |
| es | 8.0 | de | 1287 | 12 | 13 |
| es | 8.0 | fr | 1417 | 18 | 17 |
| de | 0.5 | en | 844 | 0 | 0 |
| de | 0.5 | es | 1343 | 0 | 0 |
| de | 0.5 | fr | 1417 | 0 | 0 |
| de | 1.0 | en | 844 | 0 | 0 |
| de | 1.0 | es | 1343 | 0 | 0 |
| de | 1.0 | fr | 1417 | 0 | 0 |
| de | 2.0 | en | 844 | 0 | 0 |
| de | 2.0 | es | 1343 | 0 | 0 |
| de | 2.0 | fr | 1417 | 0 | 0 |
| de | 4.0 | en | 844 | 0 | 0 |
| de | 4.0 | es | 1343 | 0 | 0 |
| de | 4.0 | fr | 1417 | 0 | 0 |
| de | 8.0 | en | 844 | 0 | 10 |
| de | 8.0 | es | 1343 | 1 | 7 |
| de | 8.0 | fr | 1417 | 0 | 1 |


reporte: algebra/runs/v8/reportes/D.md
