Gate de calidad sobre train: 200/200
`torch_dtype` is deprecated! Use `dtype` instead!
Loading checkpoint shards:   0%|          | 0/2 [00:00<?, ?it/s]Loading checkpoint shards:  50%|█████     | 1/2 [00:01<00:01,  1.02s/it]Loading checkpoint shards: 100%|██████████| 2/2 [00:01<00:00,  1.67it/s]Loading checkpoint shards: 100%|██████████| 2/2 [00:01<00:00,  1.51it/s]

Train: 200  |  Held-out: 50  |  diagnostico: 20

Activaciones (runs/_act_cache):
  cache HIT   clean  250 filas  43 MB  acts_clean_d98aa8a458e8f783.pt
  cache HIT   frq    250 filas  43 MB  acts_frq_dd2077e85abd976e.pt
d estimada sobre 200/200 filas de train  (target: frq)
  (verificar contra mean_diff_ctrl.json: si no coincide, el d que optimizas no es el que reporta la geometria)

Parche: runs/act_l12_frq/lang_patch.pt
  norma 0.9082  |  shape [1, 3, 3072]
  ESTADISTICO: media de cosenos por prompt (NO el coseno de las medias de mean_diff_vectors.py)

                                       H E L D - O U T                TRAIN
 capa      rel      cos      mag      par      ort   |      rel      cos
------------------------------------------------------------------------
    1    8.544   -0.077    2.607   -0.203    2.597   |    9.711   -0.082
    2    2.403    0.057    1.234    0.069    1.232   |    2.496    0.049
    3    4.641    0.098    1.998    0.199    1.987   |    4.745    0.100
    4    2.509    0.157    1.390    0.216    1.372   |    2.478    0.167
    5    1.634    0.303    1.152    0.351    1.096   |    1.715    0.316
    6    1.379    0.278    0.954    0.268    0.913   |    1.400    0.299
    7    0.939    0.504    0.941    0.475    0.811   |    0.947    0.514
    8    0.436    0.759    0.860    0.657    0.553   |    0.420    0.772
    9    0.331    0.821    0.878    0.726    0.486   |    0.308    0.836
   10    0.283    0.848    0.910    0.777    0.463   |    0.259    0.864
   11    0.235    0.876    0.939    0.827    0.434   |    0.215    0.890
   12    0.196    0.898    0.957    0.863    0.402   |    0.174    0.912
   13    0.295    0.848    0.970    0.826    0.497   |    0.264    0.865
   14    0.363    0.822    1.017    0.841    0.562   |    0.329    0.840
   15    0.419    0.800    1.030    0.831    0.596   |    0.375    0.820
   16    0.428    0.787    0.999    0.798    0.586   |    0.394    0.803
   17    0.461    0.774    1.019    0.802    0.613   |    0.441    0.788
   18    0.473    0.770    1.030    0.807    0.624   |    0.455    0.786
   19    0.526    0.750    1.054    0.806    0.662   |    0.516    0.764
   20    0.595    0.732    1.097    0.818    0.715   |    0.561    0.753
   21    0.650    0.713    1.117    0.813    0.750   |    0.598    0.738
   22    0.652    0.718    1.132    0.828    0.757   |    0.601    0.738
   23    0.661    0.713    1.133    0.825    0.763   |    0.618    0.731
   24    0.595    0.726    1.093    0.811    0.718   |    0.547    0.750
   25    0.654    0.705    1.109    0.801    0.754   |    0.592    0.734
   26    0.690    0.699    1.133    0.810    0.780   |    0.632    0.725
   27    0.663    0.707    1.121    0.810    0.763   |    0.607    0.733
   28    0.632    0.711    1.096    0.800    0.736   |    0.572    0.740

Promedio capas 12..28 sobre held-out:  cos=0.757   rel=0.527
Para la brecha entre estadisticos, compara ese cos contra cos_patch_frq del mean_diff del MISMO parche.

Guardado: /mnt/custom-file-systems/efs/fs-0ded2930a619aa967_fsap-0faa05c681ed1a8f3/papers/LLMAtaquesContinuos/experimentos/idiomas/runs/act_l12_frq/profile.json
          /mnt/custom-file-systems/efs/fs-0ded2930a619aa967_fsap-0faa05c681ed1a8f3/papers/LLMAtaquesContinuos/experimentos/idiomas/runs/act_l12_frq/profile_deltas.pt   (mean_delta, deltas por prompt, y d)
