Gate de calidad sobre train: 200/200
`torch_dtype` is deprecated! Use `dtype` instead!
Loading checkpoint shards:   0%|          | 0/2 [00:00<?, ?it/s]Loading checkpoint shards:  50%|█████     | 1/2 [00:01<00:01,  1.34s/it]Loading checkpoint shards: 100%|██████████| 2/2 [00:01<00:00,  1.24it/s]Loading checkpoint shards: 100%|██████████| 2/2 [00:01<00:00,  1.13it/s]

Train: 200  |  Held-out: 50  |  diagnostico: 20
Objetivo: ACTIVACIONES  |  target: frq  |  capas: [12]
L2: 0.055  |  step: 0.00025 (cosine)  |  posiciones: 3

Activaciones (runs/_act_cache):
  cache HIT   clean  250 filas  43 MB  acts_clean_d98aa8a458e8f783.pt
  cache HIT   frq    250 filas  43 MB  acts_frq_dd2077e85abd976e.pt
d estimada sobre 200/200 filas de train
  norma de d en las capas objetivo: l12=5.84
  (verificar contra mean_diff_ctrl.json: si no coincide, el d que optimizas no es el que reporta la geometria)
Epochs: 8  |  batch: 32 (7 batches/epoch)  |  steps/batch: 20
======================================================================

######################################################################
EPOCH 1/8
######################################################################
  [batch 1/7] band=0.9209  norma=0.393441  lr=2.50e-04
  [batch 2/7] band=0.7604  norma=0.508712  lr=2.49e-04
  [batch 3/7] band=0.6705  norma=0.583379  lr=2.48e-04
  [batch 4/7] band=0.5271  norma=0.657004  lr=2.47e-04
  [batch 5/7] band=0.4496  norma=0.708371  lr=2.45e-04
  [batch 6/7] band=0.4238  norma=0.745789  lr=2.43e-04
  [batch 7/7] band=0.3234  norma=0.761742  lr=2.41e-04

Epoch 1: band (trayectoria)=0.5822   norma=0.761742
  band del checkpoint:  train=0.3994   held-out=0.4367   brecha=+0.0372   (1.0 = no hizo nada)
   capa      rel      cos      mag   (held-out, * = entrenada)
      4    2.669    0.109    1.383
      8    0.694    0.556    0.717
     12    0.437    0.755    0.855   *
     16    0.694    0.589    0.806
     20    0.812    0.516    0.821
     24    0.864    0.442    0.751
     28    0.855    0.424    0.711
  * mejor HELD-OUT hasta ahora (0.4367)
  * mejor TRAIN hasta ahora (0.3994)

######################################################################
EPOCH 2/8
######################################################################
  [batch 1/7] band=0.3841  norma=0.784500  lr=2.38e-04
  [batch 2/7] band=0.3650  norma=0.807149  lr=2.35e-04
  [batch 3/7] band=0.3051  norma=0.820389  lr=2.31e-04
  [batch 4/7] band=0.2623  norma=0.831440  lr=2.27e-04
  [batch 5/7] band=0.2611  norma=0.839190  lr=2.23e-04
  [batch 6/7] band=0.2888  norma=0.850017  lr=2.18e-04
  [batch 7/7] band=0.2492  norma=0.857759  lr=2.14e-04

Epoch 2: band (trayectoria)=0.3022   norma=0.857759
  band del checkpoint:  train=0.2892   held-out=0.3117   brecha=+0.0225   (1.0 = no hizo nada)
   capa      rel      cos      mag   (held-out, * = entrenada)
      4    2.686    0.121    1.413
      8    0.575    0.653    0.776
     12    0.312    0.836    0.942   *
     16    0.573    0.700    0.944
     20    0.713    0.637    0.995
     24    0.758    0.584    0.938
     28    0.760    0.563    0.902
  * mejor HELD-OUT hasta ahora (0.3117)
  * mejor TRAIN hasta ahora (0.2892)

######################################################################
EPOCH 3/8
######################################################################
  [batch 1/7] band=0.2652  norma=0.874393  lr=2.08e-04
  [batch 2/7] band=0.2597  norma=0.887656  lr=2.03e-04
  [batch 3/7] band=0.2330  norma=0.893600  lr=1.98e-04
  [batch 4/7] band=0.1984  norma=0.896190  lr=1.92e-04
  [batch 5/7] band=0.2044  norma=0.896806  lr=1.86e-04
  [batch 6/7] band=0.2247  norma=0.902663  lr=1.79e-04
  [batch 7/7] band=0.1987  norma=0.904882  lr=1.73e-04

Epoch 3: band (trayectoria)=0.2263   norma=0.904882
  band del checkpoint:  train=0.2272   held-out=0.2527   brecha=+0.0254   (1.0 = no hizo nada)
   capa      rel      cos      mag   (held-out, * = entrenada)
      4    2.673    0.132    1.426
      8    0.483    0.726    0.827
     12    0.253    0.869    0.948   *
     16    0.481    0.747    0.956
     20    0.632    0.690    1.031
     24    0.655    0.662    0.999
     28    0.676    0.643    0.982
  * mejor HELD-OUT hasta ahora (0.2527)
  * mejor TRAIN hasta ahora (0.2272)

######################################################################
EPOCH 4/8
######################################################################
  [batch 1/7] band=0.2172  norma=0.908327  lr=1.66e-04
  [batch 2/7] band=0.2106  norma=0.911791  lr=1.60e-04
  [batch 3/7] band=0.2060  norma=0.914183  lr=1.53e-04
  [batch 4/7] band=0.1723  norma=0.911730  lr=1.46e-04
  [batch 5/7] band=0.1830  norma=0.909980  lr=1.39e-04
  [batch 6/7] band=0.2027  norma=0.911682  lr=1.32e-04
  [batch 7/7] band=0.1782  norma=0.911868  lr=1.25e-04

Epoch 4: band (trayectoria)=0.1957   norma=0.911868
  band del checkpoint:  train=0.2013   held-out=0.2269   brecha=+0.0256   (1.0 = no hizo nada)
   capa      rel      cos      mag   (held-out, * = entrenada)
      4    2.597    0.141    1.406
      8    0.463    0.742    0.850
     12    0.227    0.882    0.949   *
     16    0.461    0.765    0.972
     20    0.614    0.707    1.052
     24    0.631    0.683    1.023
     28    0.660    0.665    1.014
  * mejor HELD-OUT hasta ahora (0.2269)
  * mejor TRAIN hasta ahora (0.2013)

######################################################################
EPOCH 5/8
######################################################################
  [batch 1/7] band=0.1974  norma=0.914398  lr=1.18e-04
  [batch 2/7] band=0.1944  norma=0.915677  lr=1.11e-04
  [batch 3/7] band=0.1936  norma=0.917571  lr=1.04e-04
  [batch 4/7] band=0.1609  norma=0.914897  lr=9.73e-05
  [batch 5/7] band=0.1726  norma=0.913270  lr=9.05e-05
  [batch 6/7] band=0.1920  norma=0.913621  lr=8.38e-05
  [batch 7/7] band=0.1679  norma=0.913194  lr=7.73e-05

Epoch 5: band (trayectoria)=0.1827   norma=0.913194
  band del checkpoint:  train=0.1898   held-out=0.2157   brecha=+0.0260   (1.0 = no hizo nada)
   capa      rel      cos      mag   (held-out, * = entrenada)
      4    2.544    0.147    1.392
      8    0.453    0.748    0.848
     12    0.216    0.888    0.949   *
     16    0.448    0.775    0.982
     20    0.608    0.717    1.069
     24    0.616    0.701    1.046
     28    0.647    0.685    1.040
  * mejor HELD-OUT hasta ahora (0.2157)
  * mejor TRAIN hasta ahora (0.1898)

######################################################################
EPOCH 6/8
######################################################################
  [batch 1/7] band=0.1878  norma=0.915153  lr=7.09e-05
  [batch 2/7] band=0.1854  norma=0.916120  lr=6.46e-05
  [batch 3/7] band=0.1859  norma=0.917197  lr=5.86e-05
  [batch 4/7] band=0.1536  norma=0.915118  lr=5.28e-05
  [batch 5/7] band=0.1657  norma=0.913438  lr=4.71e-05
  [batch 6/7] band=0.1854  norma=0.913539  lr=4.18e-05
  [batch 7/7] band=0.1618  norma=0.913025  lr=3.67e-05

Epoch 6: band (trayectoria)=0.1751   norma=0.913025
  band del checkpoint:  train=0.1820   held-out=0.2081   brecha=+0.0261   (1.0 = no hizo nada)
   capa      rel      cos      mag   (held-out, * = entrenada)
      4    2.506    0.152    1.382
      8    0.447    0.751    0.849
     12    0.208    0.892    0.951   *
     16    0.442    0.780    0.993
     20    0.604    0.724    1.082
     24    0.604    0.714    1.065
     28    0.637    0.698    1.063
  * mejor HELD-OUT hasta ahora (0.2081)
  * mejor TRAIN hasta ahora (0.1820)

######################################################################
EPOCH 7/8
######################################################################
  [batch 1/7] band=0.1811  norma=0.913588  lr=3.18e-05
  [batch 2/7] band=0.1794  norma=0.913853  lr=2.73e-05
  [batch 3/7] band=0.1804  norma=0.913506  lr=2.31e-05
  [batch 4/7] band=0.1486  norma=0.911855  lr=1.92e-05
  [batch 5/7] band=0.1612  norma=0.909961  lr=1.56e-05
  [batch 6/7] band=0.1813  norma=0.909272  lr=1.24e-05
  [batch 7/7] band=0.1581  norma=0.908408  lr=9.53e-06

Epoch 7: band (trayectoria)=0.1700   norma=0.908408
  band del checkpoint:  train=0.1766   held-out=0.2028   brecha=+0.0262   (1.0 = no hizo nada)
   capa      rel      cos      mag   (held-out, * = entrenada)
      4    2.484    0.157    1.379
      8    0.442    0.754    0.846
     12    0.203    0.894    0.950   *
     16    0.434    0.786    0.998
     20    0.599    0.730    1.095
     24    0.594    0.725    1.087
     28    0.628    0.710    1.088
  * mejor HELD-OUT hasta ahora (0.2028)
  * mejor TRAIN hasta ahora (0.1766)

######################################################################
EPOCH 8/8
######################################################################
  [batch 1/7] band=0.1777  norma=0.908638  lr=7.03e-06
  [batch 2/7] band=0.1766  norma=0.908464  lr=4.89e-06
  [batch 3/7] band=0.1809  norma=0.908850  lr=3.14e-06
  [batch 4/7] band=0.1469  norma=0.908577  lr=1.77e-06
  [batch 5/7] band=0.1602  norma=0.908194  lr=7.87e-07
  [batch 6/7] band=0.1811  norma=0.908185  lr=1.97e-07
  [batch 7/7] band=0.1593  norma=0.908185  lr=0.00e+00

Epoch 8: band (trayectoria)=0.1690   norma=0.908185
  band del checkpoint:  train=0.1737   held-out=0.1964   brecha=+0.0227   (1.0 = no hizo nada)
   capa      rel      cos      mag   (held-out, * = entrenada)
      4    2.509    0.157    1.390
      8    0.436    0.759    0.860
     12    0.196    0.898    0.957   *
     16    0.428    0.787    0.999
     20    0.595    0.732    1.097
     24    0.595    0.726    1.093
     28    0.632    0.711    1.096
  * mejor HELD-OUT hasta ahora (0.1964)
  * mejor TRAIN hasta ahora (0.1737)

======================================================================
 epoch     train   held-out    brecha     norma
     1    0.3994     0.4367   +0.0372    0.7617
     2    0.2892     0.3117   +0.0225    0.8578
     3    0.2272     0.2527   +0.0254    0.9049
     4    0.2013     0.2269   +0.0256    0.9119
     5    0.1898     0.2157   +0.0260    0.9132
     6    0.1820     0.2081   +0.0261    0.9130
     7    0.1766     0.2028   +0.0262    0.9084
     8    0.1737     0.1964   +0.0227    0.9082  <- mejor held-out  <- mejor train

Norma final: 0.908185  (v_CE de referencia: 0.8021 -- aca la norma es RESULTADO, no hiperparametro)
  posicion 0: 0.623266
  posicion 1: 0.488755
  posicion 2: 0.444363

Guardado en runs/act_l12_frq/
El .pt tiene el mismo formato que train_lang_patch.py: se evalua con
  python3 -u eval_lang_patch.py --model ... --patch runs/act_l12_frq/lang_patch.pt
