Celda: es  |  base: attributes/qwen3_smoke/targets_v8_fr.csv (14 filas)
Instruccion: 'nativo(prompt_es)'
======================================================================
`torch_dtype` is deprecated! Use `dtype` instead!
Loading checkpoint shards:   0%|          | 0/3 [00:00<?, ?it/s]Loading checkpoint shards: 100%|██████████| 3/3 [00:00<00:00, 56.95it/s]
targets es:   0%|          | 0/14 [00:00<?, ?it/s][lang_id] GlotLID: /mnt/custom-file-systems/efs/fs-0ded2930a619aa967_fsap-0faa05c681ed1a8f3/papers/LLMAtaquesContinuos/modelos/glotlid/model.bin
targets es:   7%|▋         | 1/14 [00:05<01:14,  5.76s/it]targets es:  14%|█▍        | 2/14 [00:10<01:00,  5.05s/it]targets es:  21%|██▏       | 3/14 [00:10<00:33,  3.02s/it]targets es:  29%|██▊       | 4/14 [00:15<00:36,  3.61s/it]targets es:  36%|███▌      | 5/14 [00:19<00:35,  3.92s/it]targets es:  43%|████▎     | 6/14 [00:20<00:22,  2.78s/it]targets es:  50%|█████     | 7/14 [00:25<00:23,  3.36s/it]targets es:  57%|█████▋    | 8/14 [00:25<00:14,  2.49s/it]targets es:  64%|██████▍   | 9/14 [00:27<00:10,  2.17s/it]targets es:  71%|███████▏  | 10/14 [00:27<00:06,  1.72s/it]targets es:  79%|███████▊  | 11/14 [00:32<00:07,  2.56s/it]targets es:  86%|████████▌ | 12/14 [00:36<00:06,  3.16s/it]targets es:  93%|█████████▎| 13/14 [00:41<00:03,  3.56s/it]targets es: 100%|██████████| 14/14 [00:45<00:00,  3.84s/it]targets es: 100%|██████████| 14/14 [00:45<00:00,  3.27s/it]

======================================================================
REFERENCIA NATURAL  M([es ; q])
  veredictos de idioma       : {'es': 12, 'ca': 2}
  en mayusculas              : 0/14   (la celda pide NO)
  celda ok (idioma y formato): 14/14
  respuesta correcta         : 11/14   (subestimada: alias en/fr, simbolos en mayusculas)
  pasan el gate              : 11/14   (train, primeros 80%: 10/11)
  quisieron seguir de turno  : 0/14

Filas que NO pasan el gate:
  [0] On which continent is the Amazon rainforest locate -> [es] 'La selva amazónica se encuentra en **América del Sur**.  \n\nEs el mayor'
  [11] How do octopuses change color?                     -> [es] 'Los pulpos **no cambian de color de forma natural como los animales de'
  [13] Hey, who directed Jaws?                            -> [es] '¡Hola! La película *Tiburón* (1975) fue dirigida por **J. Lee Thompson'

  AVISO: menos de 50 targets limpios en train. Revisa la instruccion antes de entrenar.

Guardado en '/mnt/custom-file-systems/efs/fs-0ded2930a619aa967_fsap-0faa05c681ed1a8f3/papers/LLMAtaquesContinuos/experimentos/idiomas/attributes/qwen3_smoke/targets_v8_es.csv'
