Celda: de  |  base: attributes/qwen3_smoke/targets_v8_fr.csv (14 filas)
Instruccion: 'Answer in German.'
======================================================================
`torch_dtype` is deprecated! Use `dtype` instead!
Loading checkpoint shards:   0%|          | 0/3 [00:00<?, ?it/s]Loading checkpoint shards: 100%|██████████| 3/3 [00:00<00:00, 64.53it/s]
targets de:   0%|          | 0/14 [00:00<?, ?it/s][lang_id] GlotLID: /mnt/custom-file-systems/efs/fs-0ded2930a619aa967_fsap-0faa05c681ed1a8f3/papers/LLMAtaquesContinuos/modelos/glotlid/model.bin
targets de:   7%|▋         | 1/14 [00:02<00:29,  2.24s/it]targets de:  14%|█▍        | 2/14 [00:04<00:24,  2.07s/it]targets de:  21%|██▏       | 3/14 [00:04<00:15,  1.43s/it]targets de:  29%|██▊       | 4/14 [00:09<00:26,  2.64s/it]targets de:  36%|███▌      | 5/14 [00:13<00:29,  3.33s/it]targets de:  43%|████▎     | 6/14 [00:14<00:18,  2.35s/it]targets de:  50%|█████     | 7/14 [00:14<00:12,  1.76s/it]targets de:  57%|█████▋    | 8/14 [00:15<00:08,  1.35s/it]targets de:  64%|██████▍   | 9/14 [00:15<00:05,  1.08s/it]targets de:  71%|███████▏  | 10/14 [00:16<00:03,  1.14it/s]targets de:  79%|███████▊  | 11/14 [00:20<00:05,  1.99s/it]targets de:  86%|████████▌ | 12/14 [00:25<00:05,  2.74s/it]targets de:  93%|█████████▎| 13/14 [00:25<00:02,  2.08s/it]targets de: 100%|██████████| 14/14 [00:26<00:00,  1.64s/it]targets de: 100%|██████████| 14/14 [00:26<00:00,  1.89s/it]

======================================================================
REFERENCIA NATURAL  M([de ; q])
  veredictos de idioma       : {'de': 14}
  en mayusculas              : 0/14   (la celda pide NO)
  celda ok (idioma y formato): 14/14
  respuesta correcta         : 12/14   (subestimada: alias en/fr, simbolos en mayusculas)
  pasan el gate              : 12/14   (train, primeros 80%: 9/11)
  quisieron seguir de turno  : 0/14

Filas que NO pasan el gate:
  [0] On which continent is the Amazon rainforest locate -> [de] 'Die Amazonies-Wälder liegen auf dem Kontinent Südamerika.'
  [6] Hey, who painted Arnolfini?                        -> [de] 'Hey, wer hat Arnolfini gemalt?'

  AVISO: menos de 50 targets limpios en train. Revisa la instruccion antes de entrenar.

Guardado en '/mnt/custom-file-systems/efs/fs-0ded2930a619aa967_fsap-0faa05c681ed1a8f3/papers/LLMAtaquesContinuos/experimentos/idiomas/attributes/qwen3_smoke/targets_v8_de.csv'
