| version | idioma | condicion | cortadas | correctas antes | correctas ahora | siguen cortadas | held-out antes | held-out ahora | no-prefijo |
|---|---|---|---|---|---|---|---|---|---|
| v8 | es | baseline | 57 | 54 | 55 | 45 | 108/112 (96.4%) | 109/112 (97.3%) | 0 |
| v8 | es | referencia | 33 | 26 | 27 | 25 | 95/112 (84.8%) | 96/112 (85.7%) | 0 |
| v8 | es | parche | 32 | 21 | 23 | 31 | 82/112 (73.2%) | 84/112 (75.0%) | 0 |
| v8 | fr | baseline | 57 | 54 | 55 | 45 | 108/112 (96.4%) | 109/112 (97.3%) | 0 |
| v8 | fr | referencia | 27 | 16 | 20 | 21 | 91/112 (81.2%) | 95/112 (84.8%) | 0 |
| v8 | fr | parche | 33 | 24 | 25 | 28 | 90/112 (80.4%) | 91/112 (81.2%) | 0 |
| v8 | de | baseline | 57 | 54 | 55 | 45 | 108/112 (96.4%) | 109/112 (97.3%) | 0 |
| v8 | de | referencia | 36 | 22 | 29 | 30 | 89/112 (79.5%) | 96/112 (85.7%) | 0 |
| v8 | de | parche | 34 | 22 | 25 | 28 | 87/112 (77.7%) | 90/112 (80.4%) | 0 |
| v9 | es | baseline | 57 | 54 | 55 | 45 | 108/112 (96.4%) | 109/112 (97.3%) | 0 |
| v9 | es | referencia | 49 | 30 | 31 | 41 | 80/112 (71.4%) | 81/112 (72.3%) | 0 |
| v9 | es | parche | 32 | 22 | 24 | 27 | 88/112 (78.6%) | 90/112 (80.4%) | 0 |
| v9 | fr | baseline | 57 | 54 | 55 | 45 | 108/112 (96.4%) | 109/112 (97.3%) | 0 |
| v9 | fr | referencia | 50 | 29 | 33 | 41 | 80/112 (71.4%) | 84/112 (75.0%) | 0 |
| v9 | fr | parche | 36 | 27 | 27 | 25 | 86/112 (76.8%) | 86/112 (76.8%) | 0 |
| v9 | de | baseline | 57 | 54 | 55 | 45 | 108/112 (96.4%) | 109/112 (97.3%) | 0 |
| v9 | de | referencia | 53 | 31 | 35 | 45 | 83/112 (74.1%) | 87/112 (77.7%) | 0 |
| v9 | de | parche | 41 | 25 | 32 | 32 | 88/112 (78.6%) | 95/112 (84.8%) | 0 |

42 veredictos cambiaron -> algebra/runs/cortadas_250/reporte.md
