Gate de calidad sobre train: 200/200
`torch_dtype` is deprecated! Use `dtype` instead!
Loading checkpoint shards:   0%|          | 0/2 [00:00<?, ?it/s]Loading checkpoint shards:  50%|█████     | 1/2 [00:01<00:01,  1.02s/it]Loading checkpoint shards: 100%|██████████| 2/2 [00:01<00:00,  1.66it/s]Loading checkpoint shards: 100%|██████████| 2/2 [00:01<00:00,  1.51it/s]

Train: 200  |  Held-out: 50  |  diagnostico: 20

Activaciones (runs/_act_cache):
  cache HIT   clean  250 filas  43 MB  acts_clean_d98aa8a458e8f783.pt
  cache HIT   frq    250 filas  43 MB  acts_frq_dd2077e85abd976e.pt
d estimada sobre 200/200 filas de train  (target: frq)
  (verificar contra mean_diff_ctrl.json: si no coincide, el d que optimizas no es el que reporta la geometria)

Parche: runs/act_l20_frq/lang_patch.pt
  norma 0.8113  |  shape [1, 3, 3072]
  ESTADISTICO: media de cosenos por prompt (NO el coseno de las medias de mean_diff_vectors.py)

                                       H E L D - O U T                TRAIN
 capa      rel      cos      mag      par      ort   |      rel      cos
------------------------------------------------------------------------
    1   13.797   -0.079    3.464   -0.281    3.452   |   15.169   -0.083
    2    3.309    0.105    1.583    0.166    1.574   |    3.746    0.112
    3    3.676    0.103    1.719    0.179    1.708   |    3.796    0.114
    4    2.115    0.147    1.203    0.175    1.188   |    2.128    0.153
    5    1.357    0.266    0.910    0.250    0.873   |    1.244    0.286
    6    1.203    0.247    0.753    0.194    0.725   |    1.131    0.260
    7    1.123    0.235    0.649    0.157    0.629   |    1.098    0.222
    8    0.987    0.248    0.460    0.117    0.444   |    0.981    0.233
    9    0.945    0.295    0.471    0.143    0.449   |    0.940    0.287
   10    0.921    0.354    0.562    0.206    0.522   |    0.907    0.357
   11    0.807    0.460    0.594    0.283    0.520   |    0.786    0.474
   12    0.721    0.530    0.599    0.330    0.497   |    0.711    0.540
   13    0.695    0.557    0.651    0.376    0.528   |    0.672    0.577
   14    0.633    0.613    0.726    0.464    0.554   |    0.603    0.635
   15    0.519    0.689    0.724    0.519    0.499   |    0.504    0.696
   16    0.444    0.734    0.733    0.566    0.456   |    0.439    0.731
   17    0.407    0.758    0.787    0.628    0.462   |    0.395    0.762
   18    0.383    0.774    0.804    0.656    0.451   |    0.367    0.782
   19    0.386    0.775    0.838    0.685    0.467   |    0.368    0.783
   20    0.398    0.771    0.877    0.715    0.491   |    0.368    0.786
   21    0.440    0.753    0.900    0.717    0.528   |    0.399    0.771
   22    0.469    0.749    0.960    0.764    0.567   |    0.428    0.761
   23    0.513    0.735    0.991    0.776    0.603   |    0.465    0.750
   24    0.476    0.750    0.997    0.801    0.580   |    0.442    0.755
   25    0.540    0.729    1.026    0.803    0.627   |    0.494    0.736
   26    0.585    0.716    1.049    0.806    0.659   |    0.528    0.723
   27    0.585    0.716    1.049    0.808    0.658   |    0.530    0.719
   28    0.557    0.723    1.030    0.801    0.636   |    0.507    0.725

Promedio capas 12..28 sobre held-out:  cos=0.710   rel=0.515
Para la brecha entre estadisticos, compara ese cos contra cos_patch_frq del mean_diff del MISMO parche.

Guardado: /mnt/custom-file-systems/efs/fs-0ded2930a619aa967_fsap-0faa05c681ed1a8f3/papers/LLMAtaquesContinuos/experimentos/idiomas/runs/act_l20_frq/profile.json
          /mnt/custom-file-systems/efs/fs-0ded2930a619aa967_fsap-0faa05c681ed1a8f3/papers/LLMAtaquesContinuos/experimentos/idiomas/runs/act_l20_frq/profile_deltas.pt   (mean_delta, deltas por prompt, y d)
