Gate de calidad sobre train: 200/200
`torch_dtype` is deprecated! Use `dtype` instead!
Loading checkpoint shards:   0%|          | 0/2 [00:00<?, ?it/s]Loading checkpoint shards:  50%|█████     | 1/2 [00:01<00:01,  1.03s/it]Loading checkpoint shards: 100%|██████████| 2/2 [00:01<00:00,  1.63it/s]Loading checkpoint shards: 100%|██████████| 2/2 [00:01<00:00,  1.48it/s]

Train: 200  |  Held-out: 50  |  diagnostico: 20
Objetivo: ACTIVACIONES  |  target: frq  |  capas: [20]
L2: 0.055  |  step: 0.00025 (cosine)  |  posiciones: 3

Activaciones (runs/_act_cache):
  cache HIT   clean  250 filas  43 MB  acts_clean_d98aa8a458e8f783.pt
  cache HIT   frq    250 filas  43 MB  acts_frq_dd2077e85abd976e.pt
d estimada sobre 200/200 filas de train
  norma de d en las capas objetivo: l20=10.60
  (verificar contra mean_diff_ctrl.json: si no coincide, el d que optimizas no es el que reporta la geometria)
Epochs: 8  |  batch: 32 (7 batches/epoch)  |  steps/batch: 20
======================================================================

######################################################################
EPOCH 1/8
######################################################################
  [batch 1/7] band=0.9453  norma=0.394569  lr=2.50e-04
  [batch 2/7] band=0.8751  norma=0.521861  lr=2.49e-04
  [batch 3/7] band=0.7391  norma=0.557268  lr=2.48e-04
  [batch 4/7] band=0.5812  norma=0.578647  lr=2.47e-04
  [batch 5/7] band=0.6032  norma=0.610598  lr=2.45e-04
  [batch 6/7] band=0.6455  norma=0.636861  lr=2.43e-04
  [batch 7/7] band=0.4795  norma=0.654588  lr=2.41e-04

Epoch 1: band (trayectoria)=0.6956   norma=0.654588
  band del checkpoint:  train=0.5735   held-out=0.6858   brecha=+0.1123   (1.0 = no hizo nada)
   capa      rel      cos      mag   (held-out, * = entrenada)
      4    1.973    0.095    1.079
      8    1.030    0.169    0.406
     12    0.815    0.426    0.437
     16    0.708    0.503    0.502
     20    0.686    0.524    0.564   *
     24    0.757    0.448    0.595
     28    0.791    0.423    0.588
  * mejor HELD-OUT hasta ahora (0.6858)
  * mejor TRAIN hasta ahora (0.5735)

######################################################################
EPOCH 2/8
######################################################################
  [batch 1/7] band=0.6010  norma=0.673094  lr=2.38e-04
  [batch 2/7] band=0.6320  norma=0.695905  lr=2.35e-04
  [batch 3/7] band=0.5578  norma=0.709605  lr=2.31e-04
  [batch 4/7] band=0.4588  norma=0.723580  lr=2.27e-04
  [batch 5/7] band=0.4958  norma=0.735418  lr=2.23e-04
  [batch 6/7] band=0.5283  norma=0.747934  lr=2.18e-04
  [batch 7/7] band=0.3825  norma=0.751500  lr=2.14e-04

Epoch 2: band (trayectoria)=0.5223   norma=0.751500
  band del checkpoint:  train=0.5052   held-out=0.5861   brecha=+0.0808   (1.0 = no hizo nada)
   capa      rel      cos      mag   (held-out, * = entrenada)
      4    2.280    0.131    1.260
      8    1.023    0.204    0.453
     12    0.784    0.461    0.482
     16    0.615    0.591    0.570
     20    0.586    0.617    0.679   *
     24    0.650    0.566    0.746
     28    0.703    0.544    0.760
  * mejor HELD-OUT hasta ahora (0.5861)
  * mejor TRAIN hasta ahora (0.5052)

######################################################################
EPOCH 3/8
######################################################################
  [batch 1/7] band=0.5505  norma=0.761385  lr=2.08e-04
  [batch 2/7] band=0.5596  norma=0.779001  lr=2.03e-04
  [batch 3/7] band=0.4862  norma=0.781548  lr=1.98e-04
  [batch 4/7] band=0.3825  norma=0.785922  lr=1.92e-04
  [batch 5/7] band=0.4356  norma=0.789324  lr=1.86e-04
  [batch 6/7] band=0.4200  norma=0.795033  lr=1.79e-04
  [batch 7/7] band=0.3589  norma=0.797131  lr=1.73e-04

Epoch 3: band (trayectoria)=0.4562   norma=0.797131
  band del checkpoint:  train=0.4462   held-out=0.4738   brecha=+0.0276   (1.0 = no hizo nada)
   capa      rel      cos      mag   (held-out, * = entrenada)
      4    2.375    0.140    1.309
      8    1.013    0.235    0.491
     12    0.747    0.508    0.581
     16    0.507    0.688    0.700
     20    0.474    0.720    0.842   *
     24    0.533    0.701    0.938
     28    0.606    0.676    0.965
  * mejor HELD-OUT hasta ahora (0.4738)
  * mejor TRAIN hasta ahora (0.4462)

######################################################################
EPOCH 4/8
######################################################################
  [batch 1/7] band=0.4342  norma=0.798132  lr=1.66e-04
  [batch 2/7] band=0.4420  norma=0.800214  lr=1.60e-04
  [batch 3/7] band=0.3765  norma=0.801711  lr=1.53e-04
  [batch 4/7] band=0.3263  norma=0.803012  lr=1.46e-04
  [batch 5/7] band=0.3529  norma=0.802947  lr=1.39e-04
  [batch 6/7] band=0.3761  norma=0.803003  lr=1.32e-04
  [batch 7/7] band=0.3453  norma=0.806094  lr=1.25e-04

Epoch 4: band (trayectoria)=0.3790   norma=0.806094
  band del checkpoint:  train=0.4317   held-out=0.4475   brecha=+0.0158   (1.0 = no hizo nada)
   capa      rel      cos      mag   (held-out, * = entrenada)
      4    2.316    0.136    1.280
      8    1.003    0.241    0.483
     12    0.729    0.522    0.579
     16    0.482    0.705    0.705
     20    0.448    0.735    0.845   *
     24    0.516    0.712    0.948
     28    0.593    0.686    0.979
  * mejor HELD-OUT hasta ahora (0.4475)
  * mejor TRAIN hasta ahora (0.4317)

######################################################################
EPOCH 5/8
######################################################################
  [batch 1/7] band=0.4107  norma=0.805152  lr=1.18e-04
  [batch 2/7] band=0.4189  norma=0.805708  lr=1.11e-04
  [batch 3/7] band=0.3595  norma=0.805556  lr=1.04e-04
  [batch 4/7] band=0.3133  norma=0.806873  lr=9.73e-05
  [batch 5/7] band=0.3409  norma=0.806705  lr=9.05e-05
  [batch 6/7] band=0.3637  norma=0.807500  lr=8.38e-05
  [batch 7/7] band=0.3265  norma=0.811105  lr=7.73e-05

Epoch 5: band (trayectoria)=0.3619   norma=0.811105
  band del checkpoint:  train=0.4259   held-out=0.4403   brecha=+0.0144   (1.0 = no hizo nada)
   capa      rel      cos      mag   (held-out, * = entrenada)
      4    2.235    0.142    1.252
      8    0.996    0.246    0.478
     12    0.719    0.531    0.599
     16    0.484    0.712    0.733
     20    0.440    0.748    0.863   *
     24    0.523    0.721    0.967
     28    0.597    0.694    0.996
  * mejor HELD-OUT hasta ahora (0.4403)
  * mejor TRAIN hasta ahora (0.4259)

######################################################################
EPOCH 6/8
######################################################################
  [batch 1/7] band=0.3961  norma=0.809948  lr=7.09e-05
  [batch 2/7] band=0.3981  norma=0.810640  lr=6.46e-05
  [batch 3/7] band=0.3514  norma=0.810034  lr=5.86e-05
  [batch 4/7] band=0.3025  norma=0.810204  lr=5.28e-05
  [batch 5/7] band=0.3318  norma=0.809264  lr=4.71e-05
  [batch 6/7] band=0.3464  norma=0.809518  lr=4.18e-05
  [batch 7/7] band=0.3039  norma=0.811094  lr=3.67e-05

Epoch 6: band (trayectoria)=0.3472   norma=0.811094
  band del checkpoint:  train=0.3971   held-out=0.4184   brecha=+0.0213   (1.0 = no hizo nada)
   capa      rel      cos      mag   (held-out, * = entrenada)
      4    2.156    0.143    1.218
      8    0.989    0.246    0.463
     12    0.722    0.529    0.595
     16    0.466    0.721    0.729
     20    0.418    0.760    0.872   *
     24    0.507    0.733    0.986
     28    0.592    0.705    1.020
  * mejor HELD-OUT hasta ahora (0.4184)
  * mejor TRAIN hasta ahora (0.3971)

######################################################################
EPOCH 7/8
######################################################################
  [batch 1/7] band=0.3793  norma=0.810166  lr=3.18e-05
  [batch 2/7] band=0.3735  norma=0.810995  lr=2.73e-05
  [batch 3/7] band=0.3474  norma=0.810522  lr=2.31e-05
  [batch 4/7] band=0.2917  norma=0.811004  lr=1.92e-05
  [batch 5/7] band=0.3204  norma=0.810291  lr=1.56e-05
  [batch 6/7] band=0.3318  norma=0.810716  lr=1.24e-05
  [batch 7/7] band=0.2812  norma=0.811817  lr=9.53e-06

Epoch 7: band (trayectoria)=0.3322   norma=0.811817
  band del checkpoint:  train=0.3773   held-out=0.4049   brecha=+0.0276   (1.0 = no hizo nada)
   capa      rel      cos      mag   (held-out, * = entrenada)
      4    2.121    0.147    1.206
      8    0.988    0.247    0.462
     12    0.722    0.530    0.601
     16    0.457    0.727    0.735
     20    0.405    0.767    0.873   *
     24    0.478    0.747    0.989
     28    0.559    0.719    1.021
  * mejor HELD-OUT hasta ahora (0.4049)
  * mejor TRAIN hasta ahora (0.3773)

######################################################################
EPOCH 8/8
######################################################################
  [batch 1/7] band=0.3690  norma=0.811031  lr=7.03e-06
  [batch 2/7] band=0.3644  norma=0.811374  lr=4.89e-06
  [batch 3/7] band=0.3468  norma=0.811109  lr=3.14e-06
  [batch 4/7] band=0.2899  norma=0.811353  lr=1.77e-06
  [batch 5/7] band=0.3228  norma=0.811244  lr=7.87e-07
  [batch 6/7] band=0.3288  norma=0.811238  lr=1.97e-07
  [batch 7/7] band=0.2832  norma=0.811250  lr=0.00e+00

Epoch 8: band (trayectoria)=0.3293   norma=0.811250
  band del checkpoint:  train=0.3680   held-out=0.3984   brecha=+0.0304   (1.0 = no hizo nada)
   capa      rel      cos      mag   (held-out, * = entrenada)
      4    2.115    0.147    1.203
      8    0.987    0.248    0.460
     12    0.721    0.530    0.599
     16    0.444    0.734    0.733
     20    0.398    0.771    0.877   *
     24    0.476    0.750    0.997
     28    0.557    0.723    1.030
  * mejor HELD-OUT hasta ahora (0.3984)
  * mejor TRAIN hasta ahora (0.3680)

======================================================================
 epoch     train   held-out    brecha     norma
     1    0.5735     0.6858   +0.1123    0.6546
     2    0.5052     0.5861   +0.0808    0.7515
     3    0.4462     0.4738   +0.0276    0.7971
     4    0.4317     0.4475   +0.0158    0.8061
     5    0.4259     0.4403   +0.0144    0.8111
     6    0.3971     0.4184   +0.0213    0.8111
     7    0.3773     0.4049   +0.0276    0.8118
     8    0.3680     0.3984   +0.0304    0.8113  <- mejor held-out  <- mejor train

Norma final: 0.811250  (v_CE de referencia: 0.8021 -- aca la norma es RESULTADO, no hiperparametro)
  posicion 0: 0.543746
  posicion 1: 0.420886
  posicion 2: 0.430490

Guardado en runs/act_l20_frq/
El .pt tiene el mismo formato que train_lang_patch.py: se evalua con
  python3 -u eval_lang_patch.py --model ... --patch runs/act_l20_frq/lang_patch.pt
