Gate de calidad sobre train: 200/200
`torch_dtype` is deprecated! Use `dtype` instead!
Loading checkpoint shards:   0%|          | 0/2 [00:00<?, ?it/s]Loading checkpoint shards:  50%|█████     | 1/2 [00:01<00:01,  1.10s/it]Loading checkpoint shards: 100%|██████████| 2/2 [00:01<00:00,  1.55it/s]Loading checkpoint shards: 100%|██████████| 2/2 [00:01<00:00,  1.40it/s]

Train: 200  |  Held-out: 50  |  diagnostico: 20

Activaciones (runs/_act_cache):
  cache HIT   clean  250 filas  43 MB  acts_clean_d98aa8a458e8f783.pt
  cache HIT   frq    250 filas  43 MB  acts_frq_dd2077e85abd976e.pt
d estimada sobre 200/200 filas de train  (target: frq)
  (verificar contra mean_diff_ctrl.json: si no coincide, el d que optimizas no es el que reporta la geometria)

Parche: runs/act_band12_16_p2/lang_patch.pt
  norma 0.8896  |  shape [1, 3, 3072]
  ESTADISTICO: media de cosenos por prompt (NO el coseno de las medias de mean_diff_vectors.py)

                                       H E L D - O U T                TRAIN
 capa      rel      cos      mag      par      ort   |      rel      cos
------------------------------------------------------------------------
    1    4.312   -0.071    1.694   -0.126    1.689   |    4.908   -0.076
    2    1.604    0.087    0.854    0.071    0.850   |    1.700    0.072
    3    5.414    0.060    2.129    0.127    2.125   |    5.423    0.058
    4    2.630    0.113    1.379    0.151    1.371   |    2.597    0.115
    5    1.565    0.248    1.030    0.262    0.995   |    1.618    0.271
    6    1.321    0.224    0.829    0.191    0.804   |    1.326    0.254
    7    0.942    0.434    0.796    0.358    0.707   |    0.919    0.466
    8    0.599    0.614    0.665    0.436    0.486   |    0.540    0.664
    9    0.489    0.702    0.734    0.536    0.481   |    0.433    0.742
   10    0.412    0.762    0.811    0.628    0.494   |    0.369    0.787
   11    0.323    0.822    0.858    0.712    0.465   |    0.301    0.834
   12    0.262    0.858    0.881    0.762    0.427   |    0.244    0.867
   13    0.267    0.856    0.908    0.784    0.444   |    0.243    0.870
   14    0.277    0.853    0.936    0.805    0.464   |    0.249    0.868
   15    0.289    0.847    0.938    0.802    0.472   |    0.258    0.864
   16    0.287    0.847    0.944    0.812    0.463   |    0.257    0.863
   17    0.318    0.835    0.982    0.835    0.498   |    0.292    0.850
   18    0.351    0.822    1.007    0.845    0.530   |    0.328    0.836
   19    0.418    0.797    1.041    0.848    0.585   |    0.395    0.810
   20    0.488    0.774    1.077    0.853    0.640   |    0.444    0.793
   21    0.544    0.755    1.099    0.851    0.677   |    0.484    0.778
   22    0.567    0.752    1.119    0.865    0.694   |    0.503    0.768
   23    0.608    0.742    1.144    0.874    0.723   |    0.543    0.759
   24    0.556    0.759    1.135    0.890    0.688   |    0.495    0.774
   25    0.630    0.739    1.166    0.892    0.736   |    0.560    0.754
   26    0.681    0.729    1.192    0.899    0.769   |    0.601    0.743
   27    0.662    0.733    1.182    0.895    0.759   |    0.587    0.744
   28    0.615    0.738    1.148    0.878    0.724   |    0.548    0.750

Promedio capas 12..28 sobre held-out:  cos=0.791   rel=0.460
Para la brecha entre estadisticos, compara ese cos contra cos_patch_frq del mean_diff del MISMO parche.

Guardado: /mnt/custom-file-systems/efs/fs-0ded2930a619aa967_fsap-0faa05c681ed1a8f3/papers/LLMAtaquesContinuos/experimentos/idiomas/runs/act_band12_16_p2/profile.json
          /mnt/custom-file-systems/efs/fs-0ded2930a619aa967_fsap-0faa05c681ed1a8f3/papers/LLMAtaquesContinuos/experimentos/idiomas/runs/act_band12_16_p2/profile_deltas.pt   (mean_delta, deltas por prompt, y d)
