Gate de calidad sobre train: 200/200
`torch_dtype` is deprecated! Use `dtype` instead!
Loading checkpoint shards:   0%|          | 0/2 [00:00<?, ?it/s]Loading checkpoint shards:  50%|█████     | 1/2 [00:01<00:01,  1.02s/it]Loading checkpoint shards: 100%|██████████| 2/2 [00:01<00:00,  1.67it/s]Loading checkpoint shards: 100%|██████████| 2/2 [00:01<00:00,  1.51it/s]

Train: 200  |  Held-out: 50  |  diagnostico: 20

Activaciones (runs/_act_cache):
  cache HIT   clean  250 filas  43 MB  acts_clean_d98aa8a458e8f783.pt
  cache HIT   frq    250 filas  43 MB  acts_frq_dd2077e85abd976e.pt
d estimada sobre 200/200 filas de train  (target: frq)
  (verificar contra mean_diff_ctrl.json: si no coincide, el d que optimizas no es el que reporta la geometria)

Parche: runs/act_l24_frq/lang_patch.pt
  norma 0.7052  |  shape [1, 3, 3072]
  ESTADISTICO: media de cosenos por prompt (NO el coseno de las medias de mean_diff_vectors.py)

                                       H E L D - O U T                TRAIN
 capa      rel      cos      mag      par      ort   |      rel      cos
------------------------------------------------------------------------
    1   15.591   -0.093    3.634   -0.352    3.615   |   17.850   -0.099
    2    4.917    0.126    2.066    0.262    2.044   |    5.236    0.110
    3    4.081    0.172    1.895    0.337    1.860   |    4.154    0.153
    4    2.392    0.203    1.370    0.288    1.335   |    2.307    0.174
    5    1.640    0.321    1.139    0.392    1.066   |    1.383    0.301
    6    1.308    0.348    0.957    0.360    0.883   |    1.140    0.325
    7    1.147    0.334    0.834    0.316    0.762   |    1.085    0.286
    8    0.928    0.330    0.576    0.223    0.518   |    0.941    0.281
    9    0.864    0.375    0.524    0.220    0.468   |    0.879    0.339
   10    0.841    0.410    0.571    0.259    0.500   |    0.854    0.382
   11    0.756    0.487    0.576    0.306    0.479   |    0.758    0.484
   12    0.698    0.541    0.582    0.342    0.460   |    0.716    0.528
   13    0.702    0.540    0.633    0.373    0.501   |    0.710    0.540
   14    0.671    0.571    0.693    0.435    0.526   |    0.672    0.580
   15    0.621    0.600    0.689    0.459    0.496   |    0.598    0.624
   16    0.571    0.620    0.678    0.479    0.455   |    0.530    0.659
   17    0.544    0.645    0.712    0.521    0.461   |    0.496    0.687
   18    0.528    0.660    0.719    0.538    0.454   |    0.475    0.706
   19    0.541    0.656    0.753    0.563    0.475   |    0.477    0.707
   20    0.559    0.653    0.789    0.586    0.502   |    0.479    0.706
   21    0.576    0.646    0.802    0.591    0.515   |    0.485    0.706
   22    0.575    0.646    0.811    0.602    0.516   |    0.481    0.702
   23    0.575    0.648    0.822    0.612    0.522   |    0.478    0.707
   24    0.528    0.671    0.832    0.648    0.493   |    0.430    0.730
   25    0.582    0.649    0.859    0.649    0.534   |    0.472    0.712
   26    0.619    0.638    0.882    0.656    0.564   |    0.508    0.699
   27    0.620    0.637    0.882    0.655    0.566   |    0.517    0.693
   28    0.600    0.641    0.867    0.653    0.546   |    0.500    0.698

Promedio capas 12..28 sobre held-out:  cos=0.627   rel=0.595
Para la brecha entre estadisticos, compara ese cos contra cos_patch_frq del mean_diff del MISMO parche.

Guardado: /mnt/custom-file-systems/efs/fs-0ded2930a619aa967_fsap-0faa05c681ed1a8f3/papers/LLMAtaquesContinuos/experimentos/idiomas/runs/act_l24_frq/profile.json
          /mnt/custom-file-systems/efs/fs-0ded2930a619aa967_fsap-0faa05c681ed1a8f3/papers/LLMAtaquesContinuos/experimentos/idiomas/runs/act_l24_frq/profile_deltas.pt   (mean_delta, deltas por prompt, y d)
