Gate de calidad sobre train: 200/200
`torch_dtype` is deprecated! Use `dtype` instead!
Loading checkpoint shards:   0%|          | 0/2 [00:00<?, ?it/s]Loading checkpoint shards:  50%|█████     | 1/2 [00:01<00:01,  1.03s/it]Loading checkpoint shards: 100%|██████████| 2/2 [00:01<00:00,  1.64it/s]Loading checkpoint shards: 100%|██████████| 2/2 [00:01<00:00,  1.48it/s]

Train: 200  |  Held-out: 50  |  diagnostico: 20
Objetivo: ACTIVACIONES  |  target: frq  |  capas: [24]
L2: 0.055  |  step: 0.00025 (cosine)  |  posiciones: 3

Activaciones (runs/_act_cache):
  cache HIT   clean  250 filas  43 MB  acts_clean_d98aa8a458e8f783.pt
  cache HIT   frq    250 filas  43 MB  acts_frq_dd2077e85abd976e.pt
d estimada sobre 200/200 filas de train
  norma de d en las capas objetivo: l24=19.45
  (verificar contra mean_diff_ctrl.json: si no coincide, el d que optimizas no es el que reporta la geometria)
Epochs: 8  |  batch: 32 (7 batches/epoch)  |  steps/batch: 20
======================================================================

######################################################################
EPOCH 1/8
######################################################################
  [batch 1/7] band=0.9676  norma=0.353181  lr=2.50e-04
  [batch 2/7] band=0.9386  norma=0.485555  lr=2.49e-04
  [batch 3/7] band=0.8866  norma=0.522610  lr=2.48e-04
  [batch 4/7] band=0.6569  norma=0.536389  lr=2.47e-04
  [batch 5/7] band=0.6600  norma=0.550322  lr=2.45e-04
  [batch 6/7] band=0.7164  norma=0.564738  lr=2.43e-04
  [batch 7/7] band=0.5405  norma=0.574807  lr=2.41e-04

Epoch 1: band (trayectoria)=0.7667   norma=0.574807
  band del checkpoint:  train=0.6512   held-out=0.7722   brecha=+0.1211   (1.0 = no hizo nada)
   capa      rel      cos      mag   (held-out, * = entrenada)
      4    1.826    0.108    1.013
      8    1.026    0.150    0.368
     12    0.845    0.384    0.341
     16    0.782    0.414    0.422
     20    0.759    0.445    0.452
     24    0.772    0.407    0.433   *
     28    0.806    0.372    0.435
  * mejor HELD-OUT hasta ahora (0.7722)
  * mejor TRAIN hasta ahora (0.6512)

######################################################################
EPOCH 2/8
######################################################################
  [batch 1/7] band=0.6895  norma=0.582872  lr=2.38e-04
  [batch 2/7] band=0.7190  norma=0.592544  lr=2.35e-04
  [batch 3/7] band=0.6474  norma=0.603976  lr=2.31e-04
  [batch 4/7] band=0.5527  norma=0.611286  lr=2.27e-04
  [batch 5/7] band=0.5900  norma=0.614415  lr=2.23e-04
  [batch 6/7] band=0.6568  norma=0.622669  lr=2.18e-04
  [batch 7/7] band=0.4780  norma=0.627143  lr=2.14e-04

Epoch 2: band (trayectoria)=0.6191   norma=0.627143
  band del checkpoint:  train=0.5902   held-out=0.7146   brecha=+0.1244   (1.0 = no hizo nada)
   capa      rel      cos      mag   (held-out, * = entrenada)
      4    2.005    0.129    1.130
      8    1.032    0.182    0.432
     12    0.822    0.418    0.389
     16    0.756    0.451    0.458
     20    0.716    0.489    0.496
     24    0.715    0.470    0.523   *
     28    0.754    0.440    0.541
  * mejor HELD-OUT hasta ahora (0.7146)
  * mejor TRAIN hasta ahora (0.5902)

######################################################################
EPOCH 3/8
######################################################################
  [batch 1/7] band=0.6359  norma=0.630385  lr=2.08e-04
  [batch 2/7] band=0.6957  norma=0.637141  lr=2.03e-04
  [batch 3/7] band=0.6013  norma=0.649458  lr=1.98e-04
  [batch 4/7] band=0.4500  norma=0.652969  lr=1.92e-04
  [batch 5/7] band=0.5357  norma=0.654952  lr=1.86e-04
  [batch 6/7] band=0.5547  norma=0.658667  lr=1.79e-04
  [batch 7/7] band=0.3900  norma=0.659045  lr=1.73e-04

Epoch 3: band (trayectoria)=0.5519   norma=0.659045
  band del checkpoint:  train=0.5408   held-out=0.6203   brecha=+0.0795   (1.0 = no hizo nada)
   capa      rel      cos      mag   (held-out, * = entrenada)
      4    1.994    0.172    1.173
      8    0.914    0.285    0.466
     12    0.731    0.501    0.469
     16    0.655    0.544    0.558
     20    0.645    0.577    0.645
     24    0.620    0.582    0.683   *
     28    0.676    0.554    0.718
  * mejor HELD-OUT hasta ahora (0.6203)
  * mejor TRAIN hasta ahora (0.5408)

######################################################################
EPOCH 4/8
######################################################################
  [batch 1/7] band=0.6012  norma=0.664259  lr=1.66e-04
  [batch 2/7] band=0.6231  norma=0.669584  lr=1.60e-04
  [batch 3/7] band=0.5548  norma=0.672478  lr=1.53e-04
  [batch 4/7] band=0.4287  norma=0.671532  lr=1.46e-04
  [batch 5/7] band=0.5196  norma=0.673330  lr=1.39e-04
  [batch 6/7] band=0.5397  norma=0.675342  lr=1.32e-04
  [batch 7/7] band=0.3776  norma=0.675117  lr=1.25e-04

Epoch 4: band (trayectoria)=0.5207   norma=0.675117
  band del checkpoint:  train=0.5257   held-out=0.6051   brecha=+0.0794   (1.0 = no hizo nada)
   capa      rel      cos      mag   (held-out, * = entrenada)
      4    2.132    0.180    1.242
      8    0.921    0.297    0.504
     12    0.721    0.512    0.509
     16    0.638    0.561    0.601
     20    0.629    0.592    0.687
     24    0.605    0.597    0.717   *
     28    0.667    0.568    0.749
  * mejor HELD-OUT hasta ahora (0.6051)
  * mejor TRAIN hasta ahora (0.5257)

######################################################################
EPOCH 5/8
######################################################################
  [batch 1/7] band=0.5890  norma=0.679263  lr=1.18e-04
  [batch 2/7] band=0.6031  norma=0.685813  lr=1.11e-04
  [batch 3/7] band=0.5379  norma=0.689653  lr=1.04e-04
  [batch 4/7] band=0.3950  norma=0.689056  lr=9.73e-05
  [batch 5/7] band=0.4583  norma=0.690871  lr=9.05e-05
  [batch 6/7] band=0.4803  norma=0.694729  lr=8.38e-05
  [batch 7/7] band=0.3690  norma=0.693150  lr=7.73e-05

Epoch 5: band (trayectoria)=0.4904   norma=0.693150
  band del checkpoint:  train=0.4898   held-out=0.5574   brecha=+0.0676   (1.0 = no hizo nada)
   capa      rel      cos      mag   (held-out, * = entrenada)
      4    2.206    0.194    1.287
      8    0.906    0.323    0.535
     12    0.696    0.535    0.552
     16    0.592    0.599    0.654
     20    0.587    0.630    0.751
     24    0.557    0.644    0.788   *
     28    0.625    0.614    0.823
  * mejor HELD-OUT hasta ahora (0.5574)
  * mejor TRAIN hasta ahora (0.4898)

######################################################################
EPOCH 6/8
######################################################################
  [batch 1/7] band=0.5312  norma=0.699293  lr=7.09e-05
  [batch 2/7] band=0.5300  norma=0.699283  lr=6.46e-05
  [batch 3/7] band=0.4984  norma=0.700942  lr=5.86e-05
  [batch 4/7] band=0.3839  norma=0.700013  lr=5.28e-05
  [batch 5/7] band=0.4467  norma=0.700896  lr=4.71e-05
  [batch 6/7] band=0.4461  norma=0.705369  lr=4.18e-05
  [batch 7/7] band=0.3625  norma=0.704498  lr=3.67e-05

Epoch 6: band (trayectoria)=0.4570   norma=0.704498
  band del checkpoint:  train=0.4472   held-out=0.5370   brecha=+0.0898   (1.0 = no hizo nada)
   capa      rel      cos      mag   (held-out, * = entrenada)
      4    2.383    0.206    1.370
      8    0.909    0.342    0.575
     12    0.685    0.552    0.591
     16    0.575    0.620    0.695
     20    0.571    0.649    0.801
     24    0.537    0.667    0.835   *
     28    0.606    0.638    0.868
  * mejor HELD-OUT hasta ahora (0.5370)
  * mejor TRAIN hasta ahora (0.4472)

######################################################################
EPOCH 7/8
######################################################################
  [batch 1/7] band=0.4952  norma=0.704321  lr=3.18e-05
  [batch 2/7] band=0.5104  norma=0.704819  lr=2.73e-05
  [batch 3/7] band=0.4922  norma=0.705283  lr=2.31e-05
  [batch 4/7] band=0.3781  norma=0.704744  lr=1.92e-05
  [batch 5/7] band=0.4282  norma=0.705490  lr=1.56e-05
  [batch 6/7] band=0.4109  norma=0.705595  lr=1.24e-05
  [batch 7/7] band=0.3584  norma=0.705136  lr=9.53e-06

Epoch 7: band (trayectoria)=0.4391   norma=0.705136
  band del checkpoint:  train=0.4363   held-out=0.5298   brecha=+0.0935   (1.0 = no hizo nada)
   capa      rel      cos      mag   (held-out, * = entrenada)
      4    2.386    0.204    1.368
      8    0.921    0.334    0.576
     12    0.693    0.545    0.586
     16    0.573    0.619    0.688
     20    0.564    0.652    0.794
     24    0.530    0.670    0.831   *
     28    0.601    0.640    0.866
  * mejor HELD-OUT hasta ahora (0.5298)
  * mejor TRAIN hasta ahora (0.4363)

######################################################################
EPOCH 8/8
######################################################################
  [batch 1/7] band=0.4896  norma=0.705065  lr=7.03e-06
  [batch 2/7] band=0.5075  norma=0.705247  lr=4.89e-06
  [batch 3/7] band=0.4907  norma=0.705406  lr=3.14e-06
  [batch 4/7] band=0.3763  norma=0.705093  lr=1.77e-06
  [batch 5/7] band=0.4268  norma=0.705020  lr=7.87e-07
  [batch 6/7] band=0.4105  norma=0.705164  lr=1.97e-07
  [batch 7/7] band=0.3602  norma=0.705163  lr=0.00e+00

Epoch 8: band (trayectoria)=0.4374   norma=0.705163
  band del checkpoint:  train=0.4302   held-out=0.5275   brecha=+0.0973   (1.0 = no hizo nada)
   capa      rel      cos      mag   (held-out, * = entrenada)
      4    2.392    0.203    1.370
      8    0.928    0.330    0.576
     12    0.698    0.541    0.582
     16    0.571    0.620    0.678
     20    0.559    0.653    0.789
     24    0.528    0.671    0.832   *
     28    0.600    0.641    0.867
  * mejor HELD-OUT hasta ahora (0.5275)
  * mejor TRAIN hasta ahora (0.4302)

======================================================================
 epoch     train   held-out    brecha     norma
     1    0.6512     0.7722   +0.1211    0.5748
     2    0.5902     0.7146   +0.1244    0.6271
     3    0.5408     0.6203   +0.0795    0.6590
     4    0.5257     0.6051   +0.0794    0.6751
     5    0.4898     0.5574   +0.0676    0.6932
     6    0.4472     0.5370   +0.0898    0.7045
     7    0.4363     0.5298   +0.0935    0.7051
     8    0.4302     0.5275   +0.0973    0.7052  <- mejor held-out  <- mejor train

Norma final: 0.705163  (v_CE de referencia: 0.8021 -- aca la norma es RESULTADO, no hiperparametro)
  posicion 0: 0.384756
  posicion 1: 0.427636
  posicion 2: 0.407855

Guardado en runs/act_l24_frq/
El .pt tiene el mismo formato que train_lang_patch.py: se evalua con
  python3 -u eval_lang_patch.py --model ... --patch runs/act_l24_frq/lang_patch.pt
