| version | idioma | condicion | cortadas | correctas antes | correctas ahora | siguen cortadas | held-out antes | held-out ahora | no-prefijo |
|---|---|---|---|---|---|---|---|---|---|
| v8 | es | baseline | 2 | 2 | 2 | 2 | 108/112 (96.4%) | 108/112 (96.4%) | 0 |
| v8 | es | referencia | 1 | 1 | 1 | 1 | 95/112 (84.8%) | 95/112 (84.8%) | 0 |
| v8 | es | parche | 2 | 1 | 1 | 2 | 82/112 (73.2%) | 82/112 (73.2%) | 0 |
| v8 | fr | baseline | 2 | 2 | 2 | 2 | 108/112 (96.4%) | 108/112 (96.4%) | 0 |
| v8 | fr | referencia | 2 | 2 | 2 | 2 | 91/112 (81.2%) | 91/112 (81.2%) | 0 |
| v8 | fr | parche | 2 | 2 | 2 | 2 | 90/112 (80.4%) | 90/112 (80.4%) | 0 |
| v8 | de | baseline | 2 | 2 | 2 | 2 | 108/112 (96.4%) | 108/112 (96.4%) | 0 |
| v8 | de | referencia | 2 | 0 | 2 | 2 | 89/112 (79.5%) | 91/112 (81.2%) | 0 |
| v8 | de | parche | 2 | 2 | 2 | 2 | 87/112 (77.7%) | 87/112 (77.7%) | 0 |
| v9 | es | baseline | 2 | 2 | 2 | 2 | 108/112 (96.4%) | 108/112 (96.4%) | 0 |
| v9 | es | referencia | 2 | 2 | 2 | 2 | 80/112 (71.4%) | 80/112 (71.4%) | 0 |
| v9 | es | parche | 2 | 2 | 2 | 2 | 88/112 (78.6%) | 88/112 (78.6%) | 0 |
| v9 | fr | baseline | 2 | 2 | 2 | 2 | 108/112 (96.4%) | 108/112 (96.4%) | 0 |
| v9 | fr | referencia | 2 | 0 | 1 | 2 | 80/112 (71.4%) | 81/112 (72.3%) | 0 |
| v9 | fr | parche | 2 | 2 | 2 | 1 | 86/112 (76.8%) | 86/112 (76.8%) | 0 |
| v9 | de | baseline | 2 | 2 | 2 | 2 | 108/112 (96.4%) | 108/112 (96.4%) | 0 |
| v9 | de | referencia | 2 | 1 | 2 | 2 | 83/112 (74.1%) | 84/112 (75.0%) | 0 |
| v9 | de | parche | 2 | 2 | 2 | 2 | 88/112 (78.6%) | 88/112 (78.6%) | 0 |

4 veredictos cambiaron -> algebra/runs/cortadas_smoke/reporte.md
