Gate de calidad sobre train: 200/200
`torch_dtype` is deprecated! Use `dtype` instead!
Loading checkpoint shards:   0%|          | 0/2 [00:00<?, ?it/s]Loading checkpoint shards:  50%|█████     | 1/2 [00:01<00:01,  1.02s/it]Loading checkpoint shards: 100%|██████████| 2/2 [00:01<00:00,  1.65it/s]Loading checkpoint shards: 100%|██████████| 2/2 [00:01<00:00,  1.50it/s]

Train: 200  |  Held-out: 50  |  diagnostico: 20

Activaciones (runs/_act_cache):
  cache HIT   clean  250 filas  43 MB  acts_clean_d98aa8a458e8f783.pt
  cache HIT   frq    250 filas  43 MB  acts_frq_dd2077e85abd976e.pt
d estimada sobre 200/200 filas de train  (target: frq)
  (verificar contra mean_diff_ctrl.json: si no coincide, el d que optimizas no es el que reporta la geometria)

Parche: runs/act_band12_24_p2/lang_patch.pt
  norma 0.8415  |  shape [1, 3, 3072]
  ESTADISTICO: media de cosenos por prompt (NO el coseno de las medias de mean_diff_vectors.py)

                                       H E L D - O U T                TRAIN
 capa      rel      cos      mag      par      ort   |      rel      cos
------------------------------------------------------------------------
    1    5.581   -0.056    2.046   -0.122    2.041   |    6.238   -0.065
    2    1.925    0.076    1.028    0.075    1.023   |    2.060    0.055
    3    6.183    0.045    2.265    0.106    2.261   |    5.926    0.042
    4    3.040    0.125    1.526    0.187    1.514   |    2.919    0.133
    5    1.750    0.256    1.140    0.298    1.099   |    1.812    0.275
    6    1.470    0.225    0.932    0.217    0.904   |    1.491    0.252
    7    1.021    0.410    0.840    0.360    0.755   |    1.004    0.442
    8    0.648    0.581    0.678    0.423    0.516   |    0.592    0.627
    9    0.564    0.644    0.705    0.483    0.493   |    0.506    0.686
   10    0.503    0.699    0.781    0.568    0.516   |    0.454    0.728
   11    0.401    0.770    0.809    0.639    0.478   |    0.369    0.786
   12    0.335    0.814    0.818    0.680    0.437   |    0.310    0.825
   13    0.340    0.810    0.844    0.700    0.454   |    0.311    0.824
   14    0.344    0.810    0.866    0.720    0.467   |    0.312    0.826
   15    0.340    0.813    0.866    0.723    0.462   |    0.310    0.826
   16    0.319    0.820    0.872    0.743    0.439   |    0.298    0.828
   17    0.325    0.817    0.900    0.765    0.454   |    0.303    0.828
   18    0.339    0.812    0.919    0.777    0.471   |    0.316    0.823
   19    0.384    0.793    0.951    0.788    0.513   |    0.355    0.804
   20    0.434    0.774    0.984    0.797    0.558   |    0.389    0.789
   21    0.475    0.759    1.005    0.799    0.590   |    0.419    0.778
   22    0.494    0.754    1.029    0.817    0.608   |    0.436    0.769
   23    0.525    0.743    1.049    0.824    0.632   |    0.460    0.763
   24    0.485    0.759    1.048    0.845    0.603   |    0.428    0.774
   25    0.552    0.739    1.080    0.848    0.651   |    0.482    0.756
   26    0.599    0.727    1.104    0.855    0.684   |    0.519    0.744
   27    0.592    0.729    1.098    0.853    0.678   |    0.517    0.743
   28    0.557    0.734    1.076    0.845    0.652   |    0.491    0.749

Promedio capas 12..28 sobre held-out:  cos=0.777   rel=0.438
Para la brecha entre estadisticos, compara ese cos contra cos_patch_frq del mean_diff del MISMO parche.

Guardado: /mnt/custom-file-systems/efs/fs-0ded2930a619aa967_fsap-0faa05c681ed1a8f3/papers/LLMAtaquesContinuos/experimentos/idiomas/runs/act_band12_24_p2/profile.json
          /mnt/custom-file-systems/efs/fs-0ded2930a619aa967_fsap-0faa05c681ed1a8f3/papers/LLMAtaquesContinuos/experimentos/idiomas/runs/act_band12_24_p2/profile_deltas.pt   (mean_delta, deltas por prompt, y d)
