Gate de calidad sobre train: 200/200

Pesos de la banda (auto):
   capa     c_l   1-c^2      w_l  vs unif  origen
     12   0.898   0.194   0.0978    1.27x  act_l12_frq
     13   0.848   0.281   0.0872    1.13x  act_l12_frq
     14   0.822   0.324   0.0821    1.07x  act_l12_frq
     15   0.800   0.360   0.0777    1.01x  act_l12_frq
     16   0.822   0.324   0.0820    1.07x  act_l16_frq
     17   0.810   0.344   0.0796    1.04x  act_l16_frq
     18   0.800   0.360   0.0777    1.01x  act_l16_frq
     19   0.776   0.398   0.0730    0.95x  act_l16_frq
     20   0.771   0.405   0.0722    0.94x  act_l20_frq
     21   0.753   0.433   0.0688    0.89x  act_l20_frq
     22   0.749   0.439   0.0680    0.88x  act_l20_frq
     23   0.735   0.460   0.0656    0.85x  act_l20_frq
     24   0.750   0.437   0.0683    0.89x  act_l20_frq
  spread 1.49x   suma 1.000000
  (c_l sale de perfil_heldout: seleccion leve sobre test, ver docstring)
`torch_dtype` is deprecated! Use `dtype` instead!
Loading checkpoint shards:   0%|          | 0/2 [00:00<?, ?it/s]Loading checkpoint shards:  50%|█████     | 1/2 [00:01<00:01,  1.02s/it]Loading checkpoint shards: 100%|██████████| 2/2 [00:01<00:00,  1.65it/s]Loading checkpoint shards: 100%|██████████| 2/2 [00:01<00:00,  1.50it/s]

Train: 200  |  Held-out: 50  |  diagnostico: 20
Objetivo: ACTIVACIONES (banda ponderada)  |  target: frq  |  capas: [12, 13, 14, 15, 16, 17, 18, 19, 20, 21, 22, 23, 24]
L2: 0.055  |  step: 0.00025 (cosine)  |  posiciones: 3

Activaciones (runs/_act_cache):
  cache HIT   clean  250 filas  43 MB  acts_clean_d98aa8a458e8f783.pt
  cache HIT   frq    250 filas  43 MB  acts_frq_dd2077e85abd976e.pt
d estimada sobre 200/200 filas de train
Epochs: 8  |  batch: 32 (7 batches/epoch)  |  steps/batch: 20
======================================================================

######################################################################
EPOCH 1/8
######################################################################
  [batch 1/7] band_w=0.9538  norma=0.396726  lr=2.50e-04
  [batch 2/7] band_w=0.8609  norma=0.497887  lr=2.49e-04
  [batch 3/7] band_w=0.7021  norma=0.539765  lr=2.48e-04
  [batch 4/7] band_w=0.6141  norma=0.569420  lr=2.47e-04
  [batch 5/7] band_w=0.6263  norma=0.607802  lr=2.45e-04
  [batch 6/7] band_w=0.6588  norma=0.644395  lr=2.43e-04
  [batch 7/7] band_w=0.4873  norma=0.660959  lr=2.41e-04

Epoch 1: band_w (trayectoria)=0.7005   norma=0.660959
  band_w:  train=0.5738   held-out=0.6690   brecha=+0.0953   (1.0 = no hizo nada)
  band_u:  train=0.5776   held-out=0.6749   <- sin pesos, comparable con el barrido
   capa     w_l      rel      cos      mag   (held-out)
      6       -    1.218    0.205    0.703
     12  0.0978    0.617    0.607    0.571   *
     13  0.0872    0.614    0.604    0.598   *
     14  0.0821    0.620    0.599    0.628   *
     15  0.0777    0.605    0.611    0.620   *
     16  0.0820    0.636    0.571    0.592   *
     17  0.0796    0.636    0.571    0.604   *
     18  0.0777    0.638    0.571    0.616   *
     19  0.0730    0.668    0.550    0.633   *
     20  0.0722    0.701    0.526    0.654   *
     21  0.0688    0.733    0.505    0.663   *
     22  0.0680    0.753    0.478    0.658   *
     23  0.0656    0.783    0.462    0.670   *
     24  0.0683    0.770    0.453    0.645   *
  * mejor HELD-OUT hasta ahora (0.6690)
  * mejor TRAIN hasta ahora (0.5738)

######################################################################
EPOCH 2/8
######################################################################
  [batch 1/7] band_w=0.5994  norma=0.688518  lr=2.38e-04
  [batch 2/7] band_w=0.6218  norma=0.719243  lr=2.35e-04
  [batch 3/7] band_w=0.5481  norma=0.743235  lr=2.31e-04
  [batch 4/7] band_w=0.4653  norma=0.756469  lr=2.27e-04
  [batch 5/7] band_w=0.4794  norma=0.769391  lr=2.23e-04
  [batch 6/7] band_w=0.4906  norma=0.784194  lr=2.18e-04
  [batch 7/7] band_w=0.3774  norma=0.788525  lr=2.14e-04

Epoch 2: band_w (trayectoria)=0.5117   norma=0.788525
  band_w:  train=0.5126   held-out=0.5715   brecha=+0.0589   (1.0 = no hizo nada)
  band_u:  train=0.5204   held-out=0.5799   <- sin pesos, comparable con el barrido
   capa     w_l      rel      cos      mag   (held-out)
      6       -    1.500    0.192    0.905
     12  0.0978    0.474    0.728    0.772   *
     13  0.0872    0.490    0.722    0.803   *
     14  0.0821    0.510    0.721    0.828   *
     15  0.0777    0.506    0.727    0.821   *
     16  0.0820    0.525    0.700    0.785   *
     17  0.0796    0.531    0.696    0.796   *
     18  0.0777    0.539    0.690    0.803   *
     19  0.0730    0.575    0.670    0.822   *
     20  0.0722    0.615    0.652    0.846   *
     21  0.0688    0.670    0.635    0.861   *
     22  0.0680    0.694    0.613    0.864   *
     23  0.0656    0.721    0.598    0.874   *
     24  0.0683    0.688    0.593    0.849   *
  * mejor HELD-OUT hasta ahora (0.5715)
  * mejor TRAIN hasta ahora (0.5126)

######################################################################
EPOCH 3/8
######################################################################
  [batch 1/7] band_w=0.4752  norma=0.802797  lr=2.08e-04
  [batch 2/7] band_w=0.4537  norma=0.808380  lr=2.03e-04
  [batch 3/7] band_w=0.3906  norma=0.809440  lr=1.98e-04
  [batch 4/7] band_w=0.3488  norma=0.809818  lr=1.92e-04
  [batch 5/7] band_w=0.3686  norma=0.813405  lr=1.86e-04
  [batch 6/7] band_w=0.3859  norma=0.816173  lr=1.79e-04
  [batch 7/7] band_w=0.3479  norma=0.817288  lr=1.73e-04

Epoch 3: band_w (trayectoria)=0.3958   norma=0.817288
  band_w:  train=0.4328   held-out=0.4599   brecha=+0.0271   (1.0 = no hizo nada)
  band_u:  train=0.4385   held-out=0.4667   <- sin pesos, comparable con el barrido
   capa     w_l      rel      cos      mag   (held-out)
      6       -    1.424    0.207    0.878
     12  0.0978    0.408    0.767    0.763   *
     13  0.0872    0.414    0.763    0.790   *
     14  0.0821    0.414    0.768    0.819   *
     15  0.0777    0.410    0.774    0.818   *
     16  0.0820    0.391    0.781    0.821   *
     17  0.0796    0.396    0.777    0.856   *
     18  0.0777    0.404    0.775    0.880   *
     19  0.0730    0.442    0.758    0.914   *
     20  0.0722    0.497    0.736    0.952   *
     21  0.0688    0.557    0.716    0.982   *
     22  0.0680    0.574    0.712    1.008   *
     23  0.0656    0.604    0.702    1.026   *
     24  0.0683    0.556    0.718    1.018   *
  * mejor HELD-OUT hasta ahora (0.4599)
  * mejor TRAIN hasta ahora (0.4328)

######################################################################
EPOCH 4/8
######################################################################
  [batch 1/7] band_w=0.4141  norma=0.819870  lr=1.66e-04
  [batch 2/7] band_w=0.4161  norma=0.822716  lr=1.60e-04
  [batch 3/7] band_w=0.3686  norma=0.824522  lr=1.53e-04
  [batch 4/7] band_w=0.3302  norma=0.824346  lr=1.46e-04
  [batch 5/7] band_w=0.3495  norma=0.828074  lr=1.39e-04
  [batch 6/7] band_w=0.3480  norma=0.830871  lr=1.32e-04
  [batch 7/7] band_w=0.3072  norma=0.832120  lr=1.25e-04

Epoch 4: band_w (trayectoria)=0.3620   norma=0.832120
  band_w:  train=0.3961   held-out=0.4297   brecha=+0.0336   (1.0 = no hizo nada)
  band_u:  train=0.4004   held-out=0.4356   <- sin pesos, comparable con el barrido
   capa     w_l      rel      cos      mag   (held-out)
      6       -    1.476    0.214    0.920
     12  0.0978    0.379    0.787    0.814   *
     13  0.0872    0.393    0.784    0.852   *
     14  0.0821    0.400    0.787    0.881   *
     15  0.0777    0.394    0.793    0.884   *
     16  0.0820    0.366    0.800    0.881   *
     17  0.0796    0.367    0.799    0.910   *
     18  0.0777    0.376    0.797    0.930   *
     19  0.0730    0.418    0.780    0.963   *
     20  0.0722    0.469    0.761    0.996   *
     21  0.0688    0.512    0.745    1.018   *
     22  0.0680    0.526    0.741    1.037   *
     23  0.0656    0.554    0.732    1.053   *
     24  0.0683    0.508    0.748    1.046   *
  * mejor HELD-OUT hasta ahora (0.4297)
  * mejor TRAIN hasta ahora (0.3961)

######################################################################
EPOCH 5/8
######################################################################
  [batch 1/7] band_w=0.3815  norma=0.834442  lr=1.18e-04
  [batch 2/7] band_w=0.3726  norma=0.835735  lr=1.11e-04
  [batch 3/7] band_w=0.3573  norma=0.835192  lr=1.04e-04
  [batch 4/7] band_w=0.3115  norma=0.836297  lr=9.73e-05
  [batch 5/7] band_w=0.3329  norma=0.836822  lr=9.05e-05
  [batch 6/7] band_w=0.3343  norma=0.837969  lr=8.38e-05
  [batch 7/7] band_w=0.2944  norma=0.837875  lr=7.73e-05

Epoch 5: band_w (trayectoria)=0.3407   norma=0.837875
  band_w:  train=0.3743   held-out=0.4091   brecha=+0.0348   (1.0 = no hizo nada)
  band_u:  train=0.3788   held-out=0.4152   <- sin pesos, comparable con el barrido
   capa     w_l      rel      cos      mag   (held-out)
      6       -    1.459    0.211    0.906
     12  0.0978    0.361    0.796    0.807   *
     13  0.0872    0.367    0.794    0.839   *
     14  0.0821    0.371    0.795    0.868   *
     15  0.0777    0.367    0.801    0.873   *
     16  0.0820    0.343    0.808    0.874   *
     17  0.0796    0.347    0.806    0.903   *
     18  0.0777    0.358    0.804    0.922   *
     19  0.0730    0.401    0.786    0.956   *
     20  0.0722    0.451    0.766    0.988   *
     21  0.0688    0.492    0.751    1.009   *
     22  0.0680    0.509    0.747    1.031   *
     23  0.0656    0.538    0.737    1.048   *
     24  0.0683    0.495    0.753    1.044   *
  * mejor HELD-OUT hasta ahora (0.4091)
  * mejor TRAIN hasta ahora (0.3743)

######################################################################
EPOCH 6/8
######################################################################
  [batch 1/7] band_w=0.3708  norma=0.839992  lr=7.09e-05
  [batch 2/7] band_w=0.3620  norma=0.840714  lr=6.46e-05
  [batch 3/7] band_w=0.3495  norma=0.840259  lr=5.86e-05
  [batch 4/7] band_w=0.3038  norma=0.840757  lr=5.28e-05
  [batch 5/7] band_w=0.3256  norma=0.840816  lr=4.71e-05
  [batch 6/7] band_w=0.3269  norma=0.840100  lr=4.18e-05
  [batch 7/7] band_w=0.2868  norma=0.840367  lr=3.67e-05

Epoch 6: band_w (trayectoria)=0.3322   norma=0.840367
  band_w:  train=0.3728   held-out=0.4068   brecha=+0.0340   (1.0 = no hizo nada)
  band_u:  train=0.3776   held-out=0.4130   <- sin pesos, comparable con el barrido
   capa     w_l      rel      cos      mag   (held-out)
      6       -    1.470    0.217    0.921
     12  0.0978    0.353    0.802    0.816   *
     13  0.0872    0.365    0.799    0.851   *
     14  0.0821    0.372    0.800    0.878   *
     15  0.0777    0.367    0.805    0.878   *
     16  0.0820    0.342    0.811    0.880   *
     17  0.0796    0.345    0.809    0.906   *
     18  0.0777    0.356    0.806    0.924   *
     19  0.0730    0.399    0.788    0.957   *
     20  0.0722    0.448    0.769    0.989   *
     21  0.0688    0.489    0.754    1.010   *
     22  0.0680    0.505    0.749    1.031   *
     23  0.0656    0.535    0.739    1.049   *
     24  0.0683    0.494    0.755    1.046   *
  * mejor HELD-OUT hasta ahora (0.4068)
  * mejor TRAIN hasta ahora (0.3728)

######################################################################
EPOCH 7/8
######################################################################
  [batch 1/7] band_w=0.3635  norma=0.842077  lr=3.18e-05
  [batch 2/7] band_w=0.3544  norma=0.842230  lr=2.73e-05
  [batch 3/7] band_w=0.3437  norma=0.842319  lr=2.31e-05
  [batch 4/7] band_w=0.2981  norma=0.842744  lr=1.92e-05
  [batch 5/7] band_w=0.3200  norma=0.842735  lr=1.56e-05
  [batch 6/7] band_w=0.3236  norma=0.841794  lr=1.24e-05
  [batch 7/7] band_w=0.2831  norma=0.841671  lr=9.53e-06

Epoch 7: band_w (trayectoria)=0.3266   norma=0.841671
  band_w:  train=0.3614   held-out=0.3991   brecha=+0.0378   (1.0 = no hizo nada)
  band_u:  train=0.3665   held-out=0.4056   <- sin pesos, comparable con el barrido
   capa     w_l      rel      cos      mag   (held-out)
      6       -    1.463    0.220    0.919
     12  0.0978    0.343    0.809    0.816   *
     13  0.0872    0.354    0.805    0.848   *
     14  0.0821    0.360    0.806    0.874   *
     15  0.0777    0.357    0.810    0.874   *
     16  0.0820    0.333    0.815    0.877   *
     17  0.0796    0.338    0.813    0.905   *
     18  0.0777    0.349    0.809    0.923   *
     19  0.0730    0.392    0.791    0.955   *
     20  0.0722    0.442    0.771    0.987   *
     21  0.0688    0.483    0.756    1.008   *
     22  0.0680    0.501    0.752    1.030   *
     23  0.0656    0.531    0.741    1.049   *
     24  0.0683    0.490    0.757    1.047   *
  * mejor HELD-OUT hasta ahora (0.3991)
  * mejor TRAIN hasta ahora (0.3614)

######################################################################
EPOCH 8/8
######################################################################
  [batch 1/7] band_w=0.3579  norma=0.841653  lr=7.03e-06
  [batch 2/7] band_w=0.3504  norma=0.841399  lr=4.89e-06
  [batch 3/7] band_w=0.3417  norma=0.841503  lr=3.14e-06
  [batch 4/7] band_w=0.2967  norma=0.841555  lr=1.77e-06
  [batch 5/7] band_w=0.3197  norma=0.841570  lr=7.87e-07
  [batch 6/7] band_w=0.3227  norma=0.841541  lr=1.97e-07
  [batch 7/7] band_w=0.2886  norma=0.841547  lr=0.00e+00

Epoch 8: band_w (trayectoria)=0.3254   norma=0.841547
  band_w:  train=0.3520   held-out=0.3886   brecha=+0.0366   (1.0 = no hizo nada)
  band_u:  train=0.3573   held-out=0.3953   <- sin pesos, comparable con el barrido
   capa     w_l      rel      cos      mag   (held-out)
      6       -    1.470    0.225    0.932
     12  0.0978    0.335    0.814    0.818   *
     13  0.0872    0.340    0.810    0.844   *
     14  0.0821    0.344    0.810    0.866   *
     15  0.0777    0.340    0.813    0.866   *
     16  0.0820    0.319    0.820    0.872   *
     17  0.0796    0.325    0.817    0.900   *
     18  0.0777    0.339    0.812    0.919   *
     19  0.0730    0.384    0.793    0.951   *
     20  0.0722    0.434    0.774    0.984   *
     21  0.0688    0.475    0.759    1.005   *
     22  0.0680    0.494    0.754    1.029   *
     23  0.0656    0.525    0.743    1.049   *
     24  0.0683    0.485    0.759    1.048   *
  * mejor HELD-OUT hasta ahora (0.3886)
  * mejor TRAIN hasta ahora (0.3520)

======================================================================
 epoch  band_w tr  band_w ho  band_u ho   brecha    norma
     1     0.5738     0.6690     0.6749  +0.0953   0.6610
     2     0.5126     0.5715     0.5799  +0.0589   0.7885
     3     0.4328     0.4599     0.4667  +0.0271   0.8173
     4     0.3961     0.4297     0.4356  +0.0336   0.8321
     5     0.3743     0.4091     0.4152  +0.0348   0.8379
     6     0.3728     0.4068     0.4130  +0.0340   0.8404
     7     0.3614     0.3991     0.4056  +0.0378   0.8417
     8     0.3520     0.3886     0.3953  +0.0366   0.8415  <- mejor held-out  <- mejor train

Norma final: 0.841547  (v_CE de referencia: 0.8021)
  posicion 0: 0.584890
  posicion 1: 0.440700
  posicion 2: 0.414594

Guardado en runs/act_band12_24_p2/
  python3 -u eval_lang_patch.py --model ... --patch runs/act_band12_24_p2/lang_patch.pt
