Gate de calidad sobre train: 200/200
`torch_dtype` is deprecated! Use `dtype` instead!
Loading checkpoint shards:   0%|          | 0/2 [00:00<?, ?it/s]Loading checkpoint shards:  50%|█████     | 1/2 [00:01<00:01,  1.03s/it]Loading checkpoint shards: 100%|██████████| 2/2 [00:01<00:00,  1.65it/s]Loading checkpoint shards: 100%|██████████| 2/2 [00:01<00:00,  1.49it/s]

Train: 200  |  Held-out: 50  |  diagnostico: 20

Activaciones (runs/_act_cache):
  cache HIT   clean  250 filas  43 MB  acts_clean_d98aa8a458e8f783.pt
  cache HIT   frq    250 filas  43 MB  acts_frq_dd2077e85abd976e.pt
d estimada sobre 200/200 filas de train  (target: frq)
  (verificar contra mean_diff_ctrl.json: si no coincide, el d que optimizas no es el que reporta la geometria)

Parche: runs/act_band16_18_p2/lang_patch.pt
  norma 0.8222  |  shape [1, 3, 3072]
  ESTADISTICO: media de cosenos por prompt (NO el coseno de las medias de mean_diff_vectors.py)

                                       H E L D - O U T                TRAIN
 capa      rel      cos      mag      par      ort   |      rel      cos
------------------------------------------------------------------------
    1    8.924   -0.070    2.710   -0.198    2.701   |    9.898   -0.078
    2    2.025    0.088    1.089    0.092    1.084   |    2.168    0.075
    3    4.955    0.042    1.989    0.082    1.987   |    4.883    0.039
    4    2.578    0.116    1.347    0.148    1.338   |    2.452    0.125
    5    1.515    0.229    0.969    0.219    0.943   |    1.508    0.239
    6    1.296    0.216    0.789    0.170    0.770   |    1.288    0.226
    7    1.079    0.306    0.713    0.222    0.677   |    1.089    0.308
    8    0.915    0.342    0.523    0.185    0.488   |    0.910    0.350
    9    0.832    0.432    0.583    0.261    0.519   |    0.820    0.438
   10    0.752    0.516    0.680    0.364    0.569   |    0.738    0.520
   11    0.612    0.618    0.696    0.447    0.528   |    0.595    0.629
   12    0.521    0.685    0.696    0.492    0.485   |    0.515    0.692
   13    0.467    0.722    0.743    0.555    0.485   |    0.454    0.732
   14    0.429    0.751    0.800    0.622    0.490   |    0.421    0.762
   15    0.363    0.792    0.822    0.674    0.456   |    0.357    0.797
   16    0.311    0.819    0.865    0.741    0.424   |    0.310    0.819
   17    0.313    0.819    0.897    0.770    0.437   |    0.309    0.822
   18    0.333    0.812    0.924    0.786    0.463   |    0.325    0.816
   19    0.393    0.787    0.962    0.795    0.521   |    0.376    0.791
   20    0.458    0.762    1.001    0.803    0.578   |    0.422    0.772
   21    0.509    0.744    1.024    0.803    0.616   |    0.458    0.757
   22    0.541    0.738    1.057    0.826    0.643   |    0.483    0.745
   23    0.583    0.728    1.084    0.837    0.674   |    0.518    0.736
   24    0.542    0.743    1.087    0.863    0.646   |    0.485    0.746
   25    0.613    0.725    1.119    0.867    0.693   |    0.541    0.729
   26    0.661    0.715    1.144    0.875    0.725   |    0.575    0.719
   27    0.644    0.719    1.136    0.874    0.714   |    0.568    0.719
   28    0.598    0.724    1.105    0.860    0.681   |    0.537    0.723

Promedio capas 12..28 sobre held-out:  cos=0.752   rel=0.487
Para la brecha entre estadisticos, compara ese cos contra cos_patch_frq del mean_diff del MISMO parche.

Guardado: /mnt/custom-file-systems/efs/fs-0ded2930a619aa967_fsap-0faa05c681ed1a8f3/papers/LLMAtaquesContinuos/experimentos/idiomas/runs/act_band16_18_p2/profile.json
          /mnt/custom-file-systems/efs/fs-0ded2930a619aa967_fsap-0faa05c681ed1a8f3/papers/LLMAtaquesContinuos/experimentos/idiomas/runs/act_band16_18_p2/profile_deltas.pt   (mean_delta, deltas por prompt, y d)
