Gate de calidad sobre train: 200/200
`torch_dtype` is deprecated! Use `dtype` instead!
Loading checkpoint shards:   0%|          | 0/2 [00:00<?, ?it/s]Loading checkpoint shards:  50%|█████     | 1/2 [00:01<00:01,  1.02s/it]Loading checkpoint shards: 100%|██████████| 2/2 [00:01<00:00,  1.66it/s]Loading checkpoint shards: 100%|██████████| 2/2 [00:01<00:00,  1.51it/s]

Train: 200  |  Held-out: 50  |  diagnostico: 20

Activaciones (runs/_act_cache):
  cache HIT   clean  250 filas  43 MB  acts_clean_d98aa8a458e8f783.pt
  cache HIT   frq    250 filas  43 MB  acts_frq_dd2077e85abd976e.pt
d estimada sobre 200/200 filas de train  (target: frq)
  (verificar contra mean_diff_ctrl.json: si no coincide, el d que optimizas no es el que reporta la geometria)

Parche: runs/act_l16_frq/lang_patch.pt
  norma 0.8366  |  shape [1, 3, 3072]
  ESTADISTICO: media de cosenos por prompt (NO el coseno de las medias de mean_diff_vectors.py)

                                       H E L D - O U T                TRAIN
 capa      rel      cos      mag      par      ort   |      rel      cos
------------------------------------------------------------------------
    1    7.567   -0.075    2.450   -0.190    2.441   |    8.429   -0.081
    2    2.069    0.049    1.070    0.048    1.068   |    2.208    0.032
    3    4.962    0.018    1.975    0.035    1.974   |    4.941    0.014
    4    2.563    0.111    1.343    0.142    1.335   |    2.491    0.116
    5    1.479    0.222    0.935    0.206    0.911   |    1.492    0.228
    6    1.313    0.193    0.773    0.150    0.758   |    1.326    0.197
    7    1.051    0.333    0.726    0.247    0.681   |    1.061    0.340
    8    0.836    0.415    0.540    0.234    0.483   |    0.812    0.440
    9    0.771    0.485    0.619    0.316    0.526   |    0.737    0.514
   10    0.694    0.558    0.694    0.404    0.556   |    0.656    0.585
   11    0.576    0.644    0.716    0.480    0.522   |    0.533    0.678
   12    0.488    0.709    0.726    0.531    0.486   |    0.460    0.730
   13    0.438    0.742    0.771    0.592    0.481   |    0.407    0.762
   14    0.406    0.766    0.827    0.656    0.486   |    0.384    0.784
   15    0.348    0.800    0.841    0.698    0.452   |    0.326    0.816
   16    0.303    0.822    0.878    0.756    0.422   |    0.285    0.836
   17    0.329    0.810    0.917    0.780    0.458   |    0.314    0.824
   18    0.357    0.800    0.944    0.794    0.490   |    0.339    0.814
   19    0.417    0.776    0.981    0.801    0.544   |    0.390    0.792
   20    0.485    0.752    1.020    0.809    0.600   |    0.438    0.773
   21    0.535    0.735    1.040    0.807    0.636   |    0.472    0.759
   22    0.563    0.730    1.066    0.825    0.658   |    0.495    0.748
   23    0.606    0.720    1.096    0.839    0.689   |    0.532    0.741
   24    0.561    0.737    1.098    0.866    0.659   |    0.492    0.757
   25    0.641    0.717    1.133    0.870    0.711   |    0.557    0.738
   26    0.693    0.706    1.159    0.877    0.743   |    0.595    0.728
   27    0.674    0.710    1.148    0.874    0.731   |    0.586    0.726
   28    0.628    0.715    1.117    0.860    0.699   |    0.556    0.729

Promedio capas 12..28 sobre held-out:  cos=0.750   rel=0.498
Para la brecha entre estadisticos, compara ese cos contra cos_patch_frq del mean_diff del MISMO parche.

Guardado: /mnt/custom-file-systems/efs/fs-0ded2930a619aa967_fsap-0faa05c681ed1a8f3/papers/LLMAtaquesContinuos/experimentos/idiomas/runs/act_l16_frq/profile.json
          /mnt/custom-file-systems/efs/fs-0ded2930a619aa967_fsap-0faa05c681ed1a8f3/papers/LLMAtaquesContinuos/experimentos/idiomas/runs/act_l16_frq/profile_deltas.pt   (mean_delta, deltas por prompt, y d)
