Gate de calidad sobre train: 549/588 targets limpios
`torch_dtype` is deprecated! Use `dtype` instead!
Loading checkpoint shards:   0%|          | 0/2 [00:00<?, ?it/s]Loading checkpoint shards:  50%|█████     | 1/2 [00:01<00:01,  1.02s/it]Loading checkpoint shards: 100%|██████████| 2/2 [00:01<00:00,  1.66it/s]Loading checkpoint shards: 100%|██████████| 2/2 [00:01<00:00,  1.50it/s]

Train: 549  |  Held-out: 112  |  validacion: 20
L2: 0.0925  |  step_size: 0.00025 (cosine)  |  posiciones: 1  |  anchor: goal_all
  [prompt] parche sobre 15..24 (10 tokens) = ['On', ' which', ' continent', ' is', ' the', ' Amazon', ' rain', 'forest', ' located', '?']
        antes: ['<|end_header_id|>', '\n\n']   despues: ['<|eot_id|>', '<|start_header_id|>']
  [prompt_de] parche sobre 15..28 (14 tokens) = ['Auf', ' wel', 'chem', ' Kont', 'inent', ' liegt', ' der', ' Amazon', 'as', '-', 'Reg', 'en', 'wald', '?']
        antes: ['<|end_header_id|>', '\n\n']   despues: ['<|eot_id|>', '<|start_header_id|>']
  [prompt_fr] parche sobre 15..25 (11 tokens) = ['Sur', ' quel', ' continent', ' se', ' trouve', ' la', ' for', 'êt', ' amazon', 'ienne', '?']
        antes: ['<|end_header_id|>', '\n\n']   despues: ['<|eot_id|>', '<|start_header_id|>']
  largo del goal en train: media 10.3  min 4  max 26  (el mismo v se suma en cada posicion)
Loss: CE sobre los primeros 8 tokens  |  entradas: ['prompt', 'prompt_de', 'prompt_fr']
  prompt: 549/549 filas de train usables
  prompt_de: 549/549 filas de train usables
  prompt_fr: 549/549 filas de train usables
Epochs: 10  |  batch: 28 (20 batches/epoch)  |  steps/batch: 20
Checkpoint: mejor por CE held-out
======================================================================

######################################################################
EPOCH 1/10
######################################################################
  [batch 1/20] CE=3.4885  norma=0.203336  lr=2.50e-04
  [batch 2/20] CE=1.8327  norma=0.331796  lr=2.50e-04
  [batch 3/20] CE=0.6642  norma=0.393317  lr=2.50e-04
  [batch 4/20] CE=0.7371  norma=0.430622  lr=2.50e-04
  [batch 5/20] CE=0.6334  norma=0.482450  lr=2.50e-04
  [batch 6/20] CE=0.6442  norma=0.513688  lr=2.49e-04
  [batch 7/20] CE=0.6140  norma=0.555591  lr=2.49e-04
  [batch 8/20] CE=0.7620  norma=0.586704  lr=2.49e-04
  [batch 9/20] CE=0.7645  norma=0.621075  lr=2.49e-04
  [batch 10/20] CE=0.7577  norma=0.636621  lr=2.48e-04
  [batch 11/20] CE=0.7856  norma=0.668323  lr=2.48e-04
  [batch 12/20] CE=0.5813  norma=0.677373  lr=2.48e-04
  [batch 13/20] CE=0.6760  norma=0.692714  lr=2.47e-04
  [batch 14/20] CE=0.7232  norma=0.690081  lr=2.47e-04
  [batch 15/20] CE=0.6410  norma=0.710243  lr=2.47e-04
  [batch 16/20] CE=0.8419  norma=0.727116  lr=2.46e-04
  [batch 17/20] CE=0.6734  norma=0.741442  lr=2.46e-04
  [batch 18/20] CE=0.7937  norma=0.758033  lr=2.45e-04
  [batch 19/20] CE=0.6427  norma=0.772444  lr=2.45e-04
  [batch 20/20] CE=0.7010  norma=0.785780  lr=2.44e-04
  held-out head CE por entrada: prompt=0.7534  prompt_de=1.0587  prompt_fr=1.2066

Epoch 1: CE train (trayectoria)=0.8979  norma=0.785780
  CE head del checkpoint:  train=0.7680   held-out=1.0062   brecha=+0.2382
  held-out CE  head(primeros 5): con parche=1.0062  sin parche=5.2026  delta=-4.1963
               toda la respuesta      : con parche=0.5308  sin parche=1.5987  delta=-1.0679
  * mejor HELD-OUT hasta ahora (head CE 1.0062)
  * mejor TRAIN hasta ahora (head CE 0.7680)
----------------------------------------------------------------------

######################################################################
EPOCH 2/10
######################################################################
  [batch 1/20] CE=0.5892  norma=0.780789  lr=2.43e-04
  [batch 2/20] CE=0.5875  norma=0.785856  lr=2.43e-04
  [batch 3/20] CE=0.4222  norma=0.792533  lr=2.42e-04
  [batch 4/20] CE=0.4932  norma=0.800387  lr=2.41e-04
  [batch 5/20] CE=0.5189  norma=0.796782  lr=2.41e-04
  [batch 6/20] CE=0.4566  norma=0.802095  lr=2.40e-04
  [batch 7/20] CE=0.4387  norma=0.808764  lr=2.39e-04
  [batch 8/20] CE=0.6133  norma=0.813883  lr=2.38e-04
  [batch 9/20] CE=0.5505  norma=0.830582  lr=2.37e-04
  [batch 10/20] CE=0.5975  norma=0.834118  lr=2.36e-04
  [batch 11/20] CE=0.6249  norma=0.826313  lr=2.36e-04
  [batch 12/20] CE=0.3864  norma=0.840691  lr=2.35e-04
  [batch 13/20] CE=0.5677  norma=0.842974  lr=2.34e-04
  [batch 14/20] CE=0.6271  norma=0.836997  lr=2.33e-04
  [batch 15/20] CE=0.4783  norma=0.837067  lr=2.32e-04
  [batch 16/20] CE=0.7185  norma=0.839093  lr=2.31e-04
  [batch 17/20] CE=0.5315  norma=0.845453  lr=2.30e-04
  [batch 18/20] CE=0.6745  norma=0.852864  lr=2.28e-04
  [batch 19/20] CE=0.5400  norma=0.852437  lr=2.27e-04
  [batch 20/20] CE=0.6056  norma=0.857735  lr=2.26e-04
  held-out head CE por entrada: prompt=0.6084  prompt_de=1.0402  prompt_fr=0.9892

Epoch 2: CE train (trayectoria)=0.5511  norma=0.857735
  CE head del checkpoint:  train=0.7963   held-out=0.8793   brecha=+0.0830
  held-out CE  head(primeros 5): con parche=0.8793  sin parche=5.2026  delta=-4.3233
               toda la respuesta      : con parche=0.4755  sin parche=1.5987  delta=-1.1231
  * mejor HELD-OUT hasta ahora (head CE 0.8793)
----------------------------------------------------------------------

######################################################################
EPOCH 3/10
######################################################################
  [batch 1/20] CE=0.4936  norma=0.850234  lr=2.25e-04
  [batch 2/20] CE=0.4830  norma=0.853875  lr=2.24e-04
  [batch 3/20] CE=0.3419  norma=0.851558  lr=2.23e-04
  [batch 4/20] CE=0.4146  norma=0.850791  lr=2.21e-04
  [batch 5/20] CE=0.4021  norma=0.847025  lr=2.20e-04
  [batch 6/20] CE=0.4180  norma=0.848930  lr=2.19e-04
  [batch 7/20] CE=0.3364  norma=0.854615  lr=2.18e-04
  [batch 8/20] CE=0.4695  norma=0.858334  lr=2.16e-04
  [batch 9/20] CE=0.4566  norma=0.863231  lr=2.15e-04
  [batch 10/20] CE=0.4707  norma=0.862740  lr=2.13e-04
  [batch 11/20] CE=0.4932  norma=0.862365  lr=2.12e-04
  [batch 12/20] CE=0.2819  norma=0.863608  lr=2.11e-04
  [batch 13/20] CE=0.4729  norma=0.861567  lr=2.09e-04
  [batch 14/20] CE=0.5499  norma=0.862354  lr=2.08e-04
  [batch 15/20] CE=0.4052  norma=0.861789  lr=2.06e-04
  [batch 16/20] CE=0.6145  norma=0.862612  lr=2.05e-04
  [batch 17/20] CE=0.4948  norma=0.862823  lr=2.03e-04
  [batch 18/20] CE=0.5556  norma=0.865183  lr=2.02e-04
  [batch 19/20] CE=0.4716  norma=0.863026  lr=2.00e-04
  [batch 20/20] CE=0.4911  norma=0.869242  lr=1.99e-04
  held-out head CE por entrada: prompt=0.7192  prompt_de=0.9527  prompt_fr=0.8957

Epoch 3: CE train (trayectoria)=0.4559  norma=0.869242
  CE head del checkpoint:  train=0.7017   held-out=0.8559   brecha=+0.1541
  held-out CE  head(primeros 5): con parche=0.8559  sin parche=5.2026  delta=-4.3467
               toda la respuesta      : con parche=0.4626  sin parche=1.5987  delta=-1.1360
  * mejor HELD-OUT hasta ahora (head CE 0.8559)
  * mejor TRAIN hasta ahora (head CE 0.7017)
----------------------------------------------------------------------

######################################################################
EPOCH 4/10
######################################################################
  [batch 1/20] CE=0.4575  norma=0.868795  lr=1.97e-04
  [batch 2/20] CE=0.4278  norma=0.868603  lr=1.95e-04
  [batch 3/20] CE=0.3143  norma=0.864465  lr=1.94e-04
  [batch 4/20] CE=0.3249  norma=0.870663  lr=1.92e-04
  [batch 5/20] CE=0.3490  norma=0.868398  lr=1.90e-04
  [batch 6/20] CE=0.3500  norma=0.864503  lr=1.89e-04
  [batch 7/20] CE=0.2657  norma=0.863177  lr=1.87e-04
  [batch 8/20] CE=0.4408  norma=0.868814  lr=1.85e-04
  [batch 9/20] CE=0.4370  norma=0.870166  lr=1.84e-04
  [batch 10/20] CE=0.4915  norma=0.867944  lr=1.82e-04
  [batch 11/20] CE=0.4789  norma=0.864540  lr=1.80e-04
  [batch 12/20] CE=0.2742  norma=0.866737  lr=1.78e-04
  [batch 13/20] CE=0.4405  norma=0.863791  lr=1.76e-04
  [batch 14/20] CE=0.4774  norma=0.866166  lr=1.75e-04
  [batch 15/20] CE=0.3983  norma=0.863663  lr=1.73e-04
  [batch 16/20] CE=0.5591  norma=0.864649  lr=1.71e-04
  [batch 17/20] CE=0.4466  norma=0.863904  lr=1.69e-04
  [batch 18/20] CE=0.5454  norma=0.861540  lr=1.67e-04
  [batch 19/20] CE=0.4451  norma=0.861170  lr=1.66e-04
  [batch 20/20] CE=0.4623  norma=0.863560  lr=1.64e-04
  held-out head CE por entrada: prompt=0.6008  prompt_de=0.8454  prompt_fr=1.0180

Epoch 4: CE train (trayectoria)=0.4193  norma=0.863560
  CE head del checkpoint:  train=0.6962   held-out=0.8214   brecha=+0.1252
  held-out CE  head(primeros 5): con parche=0.8214  sin parche=5.2026  delta=-4.3812
               toda la respuesta      : con parche=0.4778  sin parche=1.5987  delta=-1.1208
  * mejor HELD-OUT hasta ahora (head CE 0.8214)
  * mejor TRAIN hasta ahora (head CE 0.6962)
----------------------------------------------------------------------

######################################################################
EPOCH 5/10
######################################################################
  [batch 1/20] CE=0.4396  norma=0.863711  lr=1.62e-04
  [batch 2/20] CE=0.4405  norma=0.867388  lr=1.60e-04
  [batch 3/20] CE=0.2966  norma=0.864064  lr=1.58e-04
  [batch 4/20] CE=0.3188  norma=0.863930  lr=1.56e-04
  [batch 5/20] CE=0.3579  norma=0.862071  lr=1.54e-04
  [batch 6/20] CE=0.3394  norma=0.861993  lr=1.52e-04
  [batch 7/20] CE=0.2913  norma=0.863158  lr=1.50e-04
  [batch 8/20] CE=0.4114  norma=0.865865  lr=1.48e-04
  [batch 9/20] CE=0.4524  norma=0.865363  lr=1.47e-04
  [batch 10/20] CE=0.4238  norma=0.869207  lr=1.45e-04
  [batch 11/20] CE=0.4552  norma=0.869108  lr=1.43e-04
  [batch 12/20] CE=0.2378  norma=0.868885  lr=1.41e-04
  [batch 13/20] CE=0.4319  norma=0.867791  lr=1.39e-04
  [batch 14/20] CE=0.5022  norma=0.864400  lr=1.37e-04
  [batch 15/20] CE=0.3810  norma=0.865285  lr=1.35e-04
  [batch 16/20] CE=0.4951  norma=0.864471  lr=1.33e-04
  [batch 17/20] CE=0.4763  norma=0.862795  lr=1.31e-04
  [batch 18/20] CE=0.5138  norma=0.861390  lr=1.29e-04
  [batch 19/20] CE=0.4348  norma=0.859119  lr=1.27e-04
  [batch 20/20] CE=0.4394  norma=0.858813  lr=1.25e-04
  held-out head CE por entrada: prompt=0.5804  prompt_de=0.8707  prompt_fr=1.0655

Epoch 5: CE train (trayectoria)=0.4070  norma=0.858813
  CE head del checkpoint:  train=0.7140   held-out=0.8389   brecha=+0.1248
  held-out CE  head(primeros 5): con parche=0.8389  sin parche=5.2026  delta=-4.3637
               toda la respuesta      : con parche=0.4811  sin parche=1.5987  delta=-1.1176
----------------------------------------------------------------------

######################################################################
EPOCH 6/10
######################################################################
  [batch 1/20] CE=0.4403  norma=0.862374  lr=1.23e-04
  [batch 2/20] CE=0.4250  norma=0.861874  lr=1.21e-04
  [batch 3/20] CE=0.2840  norma=0.859802  lr=1.19e-04
  [batch 4/20] CE=0.3326  norma=0.863926  lr=1.17e-04
  [batch 5/20] CE=0.3375  norma=0.863083  lr=1.15e-04
  [batch 6/20] CE=0.3236  norma=0.865540  lr=1.13e-04
  [batch 7/20] CE=0.2797  norma=0.865289  lr=1.11e-04
  [batch 8/20] CE=0.3953  norma=0.863988  lr=1.09e-04
  [batch 9/20] CE=0.4992  norma=0.865964  lr=1.07e-04
  [batch 10/20] CE=0.4096  norma=0.867351  lr=1.05e-04
  [batch 11/20] CE=0.5096  norma=0.867295  lr=1.04e-04
  [batch 12/20] CE=0.2381  norma=0.866800  lr=1.02e-04
  [batch 13/20] CE=0.4164  norma=0.864164  lr=9.97e-05
  [batch 14/20] CE=0.5288  norma=0.863494  lr=9.78e-05
  [batch 15/20] CE=0.3626  norma=0.861798  lr=9.59e-05
  [batch 16/20] CE=0.5222  norma=0.862939  lr=9.40e-05
  [batch 17/20] CE=0.4174  norma=0.862960  lr=9.21e-05
  [batch 18/20] CE=0.5450  norma=0.861673  lr=9.02e-05
  [batch 19/20] CE=0.4297  norma=0.857471  lr=8.83e-05
  [batch 20/20] CE=0.4596  norma=0.857987  lr=8.64e-05
  held-out head CE por entrada: prompt=0.5707  prompt_de=0.7297  prompt_fr=1.0074

Epoch 6: CE train (trayectoria)=0.4078  norma=0.857987
  CE head del checkpoint:  train=0.6256   held-out=0.7693   brecha=+0.1436
  held-out CE  head(primeros 5): con parche=0.7693  sin parche=5.2026  delta=-4.4333
               toda la respuesta      : con parche=0.4333  sin parche=1.5987  delta=-1.1654
  * mejor HELD-OUT hasta ahora (head CE 0.7693)
  * mejor TRAIN hasta ahora (head CE 0.6256)
----------------------------------------------------------------------

######################################################################
EPOCH 7/10
######################################################################
  [batch 1/20] CE=0.4395  norma=0.860319  lr=8.45e-05
  [batch 2/20] CE=0.4259  norma=0.860701  lr=8.27e-05
  [batch 3/20] CE=0.3008  norma=0.859753  lr=8.09e-05
  [batch 4/20] CE=0.3528  norma=0.859780  lr=7.90e-05
  [batch 5/20] CE=0.3260  norma=0.858492  lr=7.72e-05
  [batch 6/20] CE=0.3374  norma=0.860227  lr=7.54e-05
  [batch 7/20] CE=0.2612  norma=0.862026  lr=7.36e-05
  [batch 8/20] CE=0.4273  norma=0.863490  lr=7.18e-05
  [batch 9/20] CE=0.5019  norma=0.864228  lr=7.00e-05
  [batch 10/20] CE=0.4481  norma=0.863142  lr=6.83e-05
  [batch 11/20] CE=0.5126  norma=0.860327  lr=6.65e-05
  [batch 12/20] CE=0.2562  norma=0.860379  lr=6.48e-05
  [batch 13/20] CE=0.4075  norma=0.859271  lr=6.31e-05
  [batch 14/20] CE=0.5333  norma=0.860857  lr=6.14e-05
  [batch 15/20] CE=0.3609  norma=0.859476  lr=5.97e-05
  [batch 16/20] CE=0.5508  norma=0.859757  lr=5.80e-05
  [batch 17/20] CE=0.4167  norma=0.859909  lr=5.64e-05
  [batch 18/20] CE=0.5409  norma=0.859233  lr=5.48e-05
  [batch 19/20] CE=0.4206  norma=0.857516  lr=5.31e-05
  [batch 20/20] CE=0.5209  norma=0.857290  lr=5.16e-05
  held-out head CE por entrada: prompt=0.5350  prompt_de=0.9093  prompt_fr=0.9679

Epoch 7: CE train (trayectoria)=0.4171  norma=0.857290
  CE head del checkpoint:  train=0.5540   held-out=0.8041   brecha=+0.2501
  held-out CE  head(primeros 5): con parche=0.8041  sin parche=5.2026  delta=-4.3985
               toda la respuesta      : con parche=0.4340  sin parche=1.5987  delta=-1.1646
  * mejor TRAIN hasta ahora (head CE 0.5540)
----------------------------------------------------------------------

######################################################################
EPOCH 8/10
######################################################################
  [batch 1/20] CE=0.4396  norma=0.859011  lr=5.00e-05
  [batch 2/20] CE=0.4164  norma=0.859948  lr=4.84e-05
  [batch 3/20] CE=0.3072  norma=0.858697  lr=4.69e-05
  [batch 4/20] CE=0.3446  norma=0.859592  lr=4.53e-05
  [batch 5/20] CE=0.3346  norma=0.859065  lr=4.38e-05
  [batch 6/20] CE=0.3460  norma=0.860284  lr=4.24e-05
  [batch 7/20] CE=0.2641  norma=0.860893  lr=4.09e-05
  [batch 8/20] CE=0.4312  norma=0.861214  lr=3.95e-05
  [batch 9/20] CE=0.4949  norma=0.861821  lr=3.80e-05
  [batch 10/20] CE=0.4452  norma=0.862066  lr=3.66e-05
  [batch 11/20] CE=0.5297  norma=0.861890  lr=3.53e-05
  [batch 12/20] CE=0.2764  norma=0.861973  lr=3.39e-05
  [batch 13/20] CE=0.4160  norma=0.861344  lr=3.26e-05
  [batch 14/20] CE=0.5338  norma=0.861995  lr=3.13e-05
  [batch 15/20] CE=0.3481  norma=0.862140  lr=3.00e-05
  [batch 16/20] CE=0.5727  norma=0.862201  lr=2.87e-05
  [batch 17/20] CE=0.4054  norma=0.862369  lr=2.75e-05
  [batch 18/20] CE=0.5328  norma=0.861084  lr=2.62e-05
  [batch 19/20] CE=0.4233  norma=0.859949  lr=2.51e-05
  [batch 20/20] CE=0.5165  norma=0.859800  lr=2.39e-05
  held-out head CE por entrada: prompt=0.5401  prompt_de=0.9050  prompt_fr=0.9490

Epoch 8: CE train (trayectoria)=0.4189  norma=0.859800
  CE head del checkpoint:  train=0.5123   held-out=0.7980   brecha=+0.2858
  held-out CE  head(primeros 5): con parche=0.7980  sin parche=5.2026  delta=-4.4045
               toda la respuesta      : con parche=0.4256  sin parche=1.5987  delta=-1.1730
  * mejor TRAIN hasta ahora (head CE 0.5123)
----------------------------------------------------------------------

######################################################################
EPOCH 9/10
######################################################################
  [batch 1/20] CE=0.4552  norma=0.861207  lr=2.27e-05
  [batch 2/20] CE=0.4272  norma=0.862194  lr=2.16e-05
  [batch 3/20] CE=0.3118  norma=0.861904  lr=2.05e-05
  [batch 4/20] CE=0.3581  norma=0.861702  lr=1.95e-05
  [batch 5/20] CE=0.3398  norma=0.861681  lr=1.84e-05
  [batch 6/20] CE=0.3569  norma=0.862420  lr=1.74e-05
  [batch 7/20] CE=0.2711  norma=0.862580  lr=1.64e-05
  [batch 8/20] CE=0.4474  norma=0.862496  lr=1.55e-05
  [batch 9/20] CE=0.5026  norma=0.862522  lr=1.45e-05
  [batch 10/20] CE=0.4449  norma=0.862547  lr=1.36e-05
  [batch 11/20] CE=0.5116  norma=0.862413  lr=1.28e-05
  [batch 12/20] CE=0.3033  norma=0.862645  lr=1.19e-05
  [batch 13/20] CE=0.4546  norma=0.862181  lr=1.11e-05
  [batch 14/20] CE=0.5778  norma=0.862384  lr=1.03e-05
  [batch 15/20] CE=0.3555  norma=0.862885  lr=9.52e-06
  [batch 16/20] CE=0.5692  norma=0.862897  lr=8.78e-06
  [batch 17/20] CE=0.4250  norma=0.863132  lr=8.07e-06
  [batch 18/20] CE=0.5397  norma=0.862678  lr=7.39e-06
  [batch 19/20] CE=0.4550  norma=0.862278  lr=6.74e-06
  [batch 20/20] CE=0.5132  norma=0.862336  lr=6.12e-06
  held-out head CE por entrada: prompt=0.5350  prompt_de=0.7866  prompt_fr=0.9866

Epoch 9: CE train (trayectoria)=0.4310  norma=0.862336
  CE head del checkpoint:  train=0.4389   held-out=0.7694   brecha=+0.3305
  held-out CE  head(primeros 5): con parche=0.7694  sin parche=5.2026  delta=-4.4332
               toda la respuesta      : con parche=0.4198  sin parche=1.5987  delta=-1.1789
  * mejor TRAIN hasta ahora (head CE 0.4389)
----------------------------------------------------------------------

######################################################################
EPOCH 10/10
######################################################################
  [batch 1/20] CE=0.4538  norma=0.862475  lr=5.53e-06
  [batch 2/20] CE=0.4481  norma=0.862893  lr=4.97e-06
  [batch 3/20] CE=0.3208  norma=0.863017  lr=4.43e-06
  [batch 4/20] CE=0.3715  norma=0.863112  lr=3.93e-06
  [batch 5/20] CE=0.3484  norma=0.863008  lr=3.46e-06
  [batch 6/20] CE=0.3523  norma=0.863140  lr=3.01e-06
  [batch 7/20] CE=0.2852  norma=0.863170  lr=2.60e-06
  [batch 8/20] CE=0.4786  norma=0.863231  lr=2.22e-06
  [batch 9/20] CE=0.5115  norma=0.863289  lr=1.86e-06
  [batch 10/20] CE=0.4529  norma=0.863279  lr=1.54e-06
  [batch 11/20] CE=0.5124  norma=0.863245  lr=1.25e-06
  [batch 12/20] CE=0.3085  norma=0.863266  lr=9.86e-07
  [batch 13/20] CE=0.4575  norma=0.863242  lr=7.55e-07
  [batch 14/20] CE=0.6109  norma=0.863233  lr=5.55e-07
  [batch 15/20] CE=0.3621  norma=0.863243  lr=3.86e-07
  [batch 16/20] CE=0.5643  norma=0.863231  lr=2.47e-07
  [batch 17/20] CE=0.4199  norma=0.863226  lr=1.39e-07
  [batch 18/20] CE=0.5384  norma=0.863219  lr=6.17e-08
  [batch 19/20] CE=0.4583  norma=0.863216  lr=1.54e-08
  [batch 20/20] CE=0.4965  norma=0.863216  lr=0.00e+00
  held-out head CE por entrada: prompt=0.5646  prompt_de=0.7895  prompt_fr=1.0050

Epoch 10: CE train (trayectoria)=0.4376  norma=0.863216
  CE head del checkpoint:  train=0.3995   held-out=0.7863   brecha=+0.3869
  held-out CE  head(primeros 5): con parche=0.7863  sin parche=5.2026  delta=-4.4162
               toda la respuesta      : con parche=0.4301  sin parche=1.5987  delta=-1.1685
  * mejor TRAIN hasta ahora (head CE 0.3995)
----------------------------------------------------------------------

Guardando el parche de la epoch 6 (head CE 0.7693)

======================================================================
CURVA POR EPOCH (CE del head sobre el checkpoint de esa epoch)
 epoch     train   held-out    brecha     norma
-----------------------------------------------
     1    0.7680     1.0062   +0.2382    0.7858
     2    0.7963     0.8793   +0.0830    0.8577
     3    0.7017     0.8559   +0.1541    0.8692
     4    0.6962     0.8214   +0.1252    0.8636
     5    0.7140     0.8389   +0.1248    0.8588
     6    0.6256     0.7693   +0.1436    0.8580  <- mejor held-out
     7    0.5540     0.8041   +0.2501    0.8573
     8    0.5123     0.7980   +0.2858    0.8598
     9    0.4389     0.7694   +0.3305    0.8623
    10    0.3995     0.7863   +0.3869    0.8632  <- mejor train

  mejor por HELD-OUT: epoch 6 (CE 0.7693)  -> algebra/runs/v9/alg_es/lang_patch_best_heldout.pt
  mejor por TRAIN   : epoch 10 (CE 0.3995)  -> algebra/runs/v9/alg_es/lang_patch_best_train.pt
  los dos criterios NO coinciden: compara los dos parches en el eval,
  la CE del head es un proxy y lo que decide es is_french sobre generacion.

======================================================================
Norma final: 0.857987
  posicion 0: 0.857987

Guardado: algebra/runs/v9/alg_es/lang_patch.pt
          algebra/runs/v9/alg_es/lang_metadata.pt
