Gate de calidad sobre train: 77/80 targets limpios
`torch_dtype` is deprecated! Use `dtype` instead!
Loading checkpoint shards:   0%|          | 0/2 [00:00<?, ?it/s]Loading checkpoint shards:  50%|█████     | 1/2 [00:01<00:01,  1.02s/it]Loading checkpoint shards: 100%|██████████| 2/2 [00:01<00:00,  1.65it/s]Loading checkpoint shards: 100%|██████████| 2/2 [00:01<00:00,  1.50it/s]

Train: 77  |  Held-out: 20 (sin filtrar)
L2 weight: 0.045  |  step_size: 0.00025  |  posiciones: 3
Epochs: 5  |  steps/prompt: 75
======================================================================

######################################################################
EPOCH 1/5
######################################################################
  [10/77] CE=0.0458  norma=0.250451
  [20/77] CE=0.1471  norma=0.296369
  [30/77] CE=0.3105  norma=0.343612
  [40/77] CE=0.3463  norma=0.369355
  [50/77] CE=0.4281  norma=0.280879
  [60/77] CE=0.2833  norma=0.488830
  [70/77] CE=0.4063  norma=0.339437

Epoch 1: CE train=0.1889  norma=0.309652
  held-out CE(target FR): con parche=2.1063  sin parche=2.7855  (baja = el parche acerca al frances)
----------------------------------------------------------------------

######################################################################
EPOCH 2/5
######################################################################
  [10/77] CE=0.1068  norma=0.249058
  [20/77] CE=0.1122  norma=0.297769
  [30/77] CE=0.4817  norma=0.373162
  [40/77] CE=0.3405  norma=0.355012
  [50/77] CE=0.5140  norma=0.296094
  [60/77] CE=0.3683  norma=0.518517
  [70/77] CE=0.4311  norma=0.346574

Epoch 2: CE train=0.1848  norma=0.306243
  held-out CE(target FR): con parche=2.3397  sin parche=2.7855  (baja = el parche acerca al frances)
----------------------------------------------------------------------

######################################################################
EPOCH 3/5
######################################################################
  [10/77] CE=0.1473  norma=0.291555
  [20/77] CE=0.0766  norma=0.284028
  [30/77] CE=0.3787  norma=0.320774
  [40/77] CE=0.2622  norma=0.351085
  [50/77] CE=0.5489  norma=0.286963
  [60/77] CE=0.2362  norma=0.537170
  [70/77] CE=0.4102  norma=0.368578

Epoch 3: CE train=0.1849  norma=0.318705
  held-out CE(target FR): con parche=2.2640  sin parche=2.7855  (baja = el parche acerca al frances)
----------------------------------------------------------------------

######################################################################
EPOCH 4/5
######################################################################
  [10/77] CE=0.1527  norma=0.258230
  [20/77] CE=0.0916  norma=0.302414
  [30/77] CE=0.3259  norma=0.330475
  [40/77] CE=0.3594  norma=0.376090
  [50/77] CE=0.3526  norma=0.279525
  [60/77] CE=0.3245  norma=0.512298
  [70/77] CE=0.3542  norma=0.443021

Epoch 4: CE train=0.1775  norma=0.317762
  held-out CE(target FR): con parche=2.2382  sin parche=2.7855  (baja = el parche acerca al frances)
----------------------------------------------------------------------

######################################################################
EPOCH 5/5
######################################################################
  [10/77] CE=0.2022  norma=0.246455
  [20/77] CE=0.1208  norma=0.301320
  [30/77] CE=0.3250  norma=0.322633
  [40/77] CE=0.2822  norma=0.355604
  [50/77] CE=0.4402  norma=0.287079
  [60/77] CE=0.3079  norma=0.493897
  [70/77] CE=0.4545  norma=0.378569

Epoch 5: CE train=0.1800  norma=0.277995
  held-out CE(target FR): con parche=2.2758  sin parche=2.7855  (baja = el parche acerca al frances)
----------------------------------------------------------------------

======================================================================
Norma final: 0.277995
  posicion 0: 0.270473
  posicion 1: 0.023313
  posicion 2: 0.059854

Guardado: runs/french_l2_0.045/lang_patch.pt
          runs/french_l2_0.045/lang_metadata.pt
