
=== fr: attributes/v10/targets_v8_fr.csv (700 filas)
  sin output: 0
[lang_id] GlotLID: /home/matias-avendano/Desktop/evolucion/LLMAtaquesContinuos/modelos/glotlid/model.bin
  categoria                  n   gate  idioma ok  accuracy
  factual_clasica          100   100%       100%      100%
  factual_aperturas        100   100%       100%      100%
  imperativo               100   100%       100%      100%
  imperativo_explicativo   100   100%       100%      100%
  explicativa              100   100%       100%      100%
  corta                    100   100%       100%      100%
  conversacional           100   100%       100%      100%
  veredictos: {'fr': 700}

=== es: attributes/v10/targets_v8_es.csv (700 filas)
  sin output: 0
  categoria                  n   gate  idioma ok  accuracy
  factual_clasica          100   100%       100%      100%
  factual_aperturas        100   100%       100%      100%
  imperativo               100   100%       100%      100%
  imperativo_explicativo   100   100%       100%      100%
  explicativa              100   100%       100%      100%
  corta                    100   100%       100%      100%
  conversacional           100   100%       100%      100%
  veredictos: {'es': 700}

=== de: attributes/v10/targets_v8_de.csv (700 filas)
  sin output: 0
  categoria                  n   gate  idioma ok  accuracy
  factual_clasica          100   100%       100%      100%
  factual_aperturas        100   100%       100%      100%
  imperativo               100   100%       100%      100%
  imperativo_explicativo   100   100%       100%      100%
  explicativa              100   100%       100%      100%
  corta                    100   100%       100%      100%
  conversacional           100   100%       100%      100%
  veredictos: {'de': 700}

=== traducciones (en el CSV fr)
  prompt_es: 700/700 usables, 0 vacias, 0 posibles fugas del few-shot
  prompt_de: 700/700 usables, 0 vacias, 0 posibles fugas del few-shot
  prompt_fr: 700/700 usables, 0 vacias, 0 posibles fugas del few-shot

Revisar a mano: traducciones rechazadas o con fuga, y filas sin gate, antes de entrenar.
