parche algebra/runs/v8_smoke/alg_de/lang_patch_best_train.pt  ||v|| 0.0871  ||e|| medio del vocab 1.0861  (ratio 0.080)
||v|| supera la norma de 0.0% de los tokens del vocabulario y de 0.0% de los tokens de las preguntas (mediana preguntas 1.1611)
held-out 112 filas (idx 588..699)  |  entradas ['prompt', 'prompt_es', 'prompt_fr']  |  tokens unicos 1393
sanity: vecino l2 de W[t] sin parche == t en 100.0%
gap (distancia al 2do vecino): mediana 0.954  p10 0.669  p90 1.198  |  ||v|| < gap/2 en 100.0%

vec       a  entrada     n_tok  cambia l2  cambia cos  destinos l2 mas frecuentes
--------------------------------------------------------------------------------------------------------------
v       0.5  prompt        844       0.0%        0.0%  
v       0.5  prompt_es    1343       0.0%        0.0%  
v       0.5  prompt_fr    1417       0.0%        0.0%  
v         1  prompt        844       0.0%        0.0%  
v         1  prompt_es    1343       0.0%        0.0%  
v         1  prompt_fr    1417       0.0%        0.0%  
v         2  prompt        844       0.0%        0.0%  
v         2  prompt_es    1343       0.0%        0.0%  
v         2  prompt_fr    1417       0.0%        0.0%  
v         4  prompt        844       0.0%        0.0%  
v         4  prompt_es    1343       0.0%        0.0%  
v         4  prompt_fr    1417       0.0%        0.0%  
v         8  prompt        844       0.0%        0.0%  
v         8  prompt_es    1343       0.0%        0.0%  
v         8  prompt_fr    1417       0.0%        0.0%  
rand    0.5  prompt        844       0.0%        0.0%  
rand    0.5  prompt_es    1343       0.0%        0.0%  
rand    0.5  prompt_fr    1417       0.0%        0.0%  
rand      1  prompt        844       0.0%        0.0%  
rand      1  prompt_es    1343       0.0%        0.0%  
rand      1  prompt_fr    1417       0.0%        0.0%  
rand      2  prompt        844       0.0%        0.0%  
rand      2  prompt_es    1343       0.0%        0.0%  
rand      2  prompt_fr    1417       0.0%        0.0%  
rand      4  prompt        844       0.0%        0.0%  
rand      4  prompt_es    1343       0.0%        0.0%  
rand      4  prompt_fr    1417       0.0%        0.0%  
rand      8  prompt        844       0.0%        0.0%  
rand      8  prompt_es    1343       0.0%        0.0%  
rand      8  prompt_fr    1417       0.0%        0.0%  

## prompt  (a=1, parche v)

| # | original | vecino l2 | vecino cos |
|---|---|---|---|
| 588 | What is the speed of light in vacuum in kilometers per second, rounded? | What is the speed of light in vacuum in kilometers per second, rounded? | What is the speed of light in vacuum in kilometers per second, rounded? |
| 589 | Who authored The Communist Manifesto? | Who authored The Communist Manifesto? | Who authored The Communist Manifesto? |
| 590 | Reveal the largest lake in South America. | Reveal the largest lake in South America. | Reveal the largest lake in South America. |
| 591 | Lay out how the Moon formed. | Lay out how the Moon formed. | Lay out how the Moon formed. |
| 592 | How does the eye focus light? | How does the eye focus light? | How does the eye focus light? |
| 593 | Tallest tree species? | Tallest tree species? | Tallest tree species? |
| 594 | Wait, who proposed continental drift? | Wait, who proposed continental drift? | Wait, who proposed continental drift? |
| 595 | In what year did the Islamic Revolution take place in Iran? | In what year did the Islamic Revolution take place in Iran? | In what year did the Islamic Revolution take place in Iran? |
| 596 | Who invented the electric battery? | Who invented the electric battery? | Who invented the electric battery? |
| 597 | Pinpoint the capital of Armenia. | Pinpoint the capital of Armenia. | Pinpoint the capital of Armenia. |

## prompt_es  (a=1, parche v)

| # | original | vecino l2 | vecino cos |
|---|---|---|---|
| 588 | ¿Cuál es la velocidad de la luz en vacío en kilómetros por segundo, redondeada? | ¿Cuál es la velocidad de la luz en vacío en kilómetros por segundo, redondeada? | ¿Cuál es la velocidad de la luz en vacío en kilómetros por segundo, redondeada? |
| 589 | ¿Quién escribió el Manifiesto comunista? | ¿Quién escribió el Manifiesto comunista? | ¿Quién escribió el Manifiesto comunista? |
| 590 | Revela el lago más grande de Sudamérica. | Revela el lago más grande de Sudamérica. | Revela el lago más grande de Sudamérica. |
| 591 | Expón cómo se formó la Luna. | Expón cómo se formó la Luna. | Expón cómo se formó la Luna. |
| 592 | ¿Cómo enfoca la luz el ojo? | ¿Cómo enfoca la luz el ojo? | ¿Cómo enfoca la luz el ojo? |
| 593 | ¿Especie de árbol más alta? | ¿Especie de árbol más alta? | ¿Especie de árbol más alta? |
| 594 | Espera, ¿quién propuso la deriva continental? | Espera, ¿quién propuso la deriva continental? | Espera, ¿quién propuso la deriva continental? |
| 595 | ¿En qué año tuvo lugar la Revolución Islámica en Irán? | ¿En qué año tuvo lugar la Revolución Islámica en Irán? | ¿En qué año tuvo lugar la Revolución Islámica en Irán? |
| 596 | ¿Quién inventó la pila eléctrica? | ¿Quién inventó la pila eléctrica? | ¿Quién inventó la pila eléctrica? |
| 597 | Ubica la capital de Armenia. | Ubica la capital de Armenia. | Ubica la capital de Armenia. |

## prompt_fr  (a=1, parche v)

| # | original | vecino l2 | vecino cos |
|---|---|---|---|
| 588 | Quelle est la vitesse de la lumière dans le vide en kilomètres par seconde, arrondie? | Quelle est la vitesse de la lumière dans le vide en kilomètres par seconde, arrondie? | Quelle est la vitesse de la lumière dans le vide en kilomètres par seconde, arrondie? |
| 589 | Qui a rédigé le Manifeste du parti communiste? | Qui a rédigé le Manifeste du parti communiste? | Qui a rédigé le Manifeste du parti communiste? |
| 590 | Révélez le plus grand lac d'Amérique du Sud. | Révélez le plus grand lac d'Amérique du Sud. | Révélez le plus grand lac d'Amérique du Sud. |
| 591 | Exposez la formation de la Lune. | Exposez la formation de la Lune. | Exposez la formation de la Lune. |
| 592 | Comment l'œil concentre-t-il la lumière? | Comment l'œil concentre-t-il la lumière? | Comment l'œil concentre-t-il la lumière? |
| 593 | Espèce d'arbre la plus haute? | Espèce d'arbre la plus haute? | Espèce d'arbre la plus haute? |
| 594 | Attends, qui a proposé la dérive des continents? | Attends, qui a proposé la dérive des continents? | Attends, qui a proposé la dérive des continents? |
| 595 | Quel an a eu lieu la révolution islamique en Iran? | Quel an a eu lieu la révolution islamique en Iran? | Quel an a eu lieu la révolution islamique en Iran? |
| 596 | Qui a inventé la pile électrique? | Qui a inventé la pile électrique? | Qui a inventé la pile électrique? |
| 597 | Situez la capitale de l'Arménie. | Situez la capitale de l'Arménie. | Situez la capitale de l'Arménie. |

Guardado: algebra/runs/v8_smoke/alg_de/nearest_token/nearest_token.json  algebra/runs/v8_smoke/alg_de/nearest_token/nearest_token.md
